Component: ARM Compiler 5.06 update 6 (build 750) Tool: armlink [4d35ed]

==============================================================================

Section Cross References

    startup_stm32f427xx.o(RESET) refers to startup_stm32f427xx.o(STACK) for __initial_sp
    startup_stm32f427xx.o(RESET) refers to startup_stm32f427xx.o(.text) for Reset_Handler
    startup_stm32f427xx.o(RESET) refers to stm32f4xx_it.o(i.NMI_Handler) for NMI_Handler
    startup_stm32f427xx.o(RESET) refers to stm32f4xx_it.o(i.HardFault_Handler) for HardFault_Handler
    startup_stm32f427xx.o(RESET) refers to stm32f4xx_it.o(i.MemManage_Handler) for MemManage_Handler
    startup_stm32f427xx.o(RESET) refers to stm32f4xx_it.o(i.BusFault_Handler) for BusFault_Handler
    startup_stm32f427xx.o(RESET) refers to stm32f4xx_it.o(i.UsageFault_Handler) for UsageFault_Handler
    startup_stm32f427xx.o(RESET) refers to port.o(.emb_text) for SVC_Handler
    startup_stm32f427xx.o(RESET) refers to stm32f4xx_it.o(i.DebugMon_Handler) for DebugMon_Handler
    startup_stm32f427xx.o(RESET) refers to port.o(i.SysTick_Handler) for SysTick_Handler
    startup_stm32f427xx.o(RESET) refers to stm32f4xx_it.o(i.CAN1_TX_IRQHandler) for CAN1_TX_IRQHandler
    startup_stm32f427xx.o(RESET) refers to stm32f4xx_it.o(i.CAN1_RX0_IRQHandler) for CAN1_RX0_IRQHandler
    startup_stm32f427xx.o(RESET) refers to stm32f4xx_it.o(i.TIM1_UP_TIM10_IRQHandler) for TIM1_UP_TIM10_IRQHandler
    startup_stm32f427xx.o(RESET) refers to stm32f4xx_it.o(i.USART1_IRQHandler) for USART1_IRQHandler
    startup_stm32f427xx.o(RESET) refers to stm32f4xx_it.o(i.DMA2_Stream1_IRQHandler) for DMA2_Stream1_IRQHandler
    startup_stm32f427xx.o(RESET) refers to stm32f4xx_it.o(i.DMA2_Stream2_IRQHandler) for DMA2_Stream2_IRQHandler
    startup_stm32f427xx.o(RESET) refers to stm32f4xx_it.o(i.CAN2_TX_IRQHandler) for CAN2_TX_IRQHandler
    startup_stm32f427xx.o(RESET) refers to stm32f4xx_it.o(i.CAN2_RX0_IRQHandler) for CAN2_RX0_IRQHandler
    startup_stm32f427xx.o(RESET) refers to stm32f4xx_it.o(i.DMA2_Stream6_IRQHandler) for DMA2_Stream6_IRQHandler
    startup_stm32f427xx.o(RESET) refers to stm32f4xx_it.o(i.DMA2_Stream7_IRQHandler) for DMA2_Stream7_IRQHandler
    startup_stm32f427xx.o(RESET) refers to stm32f4xx_it.o(i.USART6_IRQHandler) for USART6_IRQHandler
    startup_stm32f427xx.o(.text) refers to system_stm32f4xx.o(i.SystemInit) for SystemInit
    startup_stm32f427xx.o(.text) refers to entry.o(.ARM.Collect$$$$00000000) for __main
    main.o(i.HAL_TIM_PeriodElapsedCallback) refers to stm32f4xx_hal.o(i.HAL_IncTick) for HAL_IncTick
    main.o(i.SystemClock_Config) refers to memseta.o(.text) for __aeabi_memclr4
    main.o(i.SystemClock_Config) refers to stm32f4xx_hal_rcc.o(i.HAL_RCC_OscConfig) for HAL_RCC_OscConfig
    main.o(i.SystemClock_Config) refers to stm32f4xx_hal_pwr_ex.o(i.HAL_PWREx_EnableOverDrive) for HAL_PWREx_EnableOverDrive
    main.o(i.SystemClock_Config) refers to stm32f4xx_hal_rcc.o(i.HAL_RCC_ClockConfig) for HAL_RCC_ClockConfig
    main.o(i.main) refers to stm32f4xx_hal.o(i.HAL_Init) for HAL_Init
    main.o(i.main) refers to main.o(i.SystemClock_Config) for SystemClock_Config
    main.o(i.main) refers to gpio.o(i.MX_GPIO_Init) for MX_GPIO_Init
    main.o(i.main) refers to can.o(i.MX_CAN1_Init) for MX_CAN1_Init
    main.o(i.main) refers to can.o(i.MX_CAN2_Init) for MX_CAN2_Init
    main.o(i.main) refers to usart.o(i.MX_USART1_UART_Init) for MX_USART1_UART_Init
    main.o(i.main) refers to usart.o(i.MX_USART6_UART_Init) for MX_USART6_UART_Init
    main.o(i.main) refers to tim.o(i.MX_TIM2_Init) for MX_TIM2_Init
    main.o(i.main) refers to dma.o(i.MX_DMA_Init) for MX_DMA_Init
    main.o(i.main) refers to tim.o(i.MX_TIM8_Init) for MX_TIM8_Init
    main.o(i.main) refers to bsp_init.o(i.init_all) for init_all
    main.o(i.main) refers to freertos.o(i.MX_FREERTOS_Init) for MX_FREERTOS_Init
    main.o(i.main) refers to cmsis_os.o(i.osKernelStart) for osKernelStart
    gpio.o(i.MX_GPIO_Init) refers to memseta.o(.text) for __aeabi_memclr4
    gpio.o(i.MX_GPIO_Init) refers to stm32f4xx_hal_gpio.o(i.HAL_GPIO_WritePin) for HAL_GPIO_WritePin
    gpio.o(i.MX_GPIO_Init) refers to stm32f4xx_hal_gpio.o(i.HAL_GPIO_Init) for HAL_GPIO_Init
    can.o(i.HAL_CAN_MspDeInit) refers to stm32f4xx_hal_gpio.o(i.HAL_GPIO_DeInit) for HAL_GPIO_DeInit
    can.o(i.HAL_CAN_MspDeInit) refers to stm32f4xx_hal_cortex.o(i.HAL_NVIC_DisableIRQ) for HAL_NVIC_DisableIRQ
    can.o(i.HAL_CAN_MspDeInit) refers to can.o(.data) for .data
    can.o(i.HAL_CAN_MspInit) refers to memseta.o(.text) for __aeabi_memclr4
    can.o(i.HAL_CAN_MspInit) refers to stm32f4xx_hal_gpio.o(i.HAL_GPIO_Init) for HAL_GPIO_Init
    can.o(i.HAL_CAN_MspInit) refers to stm32f4xx_hal_cortex.o(i.HAL_NVIC_SetPriority) for HAL_NVIC_SetPriority
    can.o(i.HAL_CAN_MspInit) refers to stm32f4xx_hal_cortex.o(i.HAL_NVIC_EnableIRQ) for HAL_NVIC_EnableIRQ
    can.o(i.HAL_CAN_MspInit) refers to can.o(.data) for .data
[...]
    i.BusFault_Handler                       0x0800068c   Section        0  stm32f4xx_it.o(i.BusFault_Handler)
    i.CAN1_RX0_IRQHandler                    0x08000690   Section        0  stm32f4xx_it.o(i.CAN1_RX0_IRQHandler)
    i.CAN1_TX_IRQHandler                     0x0800069c   Section        0  stm32f4xx_it.o(i.CAN1_TX_IRQHandler)
    i.CAN2_RX0_IRQHandler                    0x080006a8   Section        0  stm32f4xx_it.o(i.CAN2_RX0_IRQHandler)
    i.CAN2_TX_IRQHandler                     0x080006b4   Section        0  stm32f4xx_it.o(i.CAN2_TX_IRQHandler)
    i.DMA2_Stream1_IRQHandler                0x080006c0   Section        0  stm32f4xx_it.o(i.DMA2_Stream1_IRQHandler)
    i.DMA2_Stream2_IRQHandler                0x080006cc   Section        0  stm32f4xx_it.o(i.DMA2_Stream2_IRQHandler)
    i.DMA2_Stream6_IRQHandler                0x080006d8   Section        0  stm32f4xx_it.o(i.DMA2_Stream6_IRQHandler)
    i.DMA2_Stream7_IRQHandler                0x080006e4   Section        0  stm32f4xx_it.o(i.DMA2_Stream7_IRQHandler)
    i.DMA_CalcBaseAndBitshift                0x080006f0   Section        0  stm32f4xx_hal_dma.o(i.DMA_CalcBaseAndBitshift)
    DMA_CalcBaseAndBitshift                  0x080006f1   Thumb Code    34  stm32f4xx_hal_dma.o(i.DMA_CalcBaseAndBitshift)
    i.DMA_CheckFifoParam                     0x08000718   Section        0  stm32f4xx_hal_dma.o(i.DMA_CheckFifoParam)
    DMA_CheckFifoParam                       0x08000719   Thumb Code    84  stm32f4xx_hal_dma.o(i.DMA_CheckFifoParam)
    i.DebugMon_Handler                       0x0800076c   Section        0  stm32f4xx_it.o(i.DebugMon_Handler)
    i.Error_Handler                          0x0800076e   Section        0  main.o(i.Error_Handler)
    i.HAL_CAN_ActivateNotification           0x08000770   Section        0  stm32f4xx_hal_can.o(i.HAL_CAN_ActivateNotification)
    i.HAL_CAN_AddTxMessage                   0x08000794   Section        0  stm32f4xx_hal_can.o(i.HAL_CAN_AddTxMessage)
    i.HAL_CAN_ConfigFilter                   0x0800085c   Section        0  stm32f4xx_hal_can.o(i.HAL_CAN_ConfigFilter)
    i.HAL_CAN_ErrorCallback                  0x08000968   Section        0  stm32f4xx_hal_can.o(i.HAL_CAN_ErrorCallback)
    i.HAL_CAN_GetRxMessage                   0x0800096a   Section        0  stm32f4xx_hal_can.o(i.HAL_CAN_GetRxMessage)
    i.HAL_CAN_IRQHandler                     0x08000a52   Section        0  stm32f4xx_hal_can.o(i.HAL_CAN_IRQHandler)
    i.HAL_CAN_Init                           0x08000c4e   Section        0  stm32f4xx_hal_can.o(i.HAL_CAN_Init)
    i.HAL_CAN_MspInit                        0x08000d68   Section        0  can.o(i.HAL_CAN_MspInit)
    i.HAL_CAN_RxFifo0FullCallback            0x08000e84   Section        0  stm32f4xx_hal_can.o(i.HAL_CAN_RxFifo0FullCallback)
    i.HAL_CAN_RxFifo0MsgPendingCallback      0x08000e88   Section        0  bsp_can.o(i.HAL_CAN_RxFifo0MsgPendingCallback)
    i.HAL_CAN_RxFifo1FullCallback            0x08000edc   Section        0  stm32f4xx_hal_can.o(i.HAL_CAN_RxFifo1FullCallback)
    i.HAL_CAN_RxFifo1MsgPendingCallback      0x08000ede   Section        0  stm32f4xx_hal_can.o(i.HAL_CAN_RxFifo1MsgPendingCallback)
    i.HAL_CAN_SleepCallback                  0x08000ee0   Section        0  stm32f4xx_hal_can.o(i.HAL_CAN_SleepCallback)
    i.HAL_CAN_Start                          0x08000ee4   Section        0  stm32f4xx_hal_can.o(i.HAL_CAN_Start)
    i.HAL_CAN_TxMailbox0AbortCallback        0x08000f3c   Section        0  stm32f4xx_hal_can.o(i.HAL_CAN_TxMailbox0AbortCallback)
    i.HAL_CAN_TxMailbox0CompleteCallback     0x08000f3e   Section        0  stm32f4xx_hal_can.o(i.HAL_CAN_TxMailbox0CompleteCallback)
    i.HAL_CAN_TxMailbox1AbortCallback        0x08000f40   Section        0  stm32f4xx_hal_can.o(i.HAL_CAN_TxMailbox1AbortCallback)
    i.HAL_CAN_TxMailbox1CompleteCallback     0x08000f42   Section        0  stm32f4xx_hal_can.o(i.HAL_CAN_TxMailbox1CompleteCallback)
    i.HAL_CAN_TxMailbox2AbortCallback        0x08000f44   Section        0  stm32f4xx_hal_can.o(i.HAL_CAN_TxMailbox2AbortCallback)
    i.HAL_CAN_TxMailbox2CompleteCallback     0x08000f46   Section        0  stm32f4xx_hal_can.o(i.HAL_CAN_TxMailbox2CompleteCallback)
    i.HAL_CAN_WakeUpFromRxMsgCallback        0x08000f48   Section        0  stm32f4xx_hal_can.o(i.HAL_CAN_WakeUpFromRxMsgCallback)
    i.HAL_DMA_Abort_IT                       0x08000f4a   Section        0  stm32f4xx_hal_dma.o(i.HAL_DMA_Abort_IT)
    i.HAL_DMA_IRQHandler                     0x08000f70   Section        0  stm32f4xx_hal_dma.o(i.HAL_DMA_IRQHandler)
    i.HAL_DMA_Init                           0x08001110   Section        0  stm32f4xx_hal_dma.o(i.HAL_DMA_Init)
    i.HAL_GPIO_Init                          0x080011e4   Section        0  stm32f4xx_hal_gpio.o(i.HAL_GPIO_Init)
    i.HAL_GPIO_ReadPin                       0x080013b8   Section        0  stm32f4xx_hal_gpio.o(i.HAL_GPIO_ReadPin)
    i.HAL_GPIO_WritePin                      0x080013c2   Section        0  stm32f4xx_hal_gpio.o(i.HAL_GPIO_WritePin)
    i.HAL_GetTick                            0x080013cc   Section        0  stm32f4xx_hal.o(i.HAL_GetTick)
    i.HAL_IncTick                            0x080013d8   Section        0  stm32f4xx_hal.o(i.HAL_IncTick)
    i.HAL_Init                               0x080013e8   Section        0  stm32f4xx_hal.o(i.HAL_Init)
    i.HAL_InitTick                           0x0800141c   Section        0  stm32f4xx_hal_timebase_tim.o(i.HAL_InitTick)
    i.HAL_MspInit                            0x08001490   Section        0  stm32f4xx_hal_msp.o(i.HAL_MspInit)
    i.HAL_NVIC_EnableIRQ                     0x080014c8   Section        0  stm32f4xx_hal_cortex.o(i.HAL_NVIC_EnableIRQ)
    i.HAL_NVIC_SetPriority                   0x080014e4   Section        0  stm32f4xx_hal_cortex.o(i.HAL_NVIC_SetPriority)
    i.HAL_NVIC_SetPriorityGrouping           0x08001524   Section        0  stm32f4xx_hal_cortex.o(i.HAL_NVIC_SetPriorityGrouping)
    i.HAL_PWREx_EnableOverDrive              0x08001548   Section        0  stm32f4xx_hal_pwr_ex.o(i.HAL_PWREx_EnableOverDrive)
    i.HAL_RCC_ClockConfig                    0x080015b8   Section        0  stm32f4xx_hal_rcc.o(i.HAL_RCC_ClockConfig)
    i.HAL_RCC_GetClockConfig                 0x080016ec   Section        0  stm32f4xx_hal_rcc.o(i.HAL_RCC_GetClockConfig)
    i.HAL_RCC_GetPCLK1Freq                   0x0800172c   Section        0  stm32f4xx_hal_rcc.o(i.HAL_RCC_GetPCLK1Freq)
    i.HAL_RCC_GetPCLK2Freq                   0x0800174c   Section        0  stm32f4xx_hal_rcc.o(i.HAL_RCC_GetPCLK2Freq)
    i.HAL_RCC_GetSysClockFreq                0x0800176c   Section        0  stm32f4xx_hal_rcc.o(i.HAL_RCC_GetSysClockFreq)
    i.HAL_RCC_OscConfig                      0x080017d0   Section        0  stm32f4xx_hal_rcc.o(i.HAL_RCC_OscConfig)
    i.HAL_TIMEx_BreakCallback                0x08001b2c   Section        0  stm32f4xx_hal_tim_ex.o(i.HAL_TIMEx_BreakCallback)
    i.HAL_TIMEx_CommutCallback               0x08001b2e   Section        0  stm32f4xx_hal_tim_ex.o(i.HAL_TIMEx_CommutCallback)
    i.HAL_TIMEx_ConfigBreakDeadTime          0x08001b30   Section        0  stm32f4xx_hal_tim_ex.o(i.HAL_TIMEx_ConfigBreakDeadTime)
    i.HAL_TIMEx_MasterConfigSynchronization  0x08001b84   Section        0  stm32f4xx_hal_tim_ex.o(i.HAL_TIMEx_MasterConfigSynchronization)
    i.HAL_TIM_Base_Init                      0x08001c14   Section        0  stm32f4xx_hal_tim.o(i.HAL_TIM_Base_Init)
    i.HAL_TIM_Base_MspInit                   0x08001c4c   Section        0  tim.o(i.HAL_TIM_Base_MspInit)
    i.HAL_TIM_Base_Start_IT                  0x08001c8c   Section        0  stm32f4xx_hal_tim.o(i.HAL_TIM_Base_Start_IT)
    i.HAL_TIM_ConfigClockSource              0x08001cae   Section        0  stm32f4xx_hal_tim.o(i.HAL_TIM_ConfigClockSource)
    i.HAL_TIM_IC_CaptureCallback             0x08001d84   Section        0  stm32f4xx_hal_tim.o(i.HAL_TIM_IC_CaptureCallback)
    i.HAL_TIM_IRQHandler                     0x08001d86   Section        0  stm32f4xx_hal_tim.o(i.HAL_TIM_IRQHandler)
    i.HAL_TIM_MspPostInit                    0x08001eec   Section        0  tim.o(i.HAL_TIM_MspPostInit)
    i.HAL_TIM_OC_DelayElapsedCallback        0x08001f6c   Section        0  stm32f4xx_hal_tim.o(i.HAL_TIM_OC_DelayElapsedCallback)
    i.HAL_TIM_PWM_ConfigChannel              0x08001f6e   Section        0  stm32f4xx_hal_tim.o(i.HAL_TIM_PWM_ConfigChannel)
    i.HAL_TIM_PWM_Init                       0x0800203e   Section        0  stm32f4xx_hal_tim.o(i.HAL_TIM_PWM_Init)
    i.HAL_TIM_PWM_MspInit                    0x08002074   Section        0  stm32f4xx_hal_tim.o(i.HAL_TIM_PWM_MspInit)
    i.HAL_TIM_PWM_PulseFinishedCallback      0x08002076   Section        0  stm32f4xx_hal_tim.o(i.HAL_TIM_PWM_PulseFinishedCallback)
    i.HAL_TIM_PWM_Start                      0x08002078   Section        0  stm32f4xx_hal_tim.o(i.HAL_TIM_PWM_Start)
    i.HAL_TIM_PeriodElapsedCallback          0x080020bc   Section        0  main.o(i.HAL_TIM_PeriodElapsedCallback)
    i.HAL_TIM_TriggerCallback                0x080020d0   Section        0  stm32f4xx_hal_tim.o(i.HAL_TIM_TriggerCallback)
    i.HAL_UART_ErrorCallback                 0x080020d2   Section        0  stm32f4xx_hal_uart.o(i.HAL_UART_ErrorCallback)
    i.HAL_UART_IRQHandler                    0x080020d4   Section        0  stm32f4xx_hal_uart.o(i.HAL_UART_IRQHandler)
    i.HAL_UART_Init                          0x080021e8   Section        0  stm32f4xx_hal_uart.o(i.HAL_UART_Init)
    i.HAL_UART_MspInit                       0x0800224c   Section        0  usart.o(i.HAL_UART_MspInit)
    i.HAL_UART_Receive_IT                    0x08002410   Section        0  stm32f4xx_hal_uart.o(i.HAL_UART_Receive_IT)
    i.HAL_UART_RxCpltCallback                0x08002462   Section        0  stm32f4xx_hal_uart.o(i.HAL_UART_RxCpltCallback)
    i.HAL_UART_Transmit                      0x08002464   Section        0  stm32f4xx_hal_uart.o(i.HAL_UART_Transmit)
    i.HAL_UART_TxCpltCallback                0x0800251e   Section        0  stm32f4xx_hal_uart.o(i.HAL_UART_TxCpltCallback)
    i.HardFault_Handler                      0x08002520   Section        0  stm32f4xx_it.o(i.HardFault_Handler)
    i.MX_CAN1_Init                           0x08002524   Section        0  can.o(i.MX_CAN1_Init)
    i.MX_CAN2_Init                           0x08002568   Section        0  can.o(i.MX_CAN2_Init)
    i.MX_DMA_Init                            0x080025ac   Section        0  dma.o(i.MX_DMA_Init)
    i.MX_FREERTOS_Init                       0x08002608   Section        0  freertos.o(i.MX_FREERTOS_Init)
    i.MX_GPIO_Init                           0x08002688   Section        0  gpio.o(i.MX_GPIO_Init)
    i.MX_TIM2_Init                           0x08002790   Section        0  tim.o(i.MX_TIM2_Init)
    i.MX_TIM8_Init                           0x08002840   Section        0  tim.o(i.MX_TIM8_Init)
    i.MX_USART1_UART_Init                    0x08002918   Section        0  usart.o(i.MX_USART1_UART_Init)
    i.MX_USART6_UART_Init                    0x08002950   Section        0  usart.o(i.MX_USART6_UART_Init)
    i.MemManage_Handler                      0x08002988   Section        0  stm32f4xx_it.o(i.MemManage_Handler)
    i.NMI_Handler                            0x0800298a   Section        0  stm32f4xx_it.o(i.NMI_Handler)
    i.PID_struct_init                        0x0800298c   Section        0  pid.o(i.PID_struct_init)
    i.StartDefaultTask                       0x0800299c   Section        0  freertos.o(i.StartDefaultTask)
    i.SysTick_Handler                        0x080029d0   Section        0  port.o(i.SysTick_Handler)
    i.SystemClock_Config                     0x080029fc   Section        0  main.o(i.SystemClock_Config)
    i.SystemInit                             0x08002a84   Section        0  system_stm32f4xx.o(i.SystemInit)
    i.TIM1_UP_TIM10_IRQHandler               0x08002aa0   Section        0  stm32f4xx_it.o(i.TIM1_UP_TIM10_IRQHandler)
    i.TIM_Base_SetConfig                     0x08002aac   Section        0  stm32f4xx_hal_tim.o(i.TIM_Base_SetConfig)
    i.TIM_CCxChannelCmd                      0x08002b74   Section        0  stm32f4xx_hal_tim.o(i.TIM_CCxChannelCmd)
    i.TIM_ETR_SetConfig                      0x08002b8e   Section        0  stm32f4xx_hal_tim.o(i.TIM_ETR_SetConfig)
    i.TIM_ITRx_SetConfig                     0x08002ba2   Section        0  stm32f4xx_hal_tim.o(i.TIM_ITRx_SetConfig)
    TIM_ITRx_SetConfig                       0x08002ba3   Thumb Code    16  stm32f4xx_hal_tim.o(i.TIM_ITRx_SetConfig)
    i.TIM_OC1_SetConfig                      0x08002bb4   Section        0  stm32f4xx_hal_tim.o(i.TIM_OC1_SetConfig)
    TIM_OC1_SetConfig                        0x08002bb5   Thumb Code    88  stm32f4xx_hal_tim.o(i.TIM_OC1_SetConfig)
    i.TIM_OC2_SetConfig                      0x08002c14   Section        0  stm32f4xx_hal_tim.o(i.TIM_OC2_SetConfig)
    i.TIM_OC3_SetConfig                      0x08002c80   Section        0  stm32f4xx_hal_tim.o(i.TIM_OC3_SetConfig)
    TIM_OC3_SetConfig                        0x08002c81   Thumb Code    96  stm32f4xx_hal_tim.o(i.TIM_OC3_SetConfig)
    i.TIM_OC4_SetConfig                      0x08002ce8   Section        0  stm32f4xx_hal_tim.o(i.TIM_OC4_SetConfig)
    TIM_OC4_SetConfig                        0x08002ce9   Thumb Code    70  stm32f4xx_hal_tim.o(i.TIM_OC4_SetConfig)
    i.TIM_TI1_ConfigInputStage               0x08002d38   Section        0  stm32f4xx_hal_tim.o(i.TIM_TI1_ConfigInputStage)
    TIM_TI1_ConfigInputStage                 0x08002d39   Thumb Code    34  stm32f4xx_hal_tim.o(i.TIM_TI1_ConfigInputStage)
    i.TIM_TI2_ConfigInputStage               0x08002d5a   Section        0  stm32f4xx_hal_tim.o(i.TIM_TI2_ConfigInputStage)
    TIM_TI2_ConfigInputStage                 0x08002d5b   Thumb Code    36  stm32f4xx_hal_tim.o(i.TIM_TI2_ConfigInputStage)
    i.UART_DMAAbortOnError                   0x08002d7e   Section        0  stm32f4xx_hal_uart.o(i.UART_DMAAbortOnError)
    UART_DMAAbortOnError                     0x08002d7f   Thumb Code    16  stm32f4xx_hal_uart.o(i.UART_DMAAbortOnError)
    i.UART_EndRxTransfer                     0x08002d8e   Section        0  stm32f4xx_hal_uart.o(i.UART_EndRxTransfer)
    UART_EndRxTransfer                       0x08002d8f   Thumb Code    28  stm32f4xx_hal_uart.o(i.UART_EndRxTransfer)
    i.UART_Receive_IT                        0x08002daa   Section        0  stm32f4xx_hal_uart.o(i.UART_Receive_IT)
    UART_Receive_IT                          0x08002dab   Thumb Code   150  stm32f4xx_hal_uart.o(i.UART_Receive_IT)
    i.UART_SetConfig                         0x08002e40   Section        0  stm32f4xx_hal_uart.o(i.UART_SetConfig)
    UART_SetConfig                           0x08002e41   Thumb Code   286  stm32f4xx_hal_uart.o(i.UART_SetConfig)
    i.UART_Transmit_IT                       0x08002f68   Section        0  stm32f4xx_hal_uart.o(i.UART_Transmit_IT)
    UART_Transmit_IT                         0x08002f69   Thumb Code    98  stm32f4xx_hal_uart.o(i.UART_Transmit_IT)
    i.UART_WaitOnFlagUntilTimeout            0x08002fca   Section        0  stm32f4xx_hal_uart.o(i.UART_WaitOnFlagUntilTimeout)
    UART_WaitOnFlagUntilTimeout              0x08002fcb   Thumb Code   100  stm32f4xx_hal_uart.o(i.UART_WaitOnFlagUntilTimeout)
    i.USART1_IRQHandler                      0x08003030   Section        0  stm32f4xx_it.o(i.USART1_IRQHandler)
    i.USART6_IRQHandler                      0x0800303c   Section        0  stm32f4xx_it.o(i.USART6_IRQHandler)
    i.UsageFault_Handler                     0x08003048   Section        0  stm32f4xx_it.o(i.UsageFault_Handler)
    i.__NVIC_SetPriority                     0x0800304a   Section        0  stm32f4xx_hal_cortex.o(i.__NVIC_SetPriority)
    __NVIC_SetPriority                       0x0800304b   Thumb Code    32  stm32f4xx_hal_cortex.o(i.__NVIC_SetPriority)
    i.__scatterload_copy                     0x0800306a   Section       14  handlers.o(i.__scatterload_copy)
    i.__scatterload_null                     0x08003078   Section        2  handlers.o(i.__scatterload_null)
    i.__scatterload_zeroinit                 0x0800307a   Section       14  handlers.o(i.__scatterload_zeroinit)
    i.abs_limit                              0x08003088   Section        0  pid.o(i.abs_limit)
    i.deal_masge_get                         0x080030b4   Section        0  bsp_masge.o(i.deal_masge_get)
    i.deal_masge_put                         0x080030f0   Section        0  bsp_masge.o(i.deal_masge_put)
    i.get_moto_measure                       0x0800315c   Section        0  bsp_can.o(i.get_moto_measure)
    i.get_moto_offset                        0x0800319e   Section        0  bsp_can.o(i.get_moto_offset)
    i.giveBullteTaskFunction                 0x080031a4   Section        0  mytask.o(i.giveBullteTaskFunction)
    i.holderTaskFunction                     0x08003220   Section        0  mytask.o(i.holderTaskFunction)
    i.init_all                               0x08003224   Section        0  bsp_init.o(i.init_all)
    i.jugement                               0x0800331c   Section        0  mytask.o(i.jugement)
    i.main                                   0x08003348   Section        0  main.o(i.main)
    i.makeFreeRtosPriority                   0x0800337e   Section        0  cmsis_os.o(i.makeFreeRtosPriority)
    makeFreeRtosPriority                     0x0800337f   Thumb Code    12  cmsis_os.o(i.makeFreeRtosPriority)
    i.osDelay                                0x0800338a   Section        0  cmsis_os.o(i.osDelay)
    i.osKernelStart                          0x08003398   Section        0  cmsis_os.o(i.osKernelStart)
    i.osThreadCreate                         0x080033a2   Section        0  cmsis_os.o(i.osThreadCreate)
    i.pid_calc                               0x080033f8   Section        0  pid.o(i.pid_calc)
    i.pid_param_init                         0x080035bc   Section        0  pid.o(i.pid_param_init)
    pid_param_init                           0x080035bd   Thumb Code    14  pid.o(i.pid_param_init)
    i.prvAddCurrentTaskToDelayedList         0x080035cc   Section        0  tasks.o(i.prvAddCurrentTaskToDelayedList)
    prvAddCurrentTaskToDelayedList           0x080035cd   Thumb Code   102  tasks.o(i.prvAddCurrentTaskToDelayedList)
    i.prvAddNewTaskToReadyList               0x0800363c   Section        0  tasks.o(i.prvAddNewTaskToReadyList)
    prvAddNewTaskToReadyList                 0x0800363d   Thumb Code   194  tasks.o(i.prvAddNewTaskToReadyList)
    i.prvDeleteTCB                           0x0800370c   Section        0  tasks.o(i.prvDeleteTCB)
    prvDeleteTCB                             0x0800370d   Thumb Code    52  tasks.o(i.prvDeleteTCB)
    i.prvHeapInit                            0x08003740   Section        0  heap_4.o(i.prvHeapInit)
    prvHeapInit                              0x08003741   Thumb Code    66  heap_4.o(i.prvHeapInit)
    i.prvIdleTask                            0x0800378c   Section        0  tasks.o(i.prvIdleTask)
    prvIdleTask                              0x0800378d   Thumb Code    82  tasks.o(i.prvIdleTask)
    i.prvInitialiseNewTask                   0x080037ec   Section        0  tasks.o(i.prvInitialiseNewTask)
    prvInitialiseNewTask                     0x080037ed   Thumb Code   142  tasks.o(i.prvInitialiseNewTask)
    i.prvInsertBlockIntoFreeList             0x0800387c   Section        0  heap_4.o(i.prvInsertBlockIntoFreeList)
    prvInsertBlockIntoFreeList               0x0800387d   Thumb Code    72  heap_4.o(i.prvInsertBlockIntoFreeList)
    i.prvResetNextTaskUnblockTime            0x080038c8   Section        0  tasks.o(i.prvResetNextTaskUnblockTime)
    prvResetNextTaskUnblockTime              0x080038c9   Thumb Code    26  tasks.o(i.prvResetNextTaskUnblockTime)
    i.prvTaskExitError                       0x080038e8   Section        0  port.o(i.prvTaskExitError)
    prvTaskExitError                         0x080038e9   Thumb Code    36  port.o(i.prvTaskExitError)
    i.pvPortMalloc                           0x08003910   Section        0  heap_4.o(i.pvPortMalloc)
    i.pxPortInitialiseStack                  0x080039e8   Section        0  port.o(i.pxPortInitialiseStack)
    i.rescueTaskeFunction                    0x08003a14   Section        0  mytask.o(i.rescueTaskeFunction)
    i.setMotoSpeed                           0x08003acc   Section        0  bsp_can.o(i.setMotoSpeed)
    i.speed_ramp_calc                        0x08003b16   Section        0  bsp_ramp.o(i.speed_ramp_calc)
    i.speed_ramp_completed                   0x08003b38   Section        0  bsp_ramp.o(i.speed_ramp_completed)
    i.speed_ramp_init                        0x08003b46   Section        0  bsp_ramp.o(i.speed_ramp_init)
    i.take                                   0x08003b64   Section        0  mytask.o(i.take)
    i.takeBullteTaskFunction                 0x08003eb4   Section        0  mytask.o(i.takeBullteTaskFunction)
    i.userCanInit                            0x080041f4   Section        0  bsp_can.o(i.userCanInit)
    i.uxListRemove                           0x08004250   Section        0  list.o(i.uxListRemove)
    i.vApplicationGetIdleTaskMemory          0x08004278   Section        0  freertos.o(i.vApplicationGetIdleTaskMemory)
    i.vListInitialise                        0x0800428c   Section        0  list.o(i.vListInitialise)
    i.vListInitialiseItem                    0x080042a2   Section        0  list.o(i.vListInitialiseItem)
    i.vListInsert                            0x080042a8   Section        0  list.o(i.vListInsert)
    i.vListInsertEnd                         0x080042d8   Section        0  list.o(i.vListInsertEnd)
    i.vPortEnterCritical                     0x080042f0   Section        0  port.o(i.vPortEnterCritical)
    i.vPortExitCritical                      0x08004330   Section        0  port.o(i.vPortExitCritical)
    i.vPortFree                              0x08004358   Section        0  heap_4.o(i.vPortFree)
    i.vPortSetupTimerInterrupt               0x080043b4   Section        0  port.o(i.vPortSetupTimerInterrupt)
    i.vTaskDelay                             0x080043d8   Section        0  tasks.o(i.vTaskDelay)
    i.vTaskStartScheduler                    0x08004424   Section        0  tasks.o(i.vTaskStartScheduler)
    i.vTaskSuspendAll                        0x08004490   Section        0  tasks.o(i.vTaskSuspendAll)
    i.vTaskSwitchContext                     0x080044a0   Section        0  tasks.o(i.vTaskSwitchContext)
    i.xPortStartScheduler                    0x080044fc   Section        0  port.o(i.xPortStartScheduler)
    i.xTaskCreate                            0x080045f0   Section        0  tasks.o(i.xTaskCreate)
    i.xTaskCreateStatic                      0x0800464a   Section        0  tasks.o(i.xTaskCreateStatic)
    i.xTaskIncrementTick                     0x080046a0   Section        0  tasks.o(i.xTaskIncrementTick)
    i.xTaskResumeAll                         0x08004768   Section        0  tasks.o(i.xTaskResumeAll)
    .constdata                               0x0800482c   Section      140  freertos.o(.constdata)
    .constdata                               0x080048b8   Section        8  stm32f4xx_hal_dma.o(.constdata)
    flagBitshiftOffset                       0x080048b8   Data           8  stm32f4xx_hal_dma.o(.constdata)
    .constdata                               0x080048c0   Section       16  system_stm32f4xx.o(.constdata)
    .constdata                               0x080048d0   Section        8  system_stm32f4xx.o(.constdata)
    .conststring                             0x080048d8   Section       68  freertos.o(.conststring)
    .data                                    0x20000000   Section        4  can.o(.data)
    HAL_RCC_CAN1_CLK_ENABLED                 0x20000000   Data           4  can.o(.data)
    .data                                    0x20000004   Section       20  freertos.o(.data)
    .data                                    0x20000018   Section       12  stm32f4xx_hal.o(.data)
    .data                                    0x20000024   Section        4  system_stm32f4xx.o(.data)
    .data                                    0x20000028   Section       60  tasks.o(.data)
    pxDelayedTaskList                        0x2000002c   Data           4  tasks.o(.data)
    pxOverflowDelayedTaskList                0x20000030   Data           4  tasks.o(.data)
    uxDeletedTasksWaitingCleanUp             0x20000034   Data           4  tasks.o(.data)
    uxCurrentNumberOfTasks                   0x20000038   Data           4  tasks.o(.data)
    xTickCount                               0x2000003c   Data           4  tasks.o(.data)
    uxTopReadyPriority                       0x20000040   Data           4  tasks.o(.data)
    xSchedulerRunning                        0x20000044   Data           4  tasks.o(.data)
    uxPendedTicks                            0x20000048   Data           4  tasks.o(.data)
    xYieldPending                            0x2000004c   Data           4  tasks.o(.data)
    xNumOfOverflows                          0x20000050   Data           4  tasks.o(.data)
    uxTaskNumber                             0x20000054   Data           4  tasks.o(.data)
    xNextTaskUnblockTime                     0x20000058   Data           4  tasks.o(.data)
    xIdleTaskHandle                          0x2000005c   Data           4  tasks.o(.data)
    uxSchedulerSuspended                     0x20000060   Data           4  tasks.o(.data)
    .data                                    0x20000064   Section       24  heap_4.o(.data)
    pxEnd                                    0x20000064   Data           4  heap_4.o(.data)
    xFreeBytesRemaining                      0x20000068   Data           4  heap_4.o(.data)
    xMinimumEverFreeBytesRemaining           0x2000006c   Data           4  heap_4.o(.data)
    xBlockAllocatedBit                       0x20000070   Data           4  heap_4.o(.data)
    xStart                                   0x20000074   Data           8  heap_4.o(.data)
    .data                                    0x2000007c   Section       12  port.o(.data)
    ucMaxSysCallPriority                     0x2000007c   Data           1  port.o(.data)
    uxCriticalNesting                        0x20000080   Data           4  port.o(.data)
    ulMaxPRIGROUPValue                       0x20000084   Data           4  port.o(.data)
    .data                                    0x20000088   Section       32  mytask.o(.data)
    direction                                0x2000008c   Data           4  mytask.o(.data)
    .bss                                     0x200000a8   Section       80  can.o(.bss)
    .bss                                     0x200000f8   Section      596  freertos.o(.bss)
    xIdleTaskTCBBuffer                       0x200000f8   Data          84  freertos.o(.bss)
    xIdleStack                               0x2000014c   Data         512  freertos.o(.bss)
    .bss                                     0x2000034c   Section       64  stm32f4xx_hal_timebase_tim.o(.bss)
    .bss                                     0x2000038c   Section      128  tim.o(.bss)
    .bss                                     0x2000040c   Section      512  usart.o(.bss)
    .bss                                     0x2000060c   Section      240  tasks.o(.bss)
    pxReadyTasksLists                        0x2000060c   Data         140  tasks.o(.bss)
    xDelayedTaskList1                        0x20000698   Data          20  tasks.o(.bss)
    xDelayedTaskList2                        0x200006ac   Data          20  tasks.o(.bss)
    xPendingReadyList                        0x200006c0   Data          20  tasks.o(.bss)
    xTasksWaitingTermination                 0x200006d4   Data          20  tasks.o(.bss)
    xSuspendedTaskList                       0x200006e8   Data          20  tasks.o(.bss)
    .bss                                     0x200006fc   Section    15360  heap_4.o(.bss)
    ucHeap                                   0x200006fc   Data       15360  heap_4.o(.bss)
    .bss                                     0x200042fc   Section      260  bsp_can.o(.bss)
    .bss                                     0x20004400   Section      520  pid.o(.bss)
    .bss                                     0x20004608   Section      208  pid.o(.bss)
    .bss                                     0x200046d8   Section       16  bsp_ramp.o(.bss)
    .bss                                     0x200046e8   Section       16  mytask.o(.bss)
    STACK                                    0x200046f8   Section     1024  startup_stm32f427xx.o(STACK)

    Global Symbols

    Symbol Name                              Value     Ov Type        Size  Object(Section)

    BuildAttributes$$THM_ISAv4$E$P$D$K$B$S$7EM$VFPi3$EXTD16$VFPS$VFMA$PE$A:L22UL41UL21$X:L11$S22US41US21$IEEE1$IW$USESV6$~STKCKD$USESV7$~SHL$OSPACE$ROPI$EBA8$MICROLIB$REQ8$PRES8$EABIv2 0x00000000   Number         0  anon$$obj.o ABSOLUTE
    __ARM_use_no_argv                        0x00000000   Number         0  main.o ABSOLUTE
    __cpp_initialize__aeabi_                  - Undefined Weak Reference
    __cxa_finalize                            - Undefined Weak Reference
    __decompress                              - Undefined Weak Reference
    _clock_init                               - Undefined Weak Reference
    _microlib_exit                            - Undefined Weak Reference
    __Vectors_Size                           0x000001ac   Number         0  startup_stm32f427xx.o ABSOLUTE
    __Vectors                                0x08000000   Data           4  startup_stm32f427xx.o(RESET)
    __Vectors_End                            0x080001ac   Data           0  startup_stm32f427xx.o(RESET)
    __main                                   0x080001ad   Thumb Code     0  entry.o(.ARM.Collect$$$$00000000)
    _main_stk                                0x080001ad   Thumb Code     0  entry2.o(.ARM.Collect$$$$00000001)
    _main_scatterload                        0x080001b1   Thumb Code     0  entry5.o(.ARM.Collect$$$$00000004)
    __main_after_scatterload                 0x080001b5   Thumb Code     0  entry5.o(.ARM.Collect$$$$00000004)
    _main_clock                              0x080001b5   Thumb Code     0  entry7b.o(.ARM.Collect$$$$00000008)
    _main_cpp_init                           0x080001b5   Thumb Code     0  entry8b.o(.ARM.Collect$$$$0000000A)
    _main_init                               0x080001b5   Thumb Code     0  entry9a.o(.ARM.Collect$$$$0000000B)
    __rt_final_cpp                           0x080001bd   Thumb Code     0  entry10a.o(.ARM.Collect$$$$0000000D)
    __rt_final_exit                          0x080001bd   Thumb Code     0  entry11a.o(.ARM.Collect$$$$0000000F)
    SVC_Handler                              0x080001c1   Thumb Code    28  port.o(.emb_text)
    __asm___6_port_c_39a90d8d__prvStartFirstTask 0x080001e1   Thumb Code    36  port.o(.emb_text)
    __asm___6_port_c_39a90d8d__prvEnableVFP  0x08000209   Thumb Code    16  port.o(.emb_text)
    PendSV_Handler                           0x0800021d   Thumb Code    88  port.o(.emb_text)
    vPortGetIPSR                             0x08000279   Thumb Code     6  port.o(.emb_text)
    Reset_Handler                            0x08000281   Thumb Code     8  startup_stm32f427xx.o(.text)
    ADC_IRQHandler                           0x0800029b   Thumb Code     0  startup_stm32f427xx.o(.text)
    CAN1_RX1_IRQHandler                      0x0800029b   Thumb Code     0  startup_stm32f427xx.o(.text)
    CAN1_SCE_IRQHandler                      0x0800029b   Thumb Code     0  startup_stm32f427xx.o(.text)
    CAN2_RX1_IRQHandler                      0x0800029b   Thumb Code     0  startup_stm32f427xx.o(.text)
    CAN2_SCE_IRQHandler                      0x0800029b   Thumb Code     0  startup_stm32f427xx.o(.text)
    DCMI_IRQHandler                          0x0800029b   Thumb Code     0  startup_stm32f427xx.o(.text)
    DMA1_Stream0_IRQHandler                  0x0800029b   Thumb Code     0  startup_stm32f427xx.o(.text)
    DMA1_Stream1_IRQHandler                  0x0800029b   Thumb Code     0  startup_stm32f427xx.o(.text)
    DMA1_Stream2_IRQHandler                  0x0800029b   Thumb Code     0  startup_stm32f427xx.o(.text)
    DMA1_Stream3_IRQHandler                  0x0800029b   Thumb Code     0  startup_stm32f427xx.o(.text)
    DMA1_Stream4_IRQHandler                  0x0800029b   Thumb Code     0  startup_stm32f427xx.o(.text)
    DMA1_Stream5_IRQHandler                  0x0800029b   Thumb Code     0  startup_stm32f427xx.o(.text)
    DMA1_Stream6_IRQHandler                  0x0800029b   Thumb Code     0  startup_stm32f427xx.o(.text)
    DMA1_Stream7_IRQHandler                  0x0800029b   Thumb Code     0  startup_stm32f427xx.o(.text)
    DMA2D_IRQHandler                         0x0800029b   Thumb Code     0  startup_stm32f427xx.o(.text)
    DMA2_Stream0_IRQHandler                  0x0800029b   Thumb Code     0  startup_stm32f427xx.o(.text)
    DMA2_Stream3_IRQHandler                  0x0800029b   Thumb Code     0  startup_stm32f427xx.o(.text)
    DMA2_Stream4_IRQHandler                  0x0800029b   Thumb Code     0  startup_stm32f427xx.o(.text)
    DMA2_Stream5_IRQHandler                  0x0800029b   Thumb Code     0  startup_stm32f427xx.o(.text)
    ETH_IRQHandler                           0x0800029b   Thumb Code     0  startup_stm32f427xx.o(.text)
    ETH_WKUP_IRQHandler                      0x0800029b   Thumb Code     0  startup_stm32f427xx.o(.text)
    EXTI0_IRQHandler                         0x0800029b   Thumb Code     0  startup_stm32f427xx.o(.text)
    EXTI15_10_IRQHandler                     0x0800029b   Thumb Code     0  startup_stm32f427xx.o(.text)
    EXTI1_IRQHandler                         0x0800029b   Thumb Code     0  startup_stm32f427xx.o(.text)
    EXTI2_IRQHandler                         0x0800029b   Thumb Code     0  startup_stm32f427xx.o(.text)
    EXTI3_IRQHandler                         0x0800029b   Thumb Code     0  startup_stm32f427xx.o(.text)
    EXTI4_IRQHandler                         0x0800029b   Thumb Code     0  startup_stm32f427xx.o(.text)
    EXTI9_5_IRQHandler                       0x0800029b   Thumb Code     0  startup_stm32f427xx.o(.text)
    FLASH_IRQHandler                         0x0800029b   Thumb Code     0  startup_stm32f427xx.o(.text)
    FMC_IRQHandler                           0x0800029b   Thumb Code     0  startup_stm32f427xx.o(.text)
    FPU_IRQHandler                           0x0800029b   Thumb Code     0  startup_stm32f427xx.o(.text)
    HASH_RNG_IRQHandler                      0x0800029b   Thumb Code     0  startup_stm32f427xx.o(.text)
    I2C1_ER_IRQHandler                       0x0800029b   Thumb Code     0  startup_stm32f427xx.o(.text)
    I2C1_EV_IRQHandler                       0x0800029b   Thumb Code     0  startup_stm32f427xx.o(.text)
    I2C2_ER_IRQHandler                       0x0800029b   Thumb Code     0  startup_stm32f427xx.o(.text)
    I2C2_EV_IRQHandler                       0x0800029b   Thumb Code     0  startup_stm32f427xx.o(.text)
    I2C3_ER_IRQHandler                       0x0800029b   Thumb Code     0  startup_stm32f427xx.o(.text)
    I2C3_EV_IRQHandler                       0x0800029b   Thumb Code     0  startup_stm32f427xx.o(.text)
    OTG_FS_IRQHandler                        0x0800029b   Thumb Code     0  startup_stm32f427xx.o(.text)
    OTG_FS_WKUP_IRQHandler                   0x0800029b   Thumb Code     0  startup_stm32f427xx.o(.text)
    OTG_HS_EP1_IN_IRQHandler                 0x0800029b   Thumb Code     0  startup_stm32f427xx.o(.text)
    OTG_HS_EP1_OUT_IRQHandler                0x0800029b   Thumb Code     0  startup_stm32f427xx.o(.text)
    OTG_HS_IRQHandler                        0x0800029b   Thumb Code     0  startup_stm32f427xx.o(.text)
    OTG_HS_WKUP_IRQHandler                   0x0800029b   Thumb Code     0  startup_stm32f427xx.o(.text)
    PVD_IRQHandler                           0x0800029b   Thumb Code     0  startup_stm32f427xx.o(.text)
    RCC_IRQHandler                           0x0800029b   Thumb Code     0  startup_stm32f427xx.o(.text)
    RTC_Alarm_IRQHandler                     0x0800029b   Thumb Code     0  startup_stm32f427xx.o(.text)
    RTC_WKUP_IRQHandler                      0x0800029b   Thumb Code     0  startup_stm32f427xx.o(.text)
    SAI1_IRQHandler                          0x0800029b   Thumb Code     0  startup_stm32f427xx.o(.text)
    SDIO_IRQHandler                          0x0800029b   Thumb Code     0  startup_stm32f427xx.o(.text)
    SPI1_IRQHandler                          0x0800029b   Thumb Code     0  startup_stm32f427xx.o(.text)
    SPI2_IRQHandler                          0x0800029b   Thumb Code     0  startup_stm32f427xx.o(.text)
    SPI3_IRQHandler                          0x0800029b   Thumb Code     0  startup_stm32f427xx.o(.text)
    SPI4_IRQHandler                          0x0800029b   Thumb Code     0  startup_stm32f427xx.o(.text)
    SPI5_IRQHandler                          0x0800029b   Thumb Code     0  startup_stm32f427xx.o(.text)
    SPI6_IRQHandler                          0x0800029b   Thumb Code     0  startup_stm32f427xx.o(.text)
    TAMP_STAMP_IRQHandler                    0x0800029b   Thumb Code     0  startup_stm32f427xx.o(.text)
    TIM1_BRK_TIM9_IRQHandler                 0x0800029b   Thumb Code     0  startup_stm32f427xx.o(.text)
    TIM1_CC_IRQHandler                       0x0800029b   Thumb Code     0  startup_stm32f427xx.o(.text)
    TIM1_TRG_COM_TIM11_IRQHandler            0x0800029b   Thumb Code     0  startup_stm32f427xx.o(.text)
    TIM2_IRQHandler                          0x0800029b   Thumb Code     0  startup_stm32f427xx.o(.text)
    TIM3_IRQHandler                          0x0800029b   Thumb Code     0  startup_stm32f427xx.o(.text)
    TIM4_IRQHandler                          0x0800029b   Thumb Code     0  startup_stm32f427xx.o(.text)
    TIM5_IRQHandler                          0x0800029b   Thumb Code     0  startup_stm32f427xx.o(.text)
    TIM6_DAC_IRQHandler                      0x0800029b   Thumb Code     0  startup_stm32f427xx.o(.text)
    TIM7_IRQHandler                          0x0800029b   Thumb Code     0  startup_stm32f427xx.o(.text)
    TIM8_BRK_TIM12_IRQHandler                0x0800029b   Thumb Code     0  startup_stm32f427xx.o(.text)
    TIM8_CC_IRQHandler                       0x0800029b   Thumb Code     0  startup_stm32f427xx.o(.text)
    TIM8_TRG_COM_TIM14_IRQHandler            0x0800029b   Thumb Code     0  startup_stm32f427xx.o(.text)
    TIM8_UP_TIM13_IRQHandler                 0x0800029b   Thumb Code     0  startup_stm32f427xx.o(.text)
    UART4_IRQHandler                         0x0800029b   Thumb Code     0  startup_stm32f427xx.o(.text)
    UART5_IRQHandler                         0x0800029b   Thumb Code     0  startup_stm32f427xx.o(.text)
    UART7_IRQHandler                         0x0800029b   Thumb Code     0  startup_stm32f427xx.o(.text)
    UART8_IRQHandler                         0x0800029b   Thumb Code     0  startup_stm32f427xx.o(.text)
    USART2_IRQHandler                        0x0800029b   Thumb Code     0  startup_stm32f427xx.o(.text)
    USART3_IRQHandler                        0x0800029b   Thumb Code     0  startup_stm32f427xx.o(.text)
    WWDG_IRQHandler                          0x0800029b   Thumb Code     0  startup_stm32f427xx.o(.text)
    __aeabi_uldivmod                         0x080002a5   Thumb Code    98  uldiv.o(.text)
    __aeabi_memcpy                           0x08000307   Thumb Code    36  memcpya.o(.text)
    __aeabi_memcpy4                          0x08000307   Thumb Code     0  memcpya.o(.text)
    __aeabi_memcpy8                          0x08000307   Thumb Code     0  memcpya.o(.text)
    __aeabi_memset                           0x0800032b   Thumb Code    14  memseta.o(.text)
    __aeabi_memset4                          0x0800032b   Thumb Code     0  memseta.o(.text)
    __aeabi_memset8                          0x0800032b   Thumb Code     0  memseta.o(.text)
    __aeabi_memclr                           0x08000339   Thumb Code     4  memseta.o(.text)
    __aeabi_memclr4                          0x08000339   Thumb Code     0  memseta.o(.text)
    __aeabi_memclr8                          0x08000339   Thumb Code     0  memseta.o(.text)
    memset                                   0x0800033d   Thumb Code    18  memseta.o(.text)
    __aeabi_dmul                             0x0800034f   Thumb Code   228  dmul.o(.text)
    __aeabi_ddiv                             0x08000433   Thumb Code   222  ddiv.o(.text)
    __aeabi_i2d                              0x08000511   Thumb Code    34  dflti.o(.text)
    __aeabi_d2iz                             0x08000533   Thumb Code    62  dfixi.o(.text)
    __aeabi_llsl                             0x08000571   Thumb Code    30  llshl.o(.text)
    _ll_shift_l                              0x08000571   Thumb Code     0  llshl.o(.text)
    __aeabi_llsr                             0x0800058f   Thumb Code    32  llushr.o(.text)
    _ll_ushift_r                             0x0800058f   Thumb Code     0  llushr.o(.text)
    __I$use$fp                               0x080005af   Thumb Code     0  iusefp.o(.text)
    _double_round                            0x080005af   Thumb Code    30  depilogue.o(.text)
    _double_epilogue                         0x080005cd   Thumb Code   156  depilogue.o(.text)
    __scatterload                            0x08000669   Thumb Code    28  init.o(.text)
    __scatterload_rt2                        0x08000669   Thumb Code     0  init.o(.text)
    BusFault_Handler                         0x0800068d   Thumb Code     2  stm32f4xx_it.o(i.BusFault_Handler)
    CAN1_RX0_IRQHandler                      0x08000691   Thumb Code     6  stm32f4xx_it.o(i.CAN1_RX0_IRQHandler)
    CAN1_TX_IRQHandler                       0x0800069d   Thumb Code     6  stm32f4xx_it.o(i.CAN1_TX_IRQHandler)
    CAN2_RX0_IRQHandler                      0x080006a9   Thumb Code     6  stm32f4xx_it.o(i.CAN2_RX0_IRQHandler)
    CAN2_TX_IRQHandler                       0x080006b5   Thumb Code     6  stm32f4xx_it.o(i.CAN2_TX_IRQHandler)
    DMA2_Stream1_IRQHandler                  0x080006c1   Thumb Code     6  stm32f4xx_it.o(i.DMA2_Stream1_IRQHandler)
    DMA2_Stream2_IRQHandler                  0x080006cd   Thumb Code     6  stm32f4xx_it.o(i.DMA2_Stream2_IRQHandler)
    DMA2_Stream6_IRQHandler                  0x080006d9   Thumb Code     6  stm32f4xx_it.o(i.DMA2_Stream6_IRQHandler)
    DMA2_Stream7_IRQHandler                  0x080006e5   Thumb Code     6  stm32f4xx_it.o(i.DMA2_Stream7_IRQHandler)
    DebugMon_Handler                         0x0800076d   Thumb Code     2  stm32f4xx_it.o(i.DebugMon_Handler)
    Error_Handler                            0x0800076f   Thumb Code     2  main.o(i.Error_Handler)
    HAL_CAN_ActivateNotification             0x08000771   Thumb Code    36  stm32f4xx_hal_can.o(i.HAL_CAN_ActivateNotification)
    HAL_CAN_AddTxMessage                     0x08000795   Thumb Code   200  stm32f4xx_hal_can.o(i.HAL_CAN_AddTxMessage)
    HAL_CAN_ConfigFilter                     0x0800085d   Thumb Code   262  stm32f4xx_hal_can.o(i.HAL_CAN_ConfigFilter)
    HAL_CAN_ErrorCallback                    0x08000969   Thumb Code     2  stm32f4xx_hal_can.o(i.HAL_CAN_ErrorCallback)
    HAL_CAN_GetRxMessage                     0x0800096b   Thumb Code   232  stm32f4xx_hal_can.o(i.HAL_CAN_GetRxMessage)
    HAL_CAN_IRQHandler                       0x08000a53   Thumb Code   508  stm32f4xx_hal_can.o(i.HAL_CAN_IRQHandler)
    HAL_CAN_Init                             0x08000c4f   Thumb Code   282  stm32f4xx_hal_can.o(i.HAL_CAN_Init)
    HAL_CAN_MspInit                          0x08000d69   Thumb Code   258  can.o(i.HAL_CAN_MspInit)
    HAL_CAN_RxFifo0FullCallback              0x08000e85   Thumb Code     2  stm32f4xx_hal_can.o(i.HAL_CAN_RxFifo0FullCallback)
    HAL_CAN_RxFifo0MsgPendingCallback        0x08000e89   Thumb Code    74  bsp_can.o(i.HAL_CAN_RxFifo0MsgPendingCallback)
    HAL_CAN_RxFifo1FullCallback              0x08000edd   Thumb Code     2  stm32f4xx_hal_can.o(i.HAL_CAN_RxFifo1FullCallback)
    HAL_CAN_RxFifo1MsgPendingCallback        0x08000edf   Thumb Code     2  stm32f4xx_hal_can.o(i.HAL_CAN_RxFifo1MsgPendingCallback)
    HAL_CAN_SleepCallback                    0x08000ee1   Thumb Code     2  stm32f4xx_hal_can.o(i.HAL_CAN_SleepCallback)
    HAL_CAN_Start                            0x08000ee5   Thumb Code    88  stm32f4xx_hal_can.o(i.HAL_CAN_Start)
    HAL_CAN_TxMailbox0AbortCallback          0x08000f3d   Thumb Code     2  stm32f4xx_hal_can.o(i.HAL_CAN_TxMailbox0AbortCallback)
    HAL_CAN_TxMailbox0CompleteCallback       0x08000f3f   Thumb Code     2  stm32f4xx_hal_can.o(i.HAL_CAN_TxMailbox0CompleteCallback)
    HAL_CAN_TxMailbox1AbortCallback          0x08000f41   Thumb Code     2  stm32f4xx_hal_can.o(i.HAL_CAN_TxMailbox1AbortCallback)
    HAL_CAN_TxMailbox1CompleteCallback       0x08000f43   Thumb Code     2  stm32f4xx_hal_can.o(i.HAL_CAN_TxMailbox1CompleteCallback)
    HAL_CAN_TxMailbox2AbortCallback          0x08000f45   Thumb Code     2  stm32f4xx_hal_can.o(i.HAL_CAN_TxMailbox2AbortCallback)
    HAL_CAN_TxMailbox2CompleteCallback       0x08000f47   Thumb Code     2  stm32f4xx_hal_can.o(i.HAL_CAN_TxMailbox2CompleteCallback)
    HAL_CAN_WakeUpFromRxMsgCallback          0x08000f49   Thumb Code     2  stm32f4xx_hal_can.o(i.HAL_CAN_WakeUpFromRxMsgCallback)
    HAL_DMA_Abort_IT                         0x08000f4b   Thumb Code    36  stm32f4xx_hal_dma.o(i.HAL_DMA_Abort_IT)
    HAL_DMA_IRQHandler                       0x08000f71   Thumb Code   412  stm32f4xx_hal_dma.o(i.HAL_DMA_IRQHandler)
    HAL_DMA_Init                             0x08001111   Thumb Code   206  stm32f4xx_hal_dma.o(i.HAL_DMA_Init)
    HAL_GPIO_Init                            0x080011e5   Thumb Code   414  stm32f4xx_hal_gpio.o(i.HAL_GPIO_Init)
    HAL_GPIO_ReadPin                         0x080013b9   Thumb Code    10  stm32f4xx_hal_gpio.o(i.HAL_GPIO_ReadPin)
    HAL_GPIO_WritePin                        0x080013c3   Thumb Code    10  stm32f4xx_hal_gpio.o(i.HAL_GPIO_WritePin)
    HAL_GetTick                              0x080013cd   Thumb Code     6  stm32f4xx_hal.o(i.HAL_GetTick)
    HAL_IncTick                              0x080013d9   Thumb Code    12  stm32f4xx_hal.o(i.HAL_IncTick)
    HAL_Init                                 0x080013e9   Thumb Code    48  stm32f4xx_hal.o(i.HAL_Init)
    HAL_InitTick                             0x0800141d   Thumb Code   100  stm32f4xx_hal_timebase_tim.o(i.HAL_InitTick)
    HAL_MspInit                              0x08001491   Thumb Code    52  stm32f4xx_hal_msp.o(i.HAL_MspInit)
    HAL_NVIC_EnableIRQ                       0x080014c9   Thumb Code    26  stm32f4xx_hal_cortex.o(i.HAL_NVIC_EnableIRQ)
    HAL_NVIC_SetPriority                     0x080014e5   Thumb Code    60  stm32f4xx_hal_cortex.o(i.HAL_NVIC_SetPriority)
    HAL_NVIC_SetPriorityGrouping             0x08001525   Thumb Code    26  stm32f4xx_hal_cortex.o(i.HAL_NVIC_SetPriorityGrouping)
    HAL_PWREx_EnableOverDrive                0x08001549   Thumb Code    98  stm32f4xx_hal_pwr_ex.o(i.HAL_PWREx_EnableOverDrive)
    HAL_RCC_ClockConfig                      0x080015b9   Thumb Code   288  stm32f4xx_hal_rcc.o(i.HAL_RCC_ClockConfig)
    HAL_RCC_GetClockConfig                   0x080016ed   Thumb Code    54  stm32f4xx_hal_rcc.o(i.HAL_RCC_GetClockConfig)
    HAL_RCC_GetPCLK1Freq                     0x0800172d   Thumb Code    20  stm32f4xx_hal_rcc.o(i.HAL_RCC_GetPCLK1Freq)
    HAL_RCC_GetPCLK2Freq                     0x0800174d   Thumb Code    20  stm32f4xx_hal_rcc.o(i.HAL_RCC_GetPCLK2Freq)
    HAL_RCC_GetSysClockFreq                  0x0800176d   Thumb Code    88  stm32f4xx_hal_rcc.o(i.HAL_RCC_GetSysClockFreq)
    HAL_RCC_OscConfig                        0x080017d1   Thumb Code   834  stm32f4xx_hal_rcc.o(i.HAL_RCC_OscConfig)
    HAL_TIMEx_BreakCallback                  0x08001b2d   Thumb Code     2  stm32f4xx_hal_tim_ex.o(i.HAL_TIMEx_BreakCallback)
    HAL_TIMEx_CommutCallback                 0x08001b2f   Thumb Code     2  stm32f4xx_hal_tim_ex.o(i.HAL_TIMEx_CommutCallback)
    HAL_TIMEx_ConfigBreakDeadTime            0x08001b31   Thumb Code    84  stm32f4xx_hal_tim_ex.o(i.HAL_TIMEx_ConfigBreakDeadTime)
    HAL_TIMEx_MasterConfigSynchronization    0x08001b85   Thumb Code   116  stm32f4xx_hal_tim_ex.o(i.HAL_TIMEx_MasterConfigSynchronization)
    HAL_TIM_Base_Init                        0x08001c15   Thumb Code    54  stm32f4xx_hal_tim.o(i.HAL_TIM_Base_Init)
    HAL_TIM_Base_MspInit                     0x08001c4d   Thumb Code    56  tim.o(i.HAL_TIM_Base_MspInit)
    HAL_TIM_Base_Start_IT                    0x08001c8d   Thumb Code    34  stm32f4xx_hal_tim.o(i.HAL_TIM_Base_Start_IT)
    HAL_TIM_ConfigClockSource                0x08001caf   Thumb Code   214  stm32f4xx_hal_tim.o(i.HAL_TIM_ConfigClockSource)
    HAL_TIM_IC_CaptureCallback               0x08001d85   Thumb Code     2  stm32f4xx_hal_tim.o(i.HAL_TIM_IC_CaptureCallback)
    HAL_TIM_IRQHandler                       0x08001d87   Thumb Code   358  stm32f4xx_hal_tim.o(i.HAL_TIM_IRQHandler)
    HAL_TIM_MspPostInit                      0x08001eed   Thumb Code   112  tim.o(i.HAL_TIM_MspPostInit)
    HAL_TIM_OC_DelayElapsedCallback          0x08001f6d   Thumb Code     2  stm32f4xx_hal_tim.o(i.HAL_TIM_OC_DelayElapsedCallback)
    HAL_TIM_PWM_ConfigChannel                0x08001f6f   Thumb Code   208  stm32f4xx_hal_tim.o(i.HAL_TIM_PWM_ConfigChannel)
    HAL_TIM_PWM_Init                         0x0800203f   Thumb Code    54  stm32f4xx_hal_tim.o(i.HAL_TIM_PWM_Init)
    HAL_TIM_PWM_MspInit                      0x08002075   Thumb Code     2  stm32f4xx_hal_tim.o(i.HAL_TIM_PWM_MspInit)
    HAL_TIM_PWM_PulseFinishedCallback        0x08002077   Thumb Code     2  stm32f4xx_hal_tim.o(i.HAL_TIM_PWM_PulseFinishedCallback)
    HAL_TIM_PWM_Start                        0x08002079   Thumb Code    58  stm32f4xx_hal_tim.o(i.HAL_TIM_PWM_Start)
    HAL_TIM_PeriodElapsedCallback            0x080020bd   Thumb Code    14  main.o(i.HAL_TIM_PeriodElapsedCallback)
    HAL_TIM_TriggerCallback                  0x080020d1   Thumb Code     2  stm32f4xx_hal_tim.o(i.HAL_TIM_TriggerCallback)
    HAL_UART_ErrorCallback                   0x080020d3   Thumb Code     2  stm32f4xx_hal_uart.o(i.HAL_UART_ErrorCallback)
    HAL_UART_IRQHandler                      0x080020d5   Thumb Code   270  stm32f4xx_hal_uart.o(i.HAL_UART_IRQHandler)
    HAL_UART_Init                            0x080021e9   Thumb Code    98  stm32f4xx_hal_uart.o(i.HAL_UART_Init)
    HAL_UART_MspInit                         0x0800224d   Thumb Code   416  usart.o(i.HAL_UART_MspInit)
    HAL_UART_Receive_IT                      0x08002411   Thumb Code    82  stm32f4xx_hal_uart.o(i.HAL_UART_Receive_IT)
    HAL_UART_RxCpltCallback                  0x08002463   Thumb Code     2  stm32f4xx_hal_uart.o(i.HAL_UART_RxCpltCallback)
    HAL_UART_Transmit                        0x08002465   Thumb Code   186  stm32f4xx_hal_uart.o(i.HAL_UART_Transmit)
    HAL_UART_TxCpltCallback                  0x0800251f   Thumb Code     2  stm32f4xx_hal_uart.o(i.HAL_UART_TxCpltCallback)
    HardFault_Handler                        0x08002521   Thumb Code     2  stm32f4xx_it.o(i.HardFault_Handler)
    MX_CAN1_Init                             0x08002525   Thumb Code    60  can.o(i.MX_CAN1_Init)
    MX_CAN2_Init                             0x08002569   Thumb Code    60  can.o(i.MX_CAN2_Init)
    MX_DMA_Init                              0x080025ad   Thumb Code    88  dma.o(i.MX_DMA_Init)
    MX_FREERTOS_Init                         0x08002609   Thumb Code   118  freertos.o(i.MX_FREERTOS_Init)
    MX_GPIO_Init                             0x08002689   Thumb Code   244  gpio.o(i.MX_GPIO_Init)
    MX_TIM2_Init                             0x08002791   Thumb Code   170  tim.o(i.MX_TIM2_Init)
    MX_TIM8_Init                             0x08002841   Thumb Code   208  tim.o(i.MX_TIM8_Init)
    MX_USART1_UART_Init                      0x08002919   Thumb Code    48  usart.o(i.MX_USART1_UART_Init)
    MX_USART6_UART_Init                      0x08002951   Thumb Code    48  usart.o(i.MX_USART6_UART_Init)
    MemManage_Handler                        0x08002989   Thumb Code     2  stm32f4xx_it.o(i.MemManage_Handler)
    NMI_Handler                              0x0800298b   Thumb Code     2  stm32f4xx_it.o(i.NMI_Handler)
    PID_struct_init                          0x0800298d   Thumb Code    12  pid.o(i.PID_struct_init)
    StartDefaultTask                         0x0800299d   Thumb Code    38  freertos.o(i.StartDefaultTask)
    SysTick_Handler                          0x080029d1   Thumb Code    38  port.o(i.SysTick_Handler)
    SystemClock_Config                       0x080029fd   Thumb Code   128  main.o(i.SystemClock_Config)
    SystemInit                               0x08002a85   Thumb Code    22  system_stm32f4xx.o(i.SystemInit)
    TIM1_UP_TIM10_IRQHandler                 0x08002aa1   Thumb Code     6  stm32f4xx_it.o(i.TIM1_UP_TIM10_IRQHandler)
    TIM_Base_SetConfig                       0x08002aad   Thumb Code   156  stm32f4xx_hal_tim.o(i.TIM_Base_SetConfig)
    TIM_CCxChannelCmd                        0x08002b75   Thumb Code    26  stm32f4xx_hal_tim.o(i.TIM_CCxChannelCmd)
    TIM_ETR_SetConfig                        0x08002b8f   Thumb Code    20  stm32f4xx_hal_tim.o(i.TIM_ETR_SetConfig)
    TIM_OC2_SetConfig                        0x08002c15   Thumb Code    98  stm32f4xx_hal_tim.o(i.TIM_OC2_SetConfig)
    USART1_IRQHandler                        0x08003031   Thumb Code     6  stm32f4xx_it.o(i.USART1_IRQHandler)
    USART6_IRQHandler                        0x0800303d   Thumb Code     6  stm32f4xx_it.o(i.USART6_IRQHandler)
    UsageFault_Handler                       0x08003049   Thumb Code     2  stm32f4xx_it.o(i.UsageFault_Handler)
    __scatterload_copy                       0x0800306b   Thumb Code    14  handlers.o(i.__scatterload_copy)
    __scatterload_null                       0x08003079   Thumb Code     2  handlers.o(i.__scatterload_null)
    __scatterload_zeroinit                   0x0800307b   Thumb Code    14  handlers.o(i.__scatterload_zeroinit)
    abs_limit                                0x08003089   Thumb Code    42  pid.o(i.abs_limit)
    deal_masge_get                           0x080030b5   Thumb Code    54  bsp_masge.o(i.deal_masge_get)
    deal_masge_put                           0x080030f1   Thumb Code   102  bsp_masge.o(i.deal_masge_put)
    get_moto_measure                         0x0800315d   Thumb Code    66  bsp_can.o(i.get_moto_measure)
    get_moto_offset                          0x0800319f   Thumb Code     6  bsp_can.o(i.get_moto_offset)
    giveBullteTaskFunction                   0x080031a5   Thumb Code   106  mytask.o(i.giveBullteTaskFunction)
    holderTaskFunction                       0x08003221   Thumb Code     2  mytask.o(i.holderTaskFunction)
    init_all                                 0x08003225   Thumb Code   214  bsp_init.o(i.init_all)
    jugement                                 0x0800331d   Thumb Code    40  mytask.o(i.jugement)
    main                                     0x08003349   Thumb Code    54  main.o(i.main)
    osDelay                                  0x0800338b   Thumb Code    14  cmsis_os.o(i.osDelay)
    osKernelStart                            0x08003399   Thumb Code    10  cmsis_os.o(i.osKernelStart)
    osThreadCreate                           0x080033a3   Thumb Code    84  cmsis_os.o(i.osThreadCreate)
    pid_calc                                 0x080033f9   Thumb Code   448  pid.o(i.pid_calc)
    pvPortMalloc                             0x08003911   Thumb Code   210  heap_4.o(i.pvPortMalloc)
    pxPortInitialiseStack                    0x080039e9   Thumb Code    40  port.o(i.pxPortInitialiseStack)
    rescueTaskeFunction                      0x08003a15   Thumb Code   166  mytask.o(i.rescueTaskeFunction)
    setMotoSpeed                             0x08003acd   Thumb Code    74  bsp_can.o(i.setMotoSpeed)
    speed_ramp_calc                          0x08003b17   Thumb Code    34  bsp_ramp.o(i.speed_ramp_calc)
    speed_ramp_completed                     0x08003b39   Thumb Code    14  bsp_ramp.o(i.speed_ramp_completed)
    speed_ramp_init                          0x08003b47   Thumb Code    28  bsp_ramp.o(i.speed_ramp_init)
    take                                     0x08003b65   Thumb Code   780  mytask.o(i.take)
    takeBullteTaskFunction                   0x08003eb5   Thumb Code   786  mytask.o(i.takeBullteTaskFunction)
    userCanInit                              0x080041f5   Thumb Code    80  bsp_can.o(i.userCanInit)
    uxListRemove                             0x08004251   Thumb Code    38  list.o(i.uxListRemove)
    vApplicationGetIdleTaskMemory            0x08004279   Thumb Code    16  freertos.o(i.vApplicationGetIdleTaskMemory)
    vListInitialise                          0x0800428d   Thumb Code    22  list.o(i.vListInitialise)
    vListInitialiseItem                      0x080042a3   Thumb Code     6  list.o(i.vListInitialiseItem)
    vListInsert                              0x080042a9   Thumb Code    48  list.o(i.vListInsert)
    vListInsertEnd                           0x080042d9   Thumb Code    24  list.o(i.vListInsertEnd)
    vPortEnterCritical                       0x080042f1   Thumb Code    54  port.o(i.vPortEnterCritical)
    vPortExitCritical                        0x08004331   Thumb Code    34  port.o(i.vPortExitCritical)
    vPortFree                                0x08004359   Thumb Code    88  heap_4.o(i.vPortFree)
    vPortSetupTimerInterrupt                 0x080043b5   Thumb Code    32  port.o(i.vPortSetupTimerInterrupt)
    vTaskDelay                               0x080043d9   Thumb Code    66  tasks.o(i.vTaskDelay)
    vTaskStartScheduler                      0x08004425   Thumb Code    90  tasks.o(i.vTaskStartScheduler)
    vTaskSuspendAll                          0x08004491   Thumb Code    10  tasks.o(i.vTaskSuspendAll)
    vTaskSwitchContext                       0x080044a1   Thumb Code    82  tasks.o(i.vTaskSwitchContext)
    xPortStartScheduler                      0x080044fd   Thumb Code   222  port.o(i.xPortStartScheduler)
    xTaskCreate                              0x080045f1   Thumb Code    90  tasks.o(i.xTaskCreate)
    xTaskCreateStatic                        0x0800464b   Thumb Code    86  tasks.o(i.xTaskCreateStatic)
    xTaskIncrementTick                       0x080046a1   Thumb Code   192  tasks.o(i.xTaskIncrementTick)
    xTaskResumeAll                           0x08004769   Thumb Code   182  tasks.o(i.xTaskResumeAll)
    AHBPrescTable                            0x080048c0   Data          16  system_stm32f4xx.o(.constdata)
    APBPrescTable                            0x080048d0   Data           8  system_stm32f4xx.o(.constdata)
    Region$$Table$$Base                      0x0800491c   Number         0  anon$$obj.o(Region$$Table)
    Region$$Table$$Limit                     0x0800493c   Number         0  anon$$obj.o(Region$$Table)
    takeBullteTaskHandle                     0x20000004   Data           4  freertos.o(.data)
    holderTaskHandle                         0x20000008   Data           4  freertos.o(.data)
    giveBullteTaskHandle                     0x2000000c   Data           4  freertos.o(.data)
    resueTaskHandle                          0x20000010   Data           4  freertos.o(.data)
    defaultTaskHandle                        0x20000014   Data           4  freertos.o(.data)
    uwTickFreq                               0x20000018   Data           1  stm32f4xx_hal.o(.data)
    uwTickPrio                               0x2000001c   Data           4  stm32f4xx_hal.o(.data)
    uwTick                                   0x20000020   Data           4  stm32f4xx_hal.o(.data)
    SystemCoreClock                          0x20000024   Data           4  system_stm32f4xx.o(.data)
    pxCurrentTCB                             0x20000028   Data           4  tasks.o(.data)
    RXmasge                                  0x20000088   Data           1  mytask.o(.data)
    TXmasge                                  0x20000089   Data           1  mytask.o(.data)
    take_finish                              0x20000090   Data           4  mytask.o(.data)
    rescueFinish                             0x20000094   Data           4  mytask.o(.data)
    val                                      0x20000098   Data           4  mytask.o(.data)
    set_angel                                0x2000009c   Data           4  mytask.o(.data)
    set_speed                                0x200000a0   Data           8  mytask.o(.data)
    hcan1                                    0x200000a8   Data          40  can.o(.bss)
    hcan2                                    0x200000d0   Data          40  can.o(.bss)
    htim1                                    0x2000034c   Data          64  stm32f4xx_hal_timebase_tim.o(.bss)
    htim2                                    0x2000038c   Data          64  tim.o(.bss)
    htim8                                    0x200003cc   Data          64  tim.o(.bss)
    huart1                                   0x2000040c   Data          64  usart.o(.bss)
    huart6                                   0x2000044c   Data          64  usart.o(.bss)
    hdma_usart1_rx                           0x2000048c   Data          96  usart.o(.bss)
    hdma_usart1_tx                           0x200004ec   Data          96  usart.o(.bss)
    hdma_usart6_rx                           0x2000054c   Data          96  usart.o(.bss)
    hdma_usart6_tx                           0x200005ac   Data          96  usart.o(.bss)
    hCAN_Filter                              0x200042fc   Data          40  bsp_can.o(.bss)
    moto_chassis                             0x20004324   Data         220  bsp_can.o(.bss)
    pid_spd                                  0x20004400   Data         520  pid.o(.bss)
    pid_takeBullte                           0x20004608   Data         208  pid.o(.bss)
    user_ramp                                0x200046d8   Data          16  bsp_ramp.o(.bss)
    receive_masge                            0x200046e8   Data          16  mytask.o(.bss)
    __initial_sp                             0x20004af8   Data           0  startup_stm32f427xx.o(STACK)



==============================================================================

Memory Map of the image

  Image Entry point : 0x080001ad

  Load Region LR_IROM1 (Base: 0x08000000, Size: 0x000049e4, Max: 0x00200000, ABSOLUTE)

    Execution Region ER_IROM1 (Exec base: 0x08000000, Load base: 0x08000000, Size: 0x0000493c, Max: 0x00200000, ABSOLUTE)

    Exec Addr    Load Addr    Size         Type   Attr      Idx    E Section Name        Object

    0x08000000   0x08000000   0x000001ac   Data   RO            3    RESET               startup_stm32f427xx.o
    0x080001ac   0x080001ac   0x00000000   Code   RO         5007  * .ARM.Collect$$$$00000000  mc_w.l(entry.o)
    0x080001ac   0x080001ac   0x00000004   Code   RO         5028    .ARM.Collect$$$$00000001  mc_w.l(entry2.o)
    0x080001b0   0x080001b0   0x00000004   Code   RO         5031    .ARM.Collect$$$$00000004  mc_w.l(entry5.o)
    0x080001b4   0x080001b4   0x00000000   Code   RO         5033    .ARM.Collect$$$$00000008  mc_w.l(entry7b.o)
    0x080001b4   0x080001b4   0x00000000   Code   RO         5035    .ARM.Collect$$$$0000000A  mc_w.l(entry8b.o)
    0x080001b4   0x080001b4   0x00000008   Code   RO         5036    .ARM.Collect$$$$0000000B  mc_w.l(entry9a.o)
    0x080001bc   0x080001bc   0x00000000   Code   RO         5038    .ARM.Collect$$$$0000000D  mc_w.l(entry10a.o)
    0x080001bc   0x080001bc   0x00000000   Code   RO         5040    .ARM.Collect$$$$0000000F  mc_w.l(entry11a.o)
    0x080001bc   0x080001bc   0x00000004   Code   RO         5029    .ARM.Collect$$$$00002712  mc_w.l(entry2.o)
    0x080001c0   0x080001c0   0x000000be   Code   RO         4645    .emb_text           port.o
    0x0800027e   0x0800027e   0x00000002   PAD
    0x08000280   0x08000280   0x00000024   Code   RO            4    .text               startup_stm32f427xx.o
    0x080002a4   0x080002a4   0x00000062   Code   RO         5010    .text               mc_w.l(uldiv.o)
    0x08000306   0x08000306   0x00000024   Code   RO         5012    .text               mc_w.l(memcpya.o)
    0x0800032a   0x0800032a   0x00000024   Code   RO         5016    .text               mc_w.l(memseta.o)
    0x0800034e   0x0800034e   0x000000e4   Code   RO         5020    .text               mf_w.l(dmul.o)
    0x08000432   0x08000432   0x000000de   Code   RO         5022    .text               mf_w.l(ddiv.o)
    0x08000510   0x08000510   0x00000022   Code   RO         5024    .text               mf_w.l(dflti.o)
    0x08000532   0x08000532   0x0000003e   Code   RO         5026    .text               mf_w.l(dfixi.o)
    0x08000570   0x08000570   0x0000001e   Code   RO         5042    .text               mc_w.l(llshl.o)
    0x0800058e   0x0800058e   0x00000020   Code   RO         5044    .text               mc_w.l(llushr.o)
    0x080005ae   0x080005ae   0x00000000   Code   RO         5046    .text               mc_w.l(iusefp.o)
    0x080005ae   0x080005ae   0x000000ba   Code   RO         5047    .text               mf_w.l(depilogue.o)
    0x08000668   0x08000668   0x00000024   Code   RO         5049    .text               mc_w.l(init.o)
    0x0800068c   0x0800068c   0x00000002   Code   RO          570    i.BusFault_Handler  stm32f4xx_it.o
    0x0800068e   0x0800068e   0x00000002   PAD
    0x08000690   0x08000690   0x0000000c   Code   RO          571    i.CAN1_RX0_IRQHandler  stm32f4xx_it.o
    0x0800069c   0x0800069c   0x0000000c   Code   RO          572    i.CAN1_TX_IRQHandler  stm32f4xx_it.o
    0x080006a8   0x080006a8   0x0000000c   Code   RO          573    i.CAN2_RX0_IRQHandler  stm32f4xx_it.o
    0x080006b4   0x080006b4   0x0000000c   Code   RO          574    i.CAN2_TX_IRQHandler  stm32f4xx_it.o
    0x080006c0   0x080006c0   0x0000000c   Code   RO          575    i.DMA2_Stream1_IRQHandler  stm32f4xx_it.o
    0x080006cc   0x080006cc   0x0000000c   Code   RO          576    i.DMA2_Stream2_IRQHandler  stm32f4xx_it.o
    0x080006d8   0x080006d8   0x0000000c   Code   RO          577    i.DMA2_Stream6_IRQHandler  stm32f4xx_it.o
    0x080006e4   0x080006e4   0x0000000c   Code   RO          578    i.DMA2_Stream7_IRQHandler  stm32f4xx_it.o
    0x080006f0   0x080006f0   0x00000028   Code   RO         1463    i.DMA_CalcBaseAndBitshift  stm32f4xx_hal_dma.o
    0x08000718   0x08000718   0x00000054   Code   RO         1464    i.DMA_CheckFifoParam  stm32f4xx_hal_dma.o
    0x0800076c   0x0800076c   0x00000002   Code   RO          579    i.DebugMon_Handler  stm32f4xx_it.o
    0x0800076e   0x0800076e   0x00000002   Code   RO           13    i.Error_Handler     main.o
    0x08000770   0x08000770   0x00000024   Code   RO          719    i.HAL_CAN_ActivateNotification  stm32f4xx_hal_can.o
    0x08000794   0x08000794   0x000000c8   Code   RO          720    i.HAL_CAN_AddTxMessage  stm32f4xx_hal_can.o
    0x0800085c   0x0800085c   0x0000010c   Code   RO          721    i.HAL_CAN_ConfigFilter  stm32f4xx_hal_can.o
    0x08000968   0x08000968   0x00000002   Code   RO          724    i.HAL_CAN_ErrorCallback  stm32f4xx_hal_can.o
    0x0800096a   0x0800096a   0x000000e8   Code   RO          727    i.HAL_CAN_GetRxMessage  stm32f4xx_hal_can.o
    0x08000a52   0x08000a52   0x000001fc   Code   RO          731    i.HAL_CAN_IRQHandler  stm32f4xx_hal_can.o
    0x08000c4e   0x08000c4e   0x0000011a   Code   RO          732    i.HAL_CAN_Init      stm32f4xx_hal_can.o
    0x08000d68   0x08000d68   0x0000011c   Code   RO          266    i.HAL_CAN_MspInit   can.o
    0x08000e84   0x08000e84   0x00000002   Code   RO          739    i.HAL_CAN_RxFifo0FullCallback  stm32f4xx_hal_can.o
    0x08000e86   0x08000e86   0x00000002   PAD
    0x08000e88   0x08000e88   0x00000054   Code   RO         4725    i.HAL_CAN_RxFifo0MsgPendingCallback  bsp_can.o
    0x08000edc   0x08000edc   0x00000002   Code   RO          741    i.HAL_CAN_RxFifo1FullCallback  stm32f4xx_hal_can.o
    0x08000ede   0x08000ede   0x00000002   Code   RO          742    i.HAL_CAN_RxFifo1MsgPendingCallback  stm32f4xx_hal_can.o
    0x08000ee0   0x08000ee0   0x00000002   Code   RO          743    i.HAL_CAN_SleepCallback  stm32f4xx_hal_can.o
    0x08000ee2   0x08000ee2   0x00000002   PAD
    0x08000ee4   0x08000ee4   0x00000058   Code   RO          744    i.HAL_CAN_Start     stm32f4xx_hal_can.o
    0x08000f3c   0x08000f3c   0x00000002   Code   RO          746    i.HAL_CAN_TxMailbox0AbortCallback  stm32f4xx_hal_can.o
    0x08000f3e   0x08000f3e   0x00000002   Code   RO          747    i.HAL_CAN_TxMailbox0CompleteCallback  stm32f4xx_hal_can.o
    0x08000f40   0x08000f40   0x00000002   Code   RO          748    i.HAL_CAN_TxMailbox1AbortCallback  stm32f4xx_hal_can.o
    0x08000f42   0x08000f42   0x00000002   Code   RO          749    i.HAL_CAN_TxMailbox1CompleteCallback  stm32f4xx_hal_can.o
    0x08000f44   0x08000f44   0x00000002   Code   RO          750    i.HAL_CAN_TxMailbox2AbortCallback  stm32f4xx_hal_can.o
    0x08000f46   0x08000f46   0x00000002   Code   RO          751    i.HAL_CAN_TxMailbox2CompleteCallback  stm32f4xx_hal_can.o
    0x08000f48   0x08000f48   0x00000002   Code   RO          753    i.HAL_CAN_WakeUpFromRxMsgCallback  stm32f4xx_hal_can.o
    0x08000f4a   0x08000f4a   0x00000024   Code   RO         1467    i.HAL_DMA_Abort_IT  stm32f4xx_hal_dma.o
    0x08000f6e   0x08000f6e   0x00000002   PAD
    0x08000f70   0x08000f70   0x000001a0   Code   RO         1471    i.HAL_DMA_IRQHandler  stm32f4xx_hal_dma.o
    0x08001110   0x08001110   0x000000d4   Code   RO         1472    i.HAL_DMA_Init      stm32f4xx_hal_dma.o
    0x080011e4   0x080011e4   0x000001d4   Code   RO         1359    i.HAL_GPIO_Init     stm32f4xx_hal_gpio.o
    0x080013b8   0x080013b8   0x0000000a   Code   RO         1361    i.HAL_GPIO_ReadPin  stm32f4xx_hal_gpio.o
    0x080013c2   0x080013c2   0x0000000a   Code   RO         1363    i.HAL_GPIO_WritePin  stm32f4xx_hal_gpio.o
    0x080013cc   0x080013cc   0x0000000c   Code   RO         1911    i.HAL_GetTick       stm32f4xx_hal.o
    0x080013d8   0x080013d8   0x00000010   Code   RO         1917    i.HAL_IncTick       stm32f4xx_hal.o
    0x080013e8   0x080013e8   0x00000034   Code   RO         1918    i.HAL_Init          stm32f4xx_hal.o
    0x0800141c   0x0800141c   0x00000074   Code   RO          429    i.HAL_InitTick      stm32f4xx_hal_timebase_tim.o
    0x08001490   0x08001490   0x00000038   Code   RO          694    i.HAL_MspInit       stm32f4xx_hal_msp.o
    0x080014c8   0x080014c8   0x0000001a   Code   RO         1766    i.HAL_NVIC_EnableIRQ  stm32f4xx_hal_cortex.o
    0x080014e2   0x080014e2   0x00000002   PAD
    0x080014e4   0x080014e4   0x00000040   Code   RO         1772    i.HAL_NVIC_SetPriority  stm32f4xx_hal_cortex.o
    0x08001524   0x08001524   0x00000024   Code   RO         1773    i.HAL_NVIC_SetPriorityGrouping  stm32f4xx_hal_cortex.o
    0x08001548   0x08001548   0x00000070   Code   RO         1695    i.HAL_PWREx_EnableOverDrive  stm32f4xx_hal_pwr_ex.o
    0x080015b8   0x080015b8   0x00000134   Code   RO          953    i.HAL_RCC_ClockConfig  stm32f4xx_hal_rcc.o
    0x080016ec   0x080016ec   0x00000040   Code   RO          957    i.HAL_RCC_GetClockConfig  stm32f4xx_hal_rcc.o
    0x0800172c   0x0800172c   0x00000020   Code   RO          960    i.HAL_RCC_GetPCLK1Freq  stm32f4xx_hal_rcc.o
    0x0800174c   0x0800174c   0x00000020   Code   RO          961    i.HAL_RCC_GetPCLK2Freq  stm32f4xx_hal_rcc.o
    0x0800176c   0x0800176c   0x00000064   Code   RO          962    i.HAL_RCC_GetSysClockFreq  stm32f4xx_hal_rcc.o
    0x080017d0   0x080017d0   0x0000035c   Code   RO          965    i.HAL_RCC_OscConfig  stm32f4xx_hal_rcc.o
    0x08001b2c   0x08001b2c   0x00000002   Code   RO         2843    i.HAL_TIMEx_BreakCallback  stm32f4xx_hal_tim_ex.o
    0x08001b2e   0x08001b2e   0x00000002   Code   RO         2844    i.HAL_TIMEx_CommutCallback  stm32f4xx_hal_tim_ex.o
    0x08001b30   0x08001b30   0x00000054   Code   RO         2846    i.HAL_TIMEx_ConfigBreakDeadTime  stm32f4xx_hal_tim_ex.o
    0x08001b84   0x08001b84   0x00000090   Code   RO         2861    i.HAL_TIMEx_MasterConfigSynchronization  stm32f4xx_hal_tim_ex.o
    0x08001c14   0x08001c14   0x00000036   Code   RO         2168    i.HAL_TIM_Base_Init  stm32f4xx_hal_tim.o
    0x08001c4a   0x08001c4a   0x00000002   PAD
    0x08001c4c   0x08001c4c   0x00000040   Code   RO          469    i.HAL_TIM_Base_MspInit  tim.o
    0x08001c8c   0x08001c8c   0x00000022   Code   RO         2173    i.HAL_TIM_Base_Start_IT  stm32f4xx_hal_tim.o
    0x08001cae   0x08001cae   0x000000d6   Code   RO         2177    i.HAL_TIM_ConfigClockSource  stm32f4xx_hal_tim.o
    0x08001d84   0x08001d84   0x00000002   Code   RO         2197    i.HAL_TIM_IC_CaptureCallback  stm32f4xx_hal_tim.o
    0x08001d86   0x08001d86   0x00000166   Code   RO         2211    i.HAL_TIM_IRQHandler  stm32f4xx_hal_tim.o
    0x08001eec   0x08001eec   0x00000080   Code   RO          470    i.HAL_TIM_MspPostInit  tim.o
    0x08001f6c   0x08001f6c   0x00000002   Code   RO         2214    i.HAL_TIM_OC_DelayElapsedCallback  stm32f4xx_hal_tim.o
    0x08001f6e   0x08001f6e   0x000000d0   Code   RO         2235    i.HAL_TIM_PWM_ConfigChannel  stm32f4xx_hal_tim.o
    0x0800203e   0x0800203e   0x00000036   Code   RO         2238    i.HAL_TIM_PWM_Init  stm32f4xx_hal_tim.o
    0x08002074   0x08002074   0x00000002   Code   RO         2240    i.HAL_TIM_PWM_MspInit  stm32f4xx_hal_tim.o
    0x08002076   0x08002076   0x00000002   Code   RO         2241    i.HAL_TIM_PWM_PulseFinishedCallback  stm32f4xx_hal_tim.o
    0x08002078   0x08002078   0x00000044   Code   RO         2243    i.HAL_TIM_PWM_Start  stm32f4xx_hal_tim.o
    0x080020bc   0x080020bc   0x00000014   Code   RO           14    i.HAL_TIM_PeriodElapsedCallback  main.o
    0x080020d0   0x080020d0   0x00000002   Code   RO         2254    i.HAL_TIM_TriggerCallback  stm32f4xx_hal_tim.o
    0x080020d2   0x080020d2   0x00000002   Code   RO         3115    i.HAL_UART_ErrorCallback  stm32f4xx_hal_uart.o
    0x080020d4   0x080020d4   0x00000114   Code   RO         3118    i.HAL_UART_IRQHandler  stm32f4xx_hal_uart.o
    0x080021e8   0x080021e8   0x00000062   Code   RO         3119    i.HAL_UART_Init     stm32f4xx_hal_uart.o
    0x0800224a   0x0800224a   0x00000002   PAD
    0x0800224c   0x0800224c   0x000001c4   Code   RO          523    i.HAL_UART_MspInit  usart.o
    0x08002410   0x08002410   0x00000052   Code   RO         3124    i.HAL_UART_Receive_IT  stm32f4xx_hal_uart.o
    0x08002462   0x08002462   0x00000002   Code   RO         3125    i.HAL_UART_RxCpltCallback  stm32f4xx_hal_uart.o
    0x08002464   0x08002464   0x000000ba   Code   RO         3127    i.HAL_UART_Transmit  stm32f4xx_hal_uart.o
    0x0800251e   0x0800251e   0x00000002   Code   RO         3130    i.HAL_UART_TxCpltCallback  stm32f4xx_hal_uart.o
    0x08002520   0x08002520   0x00000002   Code   RO          580    i.HardFault_Handler  stm32f4xx_it.o
    0x08002522   0x08002522   0x00000002   PAD
    0x08002524   0x08002524   0x00000044   Code   RO          267    i.MX_CAN1_Init      can.o
    0x08002568   0x08002568   0x00000044   Code   RO          268    i.MX_CAN2_Init      can.o
    0x080025ac   0x080025ac   0x0000005c   Code   RO          314    i.MX_DMA_Init       dma.o
    0x08002608   0x08002608   0x00000080   Code   RO          338    i.MX_FREERTOS_Init  freertos.o
    0x08002688   0x08002688   0x00000108   Code   RO          241    i.MX_GPIO_Init      gpio.o
    0x08002790   0x08002790   0x000000b0   Code   RO          471    i.MX_TIM2_Init      tim.o
    0x08002840   0x08002840   0x000000d8   Code   RO          472    i.MX_TIM8_Init      tim.o
    0x08002918   0x08002918   0x00000038   Code   RO          524    i.MX_USART1_UART_Init  usart.o
    0x08002950   0x08002950   0x00000038   Code   RO          525    i.MX_USART6_UART_Init  usart.o
    0x08002988   0x08002988   0x00000002   Code   RO          581    i.MemManage_Handler  stm32f4xx_it.o
    0x0800298a   0x0800298a   0x00000002   Code   RO          582    i.NMI_Handler       stm32f4xx_it.o
    0x0800298c   0x0800298c   0x00000010   Code   RO         4787    i.PID_struct_init   pid.o
    0x0800299c   0x0800299c   0x00000034   Code   RO          339    i.StartDefaultTask  freertos.o
    0x080029d0   0x080029d0   0x0000002c   Code   RO         4646    i.SysTick_Handler   port.o
    0x080029fc   0x080029fc   0x00000088   Code   RO           15    i.SystemClock_Config  main.o
    0x08002a84   0x08002a84   0x0000001c   Code   RO         3421    i.SystemInit        system_stm32f4xx.o
    0x08002aa0   0x08002aa0   0x0000000c   Code   RO          583    i.TIM1_UP_TIM10_IRQHandler  stm32f4xx_it.o
    0x08002aac   0x08002aac   0x000000c8   Code   RO         2256    i.TIM_Base_SetConfig  stm32f4xx_hal_tim.o
    0x08002b74   0x08002b74   0x0000001a   Code   RO         2257    i.TIM_CCxChannelCmd  stm32f4xx_hal_tim.o
    0x08002b8e   0x08002b8e   0x00000014   Code   RO         2267    i.TIM_ETR_SetConfig  stm32f4xx_hal_tim.o
    0x08002ba2   0x08002ba2   0x00000010   Code   RO         2268    i.TIM_ITRx_SetConfig  stm32f4xx_hal_tim.o
    0x08002bb2   0x08002bb2   0x00000002   PAD
    0x08002bb4   0x08002bb4   0x00000060   Code   RO         2269    i.TIM_OC1_SetConfig  stm32f4xx_hal_tim.o
    0x08002c14   0x08002c14   0x0000006c   Code   RO         2270    i.TIM_OC2_SetConfig  stm32f4xx_hal_tim.o
    0x08002c80   0x08002c80   0x00000068   Code   RO         2271    i.TIM_OC3_SetConfig  stm32f4xx_hal_tim.o
    0x08002ce8   0x08002ce8   0x00000050   Code   RO         2272    i.TIM_OC4_SetConfig  stm32f4xx_hal_tim.o
    0x08002d38   0x08002d38   0x00000022   Code   RO         2274    i.TIM_TI1_ConfigInputStage  stm32f4xx_hal_tim.o
    0x08002d5a   0x08002d5a   0x00000024   Code   RO         2276    i.TIM_TI2_ConfigInputStage  stm32f4xx_hal_tim.o
    0x08002d7e   0x08002d7e   0x00000010   Code   RO         3132    i.UART_DMAAbortOnError  stm32f4xx_hal_uart.o
    0x08002d8e   0x08002d8e   0x0000001c   Code   RO         3142    i.UART_EndRxTransfer  stm32f4xx_hal_uart.o
    0x08002daa   0x08002daa   0x00000096   Code   RO         3144    i.UART_Receive_IT   stm32f4xx_hal_uart.o
    0x08002e40   0x08002e40   0x00000128   Code   RO         3145    i.UART_SetConfig    stm32f4xx_hal_uart.o
    0x08002f68   0x08002f68   0x00000062   Code   RO         3146    i.UART_Transmit_IT  stm32f4xx_hal_uart.o
    0x08002fca   0x08002fca   0x00000064   Code   RO         3147    i.UART_WaitOnFlagUntilTimeout  stm32f4xx_hal_uart.o
    0x0800302e   0x0800302e   0x00000002   PAD
    0x08003030   0x08003030   0x0000000c   Code   RO          584    i.USART1_IRQHandler  stm32f4xx_it.o
    0x0800303c   0x0800303c   0x0000000c   Code   RO          585    i.USART6_IRQHandler  stm32f4xx_it.o
    0x08003048   0x08003048   0x00000002   Code   RO          586    i.UsageFault_Handler  stm32f4xx_it.o
    0x0800304a   0x0800304a   0x00000020   Code   RO         1779    i.__NVIC_SetPriority  stm32f4xx_hal_cortex.o
    0x0800306a   0x0800306a   0x0000000e   Code   RO         5053    i.__scatterload_copy  mc_w.l(handlers.o)
    0x08003078   0x08003078   0x00000002   Code   RO         5054    i.__scatterload_null  mc_w.l(handlers.o)
    0x0800307a   0x0800307a   0x0000000e   Code   RO         5055    i.__scatterload_zeroinit  mc_w.l(handlers.o)
    0x08003088   0x08003088   0x0000002a   Code   RO         4788    i.abs_limit         pid.o
    0x080030b2   0x080030b2   0x00000002   PAD
    0x080030b4   0x080030b4   0x0000003c   Code   RO         4912    i.deal_masge_get    bsp_masge.o
    0x080030f0   0x080030f0   0x0000006c   Code   RO         4913    i.deal_masge_put    bsp_masge.o
    0x0800315c   0x0800315c   0x00000042   Code   RO         4726    i.get_moto_measure  bsp_can.o
    0x0800319e   0x0800319e   0x00000006   Code   RO         4727    i.get_moto_offset   bsp_can.o
    0x080031a4   0x080031a4   0x0000007c   Code   RO         4946    i.giveBullteTaskFunction  mytask.o
    0x08003220   0x08003220   0x00000002   Code   RO         4947    i.holderTaskFunction  mytask.o
    0x08003222   0x08003222   0x00000002   PAD
    0x08003224   0x08003224   0x000000f8   Code   RO         4888    i.init_all          bsp_init.o
    0x0800331c   0x0800331c   0x0000002c   Code   RO         4948    i.jugement          mytask.o
    0x08003348   0x08003348   0x00000036   Code   RO           16    i.main              main.o
    0x0800337e   0x0800337e   0x0000000c   Code   RO         4217    i.makeFreeRtosPriority  cmsis_os.o
    0x0800338a   0x0800338a   0x0000000e   Code   RO         4219    i.osDelay           cmsis_os.o
    0x08003398   0x08003398   0x0000000a   Code   RO         4222    i.osKernelStart     cmsis_os.o
    0x080033a2   0x080033a2   0x00000054   Code   RO         4256    i.osThreadCreate    cmsis_os.o
    0x080033f6   0x080033f6   0x00000002   PAD
    0x080033f8   0x080033f8   0x000001c4   Code   RO         4789    i.pid_calc          pid.o
    0x080035bc   0x080035bc   0x0000000e   Code   RO         4790    i.pid_param_init    pid.o
    0x080035ca   0x080035ca   0x00000002   PAD
    0x080035cc   0x080035cc   0x00000070   Code   RO         3914    i.prvAddCurrentTaskToDelayedList  tasks.o
    0x0800363c   0x0800363c   0x000000d0   Code   RO         3915    i.prvAddNewTaskToReadyList  tasks.o
    0x0800370c   0x0800370c   0x00000034   Code   RO         3916    i.prvDeleteTCB      tasks.o
    0x08003740   0x08003740   0x0000004c   Code   RO         4584    i.prvHeapInit       heap_4.o
    0x0800378c   0x0800378c   0x00000060   Code   RO         3917    i.prvIdleTask       tasks.o
    0x080037ec   0x080037ec   0x0000008e   Code   RO         3918    i.prvInitialiseNewTask  tasks.o
    0x0800387a   0x0800387a   0x00000002   PAD
    0x0800387c   0x0800387c   0x0000004c   Code   RO         4585    i.prvInsertBlockIntoFreeList  heap_4.o
    0x080038c8   0x080038c8   0x00000020   Code   RO         3919    i.prvResetNextTaskUnblockTime  tasks.o
    0x080038e8   0x080038e8   0x00000028   Code   RO         4647    i.prvTaskExitError  port.o
    0x08003910   0x08003910   0x000000d8   Code   RO         4586    i.pvPortMalloc      heap_4.o
    0x080039e8   0x080039e8   0x0000002c   Code   RO         4648    i.pxPortInitialiseStack  port.o
    0x08003a14   0x08003a14   0x000000b8   Code   RO         4949    i.rescueTaskeFunction  mytask.o
    0x08003acc   0x08003acc   0x0000004a   Code   RO         4729    i.setMotoSpeed      bsp_can.o
    0x08003b16   0x08003b16   0x00000022   Code   RO         4846    i.speed_ramp_calc   bsp_ramp.o
    0x08003b38   0x08003b38   0x0000000e   Code   RO         4847    i.speed_ramp_completed  bsp_ramp.o
    0x08003b46   0x08003b46   0x0000001c   Code   RO         4848    i.speed_ramp_init   bsp_ramp.o
    0x08003b62   0x08003b62   0x00000002   PAD
    0x08003b64   0x08003b64   0x00000350   Code   RO         4950    i.take              mytask.o
    0x08003eb4   0x08003eb4   0x00000340   Code   RO         4951    i.takeBullteTaskFunction  mytask.o
    0x080041f4   0x080041f4   0x0000005c   Code   RO         4730    i.userCanInit       bsp_can.o
    0x08004250   0x08004250   0x00000026   Code   RO         3559    i.uxListRemove      list.o
    0x08004276   0x08004276   0x00000002   PAD
    0x08004278   0x08004278   0x00000014   Code   RO          340    i.vApplicationGetIdleTaskMemory  freertos.o
    0x0800428c   0x0800428c   0x00000016   Code   RO         3560    i.vListInitialise   list.o
    0x080042a2   0x080042a2   0x00000006   Code   RO         3561    i.vListInitialiseItem  list.o
    0x080042a8   0x080042a8   0x00000030   Code   RO         3562    i.vListInsert       list.o
    0x080042d8   0x080042d8   0x00000018   Code   RO         3563    i.vListInsertEnd    list.o
    0x080042f0   0x080042f0   0x00000040   Code   RO         4650    i.vPortEnterCritical  port.o
    0x08004330   0x08004330   0x00000028   Code   RO         4651    i.vPortExitCritical  port.o
    0x08004358   0x08004358   0x0000005c   Code   RO         4587    i.vPortFree         heap_4.o
    0x080043b4   0x080043b4   0x00000024   Code   RO         4652    i.vPortSetupTimerInterrupt  port.o
    0x080043d8   0x080043d8   0x0000004c   Code   RO         3927    i.vTaskDelay        tasks.o
    0x08004424   0x08004424   0x0000006c   Code   RO         3940    i.vTaskStartScheduler  tasks.o
    0x08004490   0x08004490   0x00000010   Code   RO         3942    i.vTaskSuspendAll   tasks.o
    0x080044a0   0x080044a0   0x0000005c   Code   RO         3943    i.vTaskSwitchContext  tasks.o
    0x080044fc   0x080044fc   0x000000f4   Code   RO         4654    i.xPortStartScheduler  port.o
    0x080045f0   0x080045f0   0x0000005a   Code   RO         3945    i.xTaskCreate       tasks.o
    0x0800464a   0x0800464a   0x00000056   Code   RO         3946    i.xTaskCreateStatic  tasks.o
    0x080046a0   0x080046a0   0x000000c8   Code   RO         3953    i.xTaskIncrementTick  tasks.o
    0x08004768   0x08004768   0x000000c4   Code   RO         3959    i.xTaskResumeAll    tasks.o
    0x0800482c   0x0800482c   0x0000008c   Data   RO          342    .constdata          freertos.o
    0x080048b8   0x080048b8   0x00000008   Data   RO         1478    .constdata          stm32f4xx_hal_dma.o
    0x080048c0   0x080048c0   0x00000010   Data   RO         3422    .constdata          system_stm32f4xx.o
    0x080048d0   0x080048d0   0x00000008   Data   RO         3423    .constdata          system_stm32f4xx.o
    0x080048d8   0x080048d8   0x00000044   Data   RO          343    .conststring        freertos.o
    0x0800491c   0x0800491c   0x00000020   Data   RO         5051    Region$$Table       anon$$obj.o


    Execution Region RW_IRAM1 (Exec base: 0x20000000, Load base: 0x0800493c, Size: 0x00004af8, Max: 0x00030000, ABSOLUTE)

    Exec Addr    Load Addr    Size         Type   Attr      Idx    E Section Name        Object

    0x20000000   0x0800493c   0x00000004   Data   RW          270    .data               can.o
    0x20000004   0x08004940   0x00000014   Data   RW          344    .data               freertos.o
    0x20000018   0x08004954   0x0000000c   Data   RW         1925    .data               stm32f4xx_hal.o
    0x20000024   0x08004960   0x00000004   Data   RW         3424    .data               system_stm32f4xx.o
    0x20000028   0x08004964   0x0000003c   Data   RW         3962    .data               tasks.o
    0x20000064   0x080049a0   0x00000018   Data   RW         4592    .data               heap_4.o
    0x2000007c   0x080049b8   0x0000000c   Data   RW         4655    .data               port.o
    0x20000088   0x080049c4   0x00000020   Data   RW         4953    .data               mytask.o
    0x200000a8        -       0x00000050   Zero   RW          269    .bss                can.o
    0x200000f8        -       0x00000254   Zero   RW          341    .bss                freertos.o
    0x2000034c        -       0x00000040   Zero   RW          432    .bss                stm32f4xx_hal_timebase_tim.o
    0x2000038c        -       0x00000080   Zero   RW          473    .bss                tim.o
    0x2000040c        -       0x00000200   Zero   RW          526    .bss                usart.o
    0x2000060c        -       0x000000f0   Zero   RW         3961    .bss                tasks.o
    0x200006fc        -       0x00003c00   Zero   RW         4591    .bss                heap_4.o
    0x200042fc        -       0x00000104   Zero   RW         4731    .bss                bsp_can.o
    0x20004400        -       0x00000208   Zero   RW         4792    .bss                pid.o
    0x20004608        -       0x000000d0   Zero   RW         4793    .bss                pid.o
    0x200046d8        -       0x00000010   Zero   RW         4849    .bss                bsp_ramp.o
    0x200046e8        -       0x00000010   Zero   RW         4952    .bss                mytask.o
    0x200046f8        -       0x00000400   Zero   RW            1    STACK               startup_stm32f427xx.o


==============================================================================

Image component sizes


      Code (inc. data)   RO Data    RW Data    ZI Data      Debug   Object Name

       322         22          0          0        260       4502   bsp_can.o
       248         34          0          0          0        619   bsp_init.o
       168         12          0          0          0       1622   bsp_masge.o
        76          0          0          0         16       2679   bsp_ramp.o
       420         42          0          4         80       2490   can.o
       120          0          0          0          0      22505   cmsis_os.o
        92          4          0          0          0        794   dma.o
         0          0          0          0          0      18160   event_groups.o
       200         28        208         20        596       7421   freertos.o
       264         20          0          0          0       1123   gpio.o
       460         24          0         24      15360       7387   heap_4.o
       138          0          0          0          0       3598   list.o
       212         14          0          0          0     775668   main.o
      2034        154          0         32         16       5434   mytask.o
       524          8          0          0        728       4711   pid.o
       702         72          0         12          0      11176   port.o
        36          8        428          0       1024        844   startup_stm32f427xx.o
        80         14          0         12          0       8278   stm32f4xx_hal.o
      1638          6          0          0          0      14447   stm32f4xx_hal_can.o
       158         14          0          0          0      33202   stm32f4xx_hal_cortex.o
       788         16          8          0          0       4783   stm32f4xx_hal_dma.o
       488         54          0          0          0       3103   stm32f4xx_hal_gpio.o
        56          4          0          0          0        854   stm32f4xx_hal_msp.o
       112         14          0          0          0       1304   stm32f4xx_hal_pwr_ex.o
      1396         92          0          0          0       5945   stm32f4xx_hal_rcc.o
      1720         90          0          0          0      16722   stm32f4xx_hal_tim.o
       232         28          0          0          0       3317   stm32f4xx_hal_tim_ex.o
       116         16          0          0         64       1419   stm32f4xx_hal_timebase_tim.o
      1336         16          0          0          0      10441   stm32f4xx_hal_uart.o
       144         66          0          0          0       7998   stm32f4xx_it.o
         0          0          0          0          0        392   stream_buffer.o
        28          6         24          4          0       1155   system_stm32f4xx.o
      1506        110          0         60        240      16694   tasks.o
       584         38          0          0        128       3297   tim.o
       564         52          0          0        512       2819   usart.o

    ----------------------------------------------------------------------
     16998       1078        700        168      19024    1006903   Object Totals
         0          0         32          0          0          0   (incl. Generated)
        36          0          0          0          0          0   (incl. Padding)

    ----------------------------------------------------------------------

      Code (inc. data)   RO Data    RW Data    ZI Data      Debug   Library Member Name

         0          0          0          0          0          0   entry.o
         0          0          0          0          0          0   entry10a.o
         0          0          0          0          0          0   entry11a.o
         8          4          0          0          0          0   entry2.o
         4          0          0          0          0          0   entry5.o
         0          0          0          0          0          0   entry7b.o
         0          0          0          0          0          0   entry8b.o
         8          4          0          0          0          0   entry9a.o
        30          0          0          0          0          0   handlers.o
        36          8          0          0          0         68   init.o
         0          0          0          0          0          0   iusefp.o
        30          0          0          0          0         68   llshl.o
        32          0          0          0          0         68   llushr.o
        36          0          0          0          0         68   memcpya.o
        36          0          0          0          0        108   memseta.o
        98          0          0          0          0         92   uldiv.o
       222          0          0          0          0        100   ddiv.o
       186          0          0          0          0        176   depilogue.o
        62          0          0          0          0         80   dfixi.o
        34          0          0          0          0         76   dflti.o
       228          0          0          0          0         96   dmul.o

    ----------------------------------------------------------------------
      1050         16          0          0          0       1000   Library Totals
         0          0          0          0          0          0   (incl. Padding)

    ----------------------------------------------------------------------

      Code (inc. data)   RO Data    RW Data    ZI Data      Debug   Library Name

       318         16          0          0          0        472   mc_w.l
       732          0          0          0          0        528   mf_w.l

    ----------------------------------------------------------------------
      1050         16          0          0          0       1000   Library Totals

    ----------------------------------------------------------------------

==============================================================================


      Code (inc. data)   RO Data    RW Data    ZI Data      Debug   

     18048       1094        700        168      19024     991139   Grand Totals
     18048       1094        700        168      19024     991139   ELF Image Totals
     18048       1094        700        168          0          0   ROM Totals

==============================================================================

    Total RO  Size (Code + RO Data)                18748 (  18.31kB)
    Total RW  Size (RW Data + ZI Data)             19192 (  18.74kB)
    Total ROM Size (Code + RO Data + RW Data)      18916 (  18.47kB)

==============================================================================

