Component: ARM Compiler 5.06 update 6 (build 750) Tool: armlink [4d35ed]

==============================================================================

Section Cross References

    startup_stm32f427xx.o(RESET) refers to startup_stm32f427xx.o(STACK) for __initial_sp
    startup_stm32f427xx.o(RESET) refers to startup_stm32f427xx.o(.text) for Reset_Handler
    startup_stm32f427xx.o(RESET) refers to stm32f4xx_it.o(i.NMI_Handler) for NMI_Handler
    startup_stm32f427xx.o(RESET) refers to stm32f4xx_it.o(i.HardFault_Handler) for HardFault_Handler
    startup_stm32f427xx.o(RESET) refers to stm32f4xx_it.o(i.MemManage_Handler) for MemManage_Handler
    startup_stm32f427xx.o(RESET) refers to stm32f4xx_it.o(i.BusFault_Handler) for BusFault_Handler
    startup_stm32f427xx.o(RESET) refers to stm32f4xx_it.o(i.UsageFault_Handler) for UsageFault_Handler
    startup_stm32f427xx.o(RESET) refers to port.o(.emb_text) for SVC_Handler
    startup_stm32f427xx.o(RESET) refers to stm32f4xx_it.o(i.DebugMon_Handler) for DebugMon_Handler
    startup_stm32f427xx.o(RESET) refers to port.o(i.SysTick_Handler) for SysTick_Handler
    startup_stm32f427xx.o(RESET) refers to stm32f4xx_it.o(i.CAN1_TX_IRQHandler) for CAN1_TX_IRQHandler
    startup_stm32f427xx.o(RESET) refers to stm32f4xx_it.o(i.CAN1_RX0_IRQHandler) for CAN1_RX0_IRQHandler
    startup_stm32f427xx.o(RESET) refers to stm32f4xx_it.o(i.TIM2_IRQHandler) for TIM2_IRQHandler
    startup_stm32f427xx.o(RESET) refers to stm32f4xx_it.o(i.USART1_IRQHandler) for USART1_IRQHandler
    startup_stm32f427xx.o(RESET) refers to stm32f4xx_it.o(i.TIM5_IRQHandler) for TIM5_IRQHandler
    startup_stm32f427xx.o(RESET) refers to stm32f4xx_it.o(i.CAN2_TX_IRQHandler) for CAN2_TX_IRQHandler
    startup_stm32f427xx.o(RESET) refers to stm32f4xx_it.o(i.CAN2_RX0_IRQHandler) for CAN2_RX0_IRQHandler
    startup_stm32f427xx.o(RESET) refers to stm32f4xx_it.o(i.USART6_IRQHandler) for USART6_IRQHandler
    startup_stm32f427xx.o(.text) refers to system_stm32f4xx.o(i.SystemInit) for SystemInit
    startup_stm32f427xx.o(.text) refers to entry.o(.ARM.Collect$$$$00000000) for __main
    main.o(i.HAL_TIM_PeriodElapsedCallback) refers to stm32f4xx_hal.o(i.HAL_IncTick) for HAL_IncTick
    main.o(i.SystemClock_Config) refers to memseta.o(.text) for __aeabi_memclr4
    main.o(i.SystemClock_Config) refers to stm32f4xx_hal_rcc.o(i.HAL_RCC_OscConfig) for HAL_RCC_OscConfig
    main.o(i.SystemClock_Config) refers to stm32f4xx_hal_pwr_ex.o(i.HAL_PWREx_EnableOverDrive) for HAL_PWREx_EnableOverDrive
    main.o(i.SystemClock_Config) refers to stm32f4xx_hal_rcc.o(i.HAL_RCC_ClockConfig) for HAL_RCC_ClockConfig
    main.o(i.main) refers to stm32f4xx_hal.o(i.HAL_Init) for HAL_Init
    main.o(i.main) refers to main.o(i.SystemClock_Config) for SystemClock_Config
    main.o(i.main) refers to gpio.o(i.MX_GPIO_Init) for MX_GPIO_Init
    main.o(i.main) refers to can.o(i.MX_CAN1_Init) for MX_CAN1_Init
    main.o(i.main) refers to can.o(i.MX_CAN2_Init) for MX_CAN2_Init
    main.o(i.main) refers to tim.o(i.MX_TIM2_Init) for MX_TIM2_Init
    main.o(i.main) refers to usart.o(i.MX_USART1_UART_Init) for MX_USART1_UART_Init
    main.o(i.main) refers to usart.o(i.MX_USART6_UART_Init) for MX_USART6_UART_Init
    main.o(i.main) refers to freertos.o(i.MX_FREERTOS_Init) for MX_FREERTOS_Init
    main.o(i.main) refers to cmsis_os.o(i.osKernelStart) for osKernelStart
    gpio.o(i.MX_GPIO_Init) refers to memseta.o(.text) for __aeabi_memclr4
    gpio.o(i.MX_GPIO_Init) refers to stm32f4xx_hal_gpio.o(i.HAL_GPIO_WritePin) for HAL_GPIO_WritePin
    gpio.o(i.MX_GPIO_Init) refers to stm32f4xx_hal_gpio.o(i.HAL_GPIO_Init) for HAL_GPIO_Init
    can.o(i.HAL_CAN_MspDeInit) refers to stm32f4xx_hal_gpio.o(i.HAL_GPIO_DeInit) for HAL_GPIO_DeInit
    can.o(i.HAL_CAN_MspDeInit) refers to stm32f4xx_hal_cortex.o(i.HAL_NVIC_DisableIRQ) for HAL_NVIC_DisableIRQ
    can.o(i.HAL_CAN_MspDeInit) refers to can.o(.data) for .data
    can.o(i.HAL_CAN_MspInit) refers to memseta.o(.text) for __aeabi_memclr4
    can.o(i.HAL_CAN_MspInit) refers to stm32f4xx_hal_gpio.o(i.HAL_GPIO_Init) for HAL_GPIO_Init
    can.o(i.HAL_CAN_MspInit) refers to stm32f4xx_hal_cortex.o(i.HAL_NVIC_SetPriority) for HAL_NVIC_SetPriority
    can.o(i.HAL_CAN_MspInit) refers to stm32f4xx_hal_cortex.o(i.HAL_NVIC_EnableIRQ) for HAL_NVIC_EnableIRQ
    can.o(i.HAL_CAN_MspInit) refers to can.o(.data) for .data
    can.o(i.MX_CAN1_Init) refers to stm32f4xx_hal_can.o(i.HAL_CAN_Init) for HAL_CAN_Init
    can.o(i.MX_CAN1_Init) refers to main.o(i.Error_Handler) for Error_Handler
    can.o(i.MX_CAN1_Init) refers to can.o(.bss) for .bss
    can.o(i.MX_CAN2_Init) refers to stm32f4xx_hal_can.o(i.HAL_CAN_Init) for HAL_CAN_Init
    can.o(i.MX_CAN2_Init) refers to main.o(i.Error_Handler) for Error_Handler
    can.o(i.MX_CAN2_Init) refers to can.o(.bss) for .bss
    freertos.o(i.MX_FREERTOS_Init) refers to memcpya.o(.text) for __aeabi_memcpy4
    freertos.o(i.MX_FREERTOS_Init) refers to cmsis_os.o(i.osThreadCreate) for osThreadCreate
[...]
    ..\Drivers\STM32F4xx_HAL_Driver\Src\stm32f4xx_hal_pwr.c 0x00000000   Number         0  stm32f4xx_hal_pwr.o ABSOLUTE
    ..\Drivers\STM32F4xx_HAL_Driver\Src\stm32f4xx_hal_pwr_ex.c 0x00000000   Number         0  stm32f4xx_hal_pwr_ex.o ABSOLUTE
    ..\Drivers\STM32F4xx_HAL_Driver\Src\stm32f4xx_hal_rcc.c 0x00000000   Number         0  stm32f4xx_hal_rcc.o ABSOLUTE
    ..\Drivers\STM32F4xx_HAL_Driver\Src\stm32f4xx_hal_rcc_ex.c 0x00000000   Number         0  stm32f4xx_hal_rcc_ex.o ABSOLUTE
    ..\Drivers\STM32F4xx_HAL_Driver\Src\stm32f4xx_hal_tim.c 0x00000000   Number         0  stm32f4xx_hal_tim.o ABSOLUTE
    ..\Drivers\STM32F4xx_HAL_Driver\Src\stm32f4xx_hal_tim_ex.c 0x00000000   Number         0  stm32f4xx_hal_tim_ex.o ABSOLUTE
    ..\Drivers\STM32F4xx_HAL_Driver\Src\stm32f4xx_hal_uart.c 0x00000000   Number         0  stm32f4xx_hal_uart.o ABSOLUTE
    ..\Middlewares\Third_Party\FreeRTOS\Source\CMSIS_RTOS\cmsis_os.c 0x00000000   Number         0  cmsis_os.o ABSOLUTE
    ..\Middlewares\Third_Party\FreeRTOS\Source\portable\RVDS\ARM_CM4F\port.c 0x00000000   Number         0  port.o ABSOLUTE
    ..\Src\can.c                             0x00000000   Number         0  can.o ABSOLUTE
    ..\Src\freertos.c                        0x00000000   Number         0  freertos.o ABSOLUTE
    ..\Src\gpio.c                            0x00000000   Number         0  gpio.o ABSOLUTE
    ..\Src\main.c                            0x00000000   Number         0  main.o ABSOLUTE
    ..\Src\stm32f4xx_hal_msp.c               0x00000000   Number         0  stm32f4xx_hal_msp.o ABSOLUTE
    ..\Src\stm32f4xx_hal_timebase_tim.c      0x00000000   Number         0  stm32f4xx_hal_timebase_tim.o ABSOLUTE
    ..\Src\stm32f4xx_it.c                    0x00000000   Number         0  stm32f4xx_it.o ABSOLUTE
    ..\Src\sys.c                             0x00000000   Number         0  sys.o ABSOLUTE
    ..\Src\system_stm32f4xx.c                0x00000000   Number         0  system_stm32f4xx.o ABSOLUTE
    ..\Src\tim.c                             0x00000000   Number         0  tim.o ABSOLUTE
    ..\Src\usart.c                           0x00000000   Number         0  usart.o ABSOLUTE
    ..\Task\mytask.c                         0x00000000   Number         0  mytask.o ABSOLUTE
    ..\\Task\\mytask.c                       0x00000000   Number         0  mytask.o ABSOLUTE
    ..\\bsp\\RC.C                            0x00000000   Number         0  rc.o ABSOLUTE
    ..\\bsp\\bsp_can.c                       0x00000000   Number         0  bsp_can.o ABSOLUTE
    ..\\bsp\\pid.c                           0x00000000   Number         0  pid.o ABSOLUTE
    ..\bsp\RC.C                              0x00000000   Number         0  rc.o ABSOLUTE
    ..\bsp\bsp_can.c                         0x00000000   Number         0  bsp_can.o ABSOLUTE
    ..\bsp\pid.c                             0x00000000   Number         0  pid.o ABSOLUTE
    dc.s                                     0x00000000   Number         0  dc.o ABSOLUTE
    handlers.s                               0x00000000   Number         0  handlers.o ABSOLUTE
    init.s                                   0x00000000   Number         0  init.o ABSOLUTE
    startup_stm32f427xx.s                    0x00000000   Number         0  startup_stm32f427xx.o ABSOLUTE
    RESET                                    0x08000000   Section      428  startup_stm32f427xx.o(RESET)
    .ARM.Collect$$$$00000000                 0x080001ac   Section        0  entry.o(.ARM.Collect$$$$00000000)
    .ARM.Collect$$$$00000001                 0x080001ac   Section        4  entry2.o(.ARM.Collect$$$$00000001)
    .ARM.Collect$$$$00000004                 0x080001b0   Section        4  entry5.o(.ARM.Collect$$$$00000004)
    .ARM.Collect$$$$00000008                 0x080001b4   Section        0  entry7b.o(.ARM.Collect$$$$00000008)
    .ARM.Collect$$$$0000000A                 0x080001b4   Section        0  entry8b.o(.ARM.Collect$$$$0000000A)
    .ARM.Collect$$$$0000000B                 0x080001b4   Section        8  entry9a.o(.ARM.Collect$$$$0000000B)
    .ARM.Collect$$$$0000000D                 0x080001bc   Section        0  entry10a.o(.ARM.Collect$$$$0000000D)
    .ARM.Collect$$$$0000000F                 0x080001bc   Section        0  entry11a.o(.ARM.Collect$$$$0000000F)
    .ARM.Collect$$$$00002712                 0x080001bc   Section        4  entry2.o(.ARM.Collect$$$$00002712)
    __lit__00000000                          0x080001bc   Data           4  entry2.o(.ARM.Collect$$$$00002712)
    .emb_text                                0x080001c0   Section      190  port.o(.emb_text)
    $v0                                      0x080001c0   Number         0  port.o(.emb_text)
    .text                                    0x08000280   Section       36  startup_stm32f427xx.o(.text)
    $v0                                      0x08000280   Number         0  startup_stm32f427xx.o(.text)
    .text                                    0x080002a4   Section        0  uldiv.o(.text)
    .text                                    0x08000306   Section        0  memcpya.o(.text)
    .text                                    0x0800032a   Section        0  memseta.o(.text)
    .text                                    0x0800034e   Section        0  dadd.o(.text)
    .text                                    0x0800049c   Section        0  dmul.o(.text)
    .text                                    0x08000580   Section        0  dflti.o(.text)
    .text                                    0x080005a2   Section        0  dfixi.o(.text)
    .text                                    0x080005e0   Section        0  f2d.o(.text)
    .text                                    0x08000606   Section        0  llshl.o(.text)
    .text                                    0x08000624   Section        0  llushr.o(.text)
    .text                                    0x08000644   Section        0  llsshr.o(.text)
    .text                                    0x08000668   Section        0  depilogue.o(.text)
    .text                                    0x08000668   Section        0  iusefp.o(.text)
    .text                                    0x08000724   Section       36  init.o(.text)
    i.BusFault_Handler                       0x08000748   Section        0  stm32f4xx_it.o(i.BusFault_Handler)
    i.CAN1_RX0_IRQHandler                    0x0800074c   Section        0  stm32f4xx_it.o(i.CAN1_RX0_IRQHandler)
    i.CAN1_TX_IRQHandler                     0x08000758   Section        0  stm32f4xx_it.o(i.CAN1_TX_IRQHandler)
    i.CAN2_RX0_IRQHandler                    0x08000764   Section        0  stm32f4xx_it.o(i.CAN2_RX0_IRQHandler)
    i.CAN2_TX_IRQHandler                     0x08000770   Section        0  stm32f4xx_it.o(i.CAN2_TX_IRQHandler)
    i.DebugMon_Handler                       0x0800077c   Section        0  stm32f4xx_it.o(i.DebugMon_Handler)
    i.Error_Handler                          0x0800077e   Section        0  main.o(i.Error_Handler)
    i.HAL_CAN_ActivateNotification           0x08000780   Section        0  stm32f4xx_hal_can.o(i.HAL_CAN_ActivateNotification)
    i.HAL_CAN_AddTxMessage                   0x080007a4   Section        0  stm32f4xx_hal_can.o(i.HAL_CAN_AddTxMessage)
    i.HAL_CAN_ConfigFilter                   0x0800086c   Section        0  stm32f4xx_hal_can.o(i.HAL_CAN_ConfigFilter)
    i.HAL_CAN_ErrorCallback                  0x08000978   Section        0  stm32f4xx_hal_can.o(i.HAL_CAN_ErrorCallback)
    i.HAL_CAN_GetRxMessage                   0x0800097a   Section        0  stm32f4xx_hal_can.o(i.HAL_CAN_GetRxMessage)
    i.HAL_CAN_IRQHandler                     0x08000a62   Section        0  stm32f4xx_hal_can.o(i.HAL_CAN_IRQHandler)
    i.HAL_CAN_Init                           0x08000c5e   Section        0  stm32f4xx_hal_can.o(i.HAL_CAN_Init)
    i.HAL_CAN_MspInit                        0x08000d78   Section        0  can.o(i.HAL_CAN_MspInit)
    i.HAL_CAN_RxFifo0FullCallback            0x08000e94   Section        0  stm32f4xx_hal_can.o(i.HAL_CAN_RxFifo0FullCallback)
    i.HAL_CAN_RxFifo0MsgPendingCallback      0x08000e98   Section        0  bsp_can.o(i.HAL_CAN_RxFifo0MsgPendingCallback)
    i.HAL_CAN_RxFifo1FullCallback            0x08000efc   Section        0  stm32f4xx_hal_can.o(i.HAL_CAN_RxFifo1FullCallback)
    i.HAL_CAN_RxFifo1MsgPendingCallback      0x08000efe   Section        0  stm32f4xx_hal_can.o(i.HAL_CAN_RxFifo1MsgPendingCallback)
    i.HAL_CAN_SleepCallback                  0x08000f00   Section        0  stm32f4xx_hal_can.o(i.HAL_CAN_SleepCallback)
    i.HAL_CAN_Start                          0x08000f04   Section        0  stm32f4xx_hal_can.o(i.HAL_CAN_Start)
    i.HAL_CAN_TxMailbox0AbortCallback        0x08000f5c   Section        0  stm32f4xx_hal_can.o(i.HAL_CAN_TxMailbox0AbortCallback)
    i.HAL_CAN_TxMailbox0CompleteCallback     0x08000f5e   Section        0  stm32f4xx_hal_can.o(i.HAL_CAN_TxMailbox0CompleteCallback)
    i.HAL_CAN_TxMailbox1AbortCallback        0x08000f60   Section        0  stm32f4xx_hal_can.o(i.HAL_CAN_TxMailbox1AbortCallback)
    i.HAL_CAN_TxMailbox1CompleteCallback     0x08000f62   Section        0  stm32f4xx_hal_can.o(i.HAL_CAN_TxMailbox1CompleteCallback)
    i.HAL_CAN_TxMailbox2AbortCallback        0x08000f64   Section        0  stm32f4xx_hal_can.o(i.HAL_CAN_TxMailbox2AbortCallback)
    i.HAL_CAN_TxMailbox2CompleteCallback     0x08000f66   Section        0  stm32f4xx_hal_can.o(i.HAL_CAN_TxMailbox2CompleteCallback)
    i.HAL_CAN_WakeUpFromRxMsgCallback        0x08000f68   Section        0  stm32f4xx_hal_can.o(i.HAL_CAN_WakeUpFromRxMsgCallback)
    i.HAL_DMA_Abort_IT                       0x08000f6a   Section        0  stm32f4xx_hal_dma.o(i.HAL_DMA_Abort_IT)
    i.HAL_GPIO_Init                          0x08000f90   Section        0  stm32f4xx_hal_gpio.o(i.HAL_GPIO_Init)
    i.HAL_GPIO_ReadPin                       0x08001164   Section        0  stm32f4xx_hal_gpio.o(i.HAL_GPIO_ReadPin)
    i.HAL_GPIO_WritePin                      0x0800116e   Section        0  stm32f4xx_hal_gpio.o(i.HAL_GPIO_WritePin)
    i.HAL_GetTick                            0x08001178   Section        0  stm32f4xx_hal.o(i.HAL_GetTick)
    i.HAL_IncTick                            0x08001184   Section        0  stm32f4xx_hal.o(i.HAL_IncTick)
    i.HAL_Init                               0x08001194   Section        0  stm32f4xx_hal.o(i.HAL_Init)
    i.HAL_InitTick                           0x080011c8   Section        0  stm32f4xx_hal_timebase_tim.o(i.HAL_InitTick)
    i.HAL_MspInit                            0x0800123c   Section        0  stm32f4xx_hal_msp.o(i.HAL_MspInit)
    i.HAL_NVIC_EnableIRQ                     0x08001274   Section        0  stm32f4xx_hal_cortex.o(i.HAL_NVIC_EnableIRQ)
    i.HAL_NVIC_SetPriority                   0x08001290   Section        0  stm32f4xx_hal_cortex.o(i.HAL_NVIC_SetPriority)
    i.HAL_NVIC_SetPriorityGrouping           0x080012d0   Section        0  stm32f4xx_hal_cortex.o(i.HAL_NVIC_SetPriorityGrouping)
    i.HAL_PWREx_EnableOverDrive              0x080012f4   Section        0  stm32f4xx_hal_pwr_ex.o(i.HAL_PWREx_EnableOverDrive)
    i.HAL_RCC_ClockConfig                    0x08001364   Section        0  stm32f4xx_hal_rcc.o(i.HAL_RCC_ClockConfig)
    i.HAL_RCC_GetClockConfig                 0x08001498   Section        0  stm32f4xx_hal_rcc.o(i.HAL_RCC_GetClockConfig)
    i.HAL_RCC_GetPCLK1Freq                   0x080014d8   Section        0  stm32f4xx_hal_rcc.o(i.HAL_RCC_GetPCLK1Freq)
    i.HAL_RCC_GetPCLK2Freq                   0x080014f8   Section        0  stm32f4xx_hal_rcc.o(i.HAL_RCC_GetPCLK2Freq)
    i.HAL_RCC_GetSysClockFreq                0x08001518   Section        0  stm32f4xx_hal_rcc.o(i.HAL_RCC_GetSysClockFreq)
    i.HAL_RCC_OscConfig                      0x0800157c   Section        0  stm32f4xx_hal_rcc.o(i.HAL_RCC_OscConfig)
    i.HAL_TIMEx_BreakCallback                0x080018d8   Section        0  stm32f4xx_hal_tim_ex.o(i.HAL_TIMEx_BreakCallback)
    i.HAL_TIMEx_CommutCallback               0x080018da   Section        0  stm32f4xx_hal_tim_ex.o(i.HAL_TIMEx_CommutCallback)
    i.HAL_TIMEx_MasterConfigSynchronization  0x080018dc   Section        0  stm32f4xx_hal_tim_ex.o(i.HAL_TIMEx_MasterConfigSynchronization)
    i.HAL_TIM_Base_Init                      0x0800196c   Section        0  stm32f4xx_hal_tim.o(i.HAL_TIM_Base_Init)
    i.HAL_TIM_Base_MspInit                   0x080019a4   Section        0  tim.o(i.HAL_TIM_Base_MspInit)
    i.HAL_TIM_Base_Start_IT                  0x080019dc   Section        0  stm32f4xx_hal_tim.o(i.HAL_TIM_Base_Start_IT)
    i.HAL_TIM_ConfigClockSource              0x080019fe   Section        0  stm32f4xx_hal_tim.o(i.HAL_TIM_ConfigClockSource)
    i.HAL_TIM_IC_CaptureCallback             0x08001ad4   Section        0  stm32f4xx_hal_tim.o(i.HAL_TIM_IC_CaptureCallback)
    i.HAL_TIM_IRQHandler                     0x08001ad6   Section        0  stm32f4xx_hal_tim.o(i.HAL_TIM_IRQHandler)
    i.HAL_TIM_MspPostInit                    0x08001c3c   Section        0  tim.o(i.HAL_TIM_MspPostInit)
    i.HAL_TIM_OC_ConfigChannel               0x08001c8c   Section        0  stm32f4xx_hal_tim.o(i.HAL_TIM_OC_ConfigChannel)
    i.HAL_TIM_OC_DelayElapsedCallback        0x08001ce2   Section        0  stm32f4xx_hal_tim.o(i.HAL_TIM_OC_DelayElapsedCallback)
    i.HAL_TIM_OC_Init                        0x08001ce4   Section        0  stm32f4xx_hal_tim.o(i.HAL_TIM_OC_Init)
    i.HAL_TIM_OC_MspInit                     0x08001d1a   Section        0  stm32f4xx_hal_tim.o(i.HAL_TIM_OC_MspInit)
    i.HAL_TIM_PWM_PulseFinishedCallback      0x08001d1c   Section        0  stm32f4xx_hal_tim.o(i.HAL_TIM_PWM_PulseFinishedCallback)
    i.HAL_TIM_PWM_Start                      0x08001d20   Section        0  stm32f4xx_hal_tim.o(i.HAL_TIM_PWM_Start)
    i.HAL_TIM_PeriodElapsedCallback          0x08001d64   Section        0  main.o(i.HAL_TIM_PeriodElapsedCallback)
    i.HAL_TIM_TriggerCallback                0x08001d78   Section        0  stm32f4xx_hal_tim.o(i.HAL_TIM_TriggerCallback)
    i.HAL_UART_ErrorCallback                 0x08001d7a   Section        0  stm32f4xx_hal_uart.o(i.HAL_UART_ErrorCallback)
    i.HAL_UART_IRQHandler                    0x08001d7c   Section        0  stm32f4xx_hal_uart.o(i.HAL_UART_IRQHandler)
    i.HAL_UART_Init                          0x08001e90   Section        0  stm32f4xx_hal_uart.o(i.HAL_UART_Init)
    i.HAL_UART_MspInit                       0x08001ef4   Section        0  usart.o(i.HAL_UART_MspInit)
    i.HAL_UART_RxCpltCallback                0x08001fb8   Section        0  stm32f4xx_hal_uart.o(i.HAL_UART_RxCpltCallback)
    i.HAL_UART_Transmit                      0x08001fba   Section        0  stm32f4xx_hal_uart.o(i.HAL_UART_Transmit)
    i.HAL_UART_TxCpltCallback                0x08002074   Section        0  stm32f4xx_hal_uart.o(i.HAL_UART_TxCpltCallback)
    i.HardFault_Handler                      0x08002076   Section        0  stm32f4xx_it.o(i.HardFault_Handler)
    i.MX_CAN1_Init                           0x08002078   Section        0  can.o(i.MX_CAN1_Init)
    i.MX_CAN2_Init                           0x080020bc   Section        0  can.o(i.MX_CAN2_Init)
    i.MX_FREERTOS_Init                       0x08002100   Section        0  freertos.o(i.MX_FREERTOS_Init)
    i.MX_GPIO_Init                           0x08002168   Section        0  gpio.o(i.MX_GPIO_Init)
    i.MX_TIM2_Init                           0x08002264   Section        0  tim.o(i.MX_TIM2_Init)
    i.MX_USART1_UART_Init                    0x08002310   Section        0  usart.o(i.MX_USART1_UART_Init)
    i.MX_USART6_UART_Init                    0x08002348   Section        0  usart.o(i.MX_USART6_UART_Init)
    i.MemManage_Handler                      0x08002380   Section        0  stm32f4xx_it.o(i.MemManage_Handler)
    i.NMI_Handler                            0x08002382   Section        0  stm32f4xx_it.o(i.NMI_Handler)
    i.StartDefaultTask                       0x08002384   Section        0  freertos.o(i.StartDefaultTask)
    i.SysTick_Handler                        0x0800238c   Section        0  port.o(i.SysTick_Handler)
    i.SystemClock_Config                     0x080023b8   Section        0  main.o(i.SystemClock_Config)
    i.SystemInit                             0x08002440   Section        0  system_stm32f4xx.o(i.SystemInit)
    i.TIM2_IRQHandler                        0x0800245c   Section        0  stm32f4xx_it.o(i.TIM2_IRQHandler)
    i.TIM5_IRQHandler                        0x08002468   Section        0  stm32f4xx_it.o(i.TIM5_IRQHandler)
    i.TIM_Base_SetConfig                     0x08002474   Section        0  stm32f4xx_hal_tim.o(i.TIM_Base_SetConfig)
    i.TIM_CCxChannelCmd                      0x0800253c   Section        0  stm32f4xx_hal_tim.o(i.TIM_CCxChannelCmd)
    i.TIM_ETR_SetConfig                      0x08002556   Section        0  stm32f4xx_hal_tim.o(i.TIM_ETR_SetConfig)
    i.TIM_ITRx_SetConfig                     0x0800256a   Section        0  stm32f4xx_hal_tim.o(i.TIM_ITRx_SetConfig)
    TIM_ITRx_SetConfig                       0x0800256b   Thumb Code    16  stm32f4xx_hal_tim.o(i.TIM_ITRx_SetConfig)
    i.TIM_OC1_SetConfig                      0x0800257c   Section        0  stm32f4xx_hal_tim.o(i.TIM_OC1_SetConfig)
    TIM_OC1_SetConfig                        0x0800257d   Thumb Code    88  stm32f4xx_hal_tim.o(i.TIM_OC1_SetConfig)
    i.TIM_OC2_SetConfig                      0x080025dc   Section        0  stm32f4xx_hal_tim.o(i.TIM_OC2_SetConfig)
    i.TIM_OC3_SetConfig                      0x08002648   Section        0  stm32f4xx_hal_tim.o(i.TIM_OC3_SetConfig)
    TIM_OC3_SetConfig                        0x08002649   Thumb Code    96  stm32f4xx_hal_tim.o(i.TIM_OC3_SetConfig)
    i.TIM_OC4_SetConfig                      0x080026b0   Section        0  stm32f4xx_hal_tim.o(i.TIM_OC4_SetConfig)
    TIM_OC4_SetConfig                        0x080026b1   Thumb Code    70  stm32f4xx_hal_tim.o(i.TIM_OC4_SetConfig)
    i.TIM_TI1_ConfigInputStage               0x08002700   Section        0  stm32f4xx_hal_tim.o(i.TIM_TI1_ConfigInputStage)
    TIM_TI1_ConfigInputStage                 0x08002701   Thumb Code    34  stm32f4xx_hal_tim.o(i.TIM_TI1_ConfigInputStage)
    i.TIM_TI2_ConfigInputStage               0x08002722   Section        0  stm32f4xx_hal_tim.o(i.TIM_TI2_ConfigInputStage)
    TIM_TI2_ConfigInputStage                 0x08002723   Thumb Code    36  stm32f4xx_hal_tim.o(i.TIM_TI2_ConfigInputStage)
    i.UART_DMAAbortOnError                   0x08002746   Section        0  stm32f4xx_hal_uart.o(i.UART_DMAAbortOnError)
    UART_DMAAbortOnError                     0x08002747   Thumb Code    16  stm32f4xx_hal_uart.o(i.UART_DMAAbortOnError)
    i.UART_EndRxTransfer                     0x08002756   Section        0  stm32f4xx_hal_uart.o(i.UART_EndRxTransfer)
    UART_EndRxTransfer                       0x08002757   Thumb Code    28  stm32f4xx_hal_uart.o(i.UART_EndRxTransfer)
    i.UART_Receive_IT                        0x08002772   Section        0  stm32f4xx_hal_uart.o(i.UART_Receive_IT)
    UART_Receive_IT                          0x08002773   Thumb Code   150  stm32f4xx_hal_uart.o(i.UART_Receive_IT)
    i.UART_SetConfig                         0x08002808   Section        0  stm32f4xx_hal_uart.o(i.UART_SetConfig)
    UART_SetConfig                           0x08002809   Thumb Code   286  stm32f4xx_hal_uart.o(i.UART_SetConfig)
    i.UART_Transmit_IT                       0x08002930   Section        0  stm32f4xx_hal_uart.o(i.UART_Transmit_IT)
    UART_Transmit_IT                         0x08002931   Thumb Code    98  stm32f4xx_hal_uart.o(i.UART_Transmit_IT)
    i.UART_WaitOnFlagUntilTimeout            0x08002992   Section        0  stm32f4xx_hal_uart.o(i.UART_WaitOnFlagUntilTimeout)
    UART_WaitOnFlagUntilTimeout              0x08002993   Thumb Code   100  stm32f4xx_hal_uart.o(i.UART_WaitOnFlagUntilTimeout)
    i.USART1_IRQHandler                      0x080029f8   Section        0  stm32f4xx_it.o(i.USART1_IRQHandler)
    i.USART6_IRQHandler                      0x08002a04   Section        0  stm32f4xx_it.o(i.USART6_IRQHandler)
    i.UsageFault_Handler                     0x08002a10   Section        0  stm32f4xx_it.o(i.UsageFault_Handler)
    i.__NVIC_SetPriority                     0x08002a12   Section        0  stm32f4xx_hal_cortex.o(i.__NVIC_SetPriority)
    __NVIC_SetPriority                       0x08002a13   Thumb Code    32  stm32f4xx_hal_cortex.o(i.__NVIC_SetPriority)
    i.__scatterload_copy                     0x08002a32   Section       14  handlers.o(i.__scatterload_copy)
    i.__scatterload_null                     0x08002a40   Section        2  handlers.o(i.__scatterload_null)
    i.__scatterload_zeroinit                 0x08002a42   Section       14  handlers.o(i.__scatterload_zeroinit)
    i.abs_limit                              0x08002a50   Section        0  pid.o(i.abs_limit)
    i.can1Init                               0x08002a7c   Section        0  bsp_can.o(i.can1Init)
    i.can2Init                               0x08002ab8   Section        0  bsp_can.o(i.can2Init)
    i.get_moto_measure                       0x08002af4   Section        0  bsp_can.o(i.get_moto_measure)
    i.main                                   0x08002b60   Section        0  main.o(i.main)
    i.makeFreeRtosPriority                   0x08002b8a   Section        0  cmsis_os.o(i.makeFreeRtosPriority)
    makeFreeRtosPriority                     0x08002b8b   Thumb Code    12  cmsis_os.o(i.makeFreeRtosPriority)
    i.moveTaskFunction                       0x08002b98   Section        0  mytask.o(i.moveTaskFunction)
    i.msgSendTaskFunction                    0x08002e28   Section        0  mytask.o(i.msgSendTaskFunction)
    i.osDelay                                0x08002f5c   Section        0  cmsis_os.o(i.osDelay)
    i.osKernelStart                          0x08002f6a   Section        0  cmsis_os.o(i.osKernelStart)
    i.osThreadCreate                         0x08002f74   Section        0  cmsis_os.o(i.osThreadCreate)
    i.pid_calc                               0x08002fc8   Section        0  pid.o(i.pid_calc)
    i.prvAddCurrentTaskToDelayedList         0x0800318c   Section        0  tasks.o(i.prvAddCurrentTaskToDelayedList)
    prvAddCurrentTaskToDelayedList           0x0800318d   Thumb Code   102  tasks.o(i.prvAddCurrentTaskToDelayedList)
    i.prvAddNewTaskToReadyList               0x080031fc   Section        0  tasks.o(i.prvAddNewTaskToReadyList)
    prvAddNewTaskToReadyList                 0x080031fd   Thumb Code   194  tasks.o(i.prvAddNewTaskToReadyList)
    i.prvDeleteTCB                           0x080032cc   Section        0  tasks.o(i.prvDeleteTCB)
    prvDeleteTCB                             0x080032cd   Thumb Code    52  tasks.o(i.prvDeleteTCB)
    i.prvHeapInit                            0x08003300   Section        0  heap_4.o(i.prvHeapInit)
    prvHeapInit                              0x08003301   Thumb Code    66  heap_4.o(i.prvHeapInit)
    i.prvIdleTask                            0x0800334c   Section        0  tasks.o(i.prvIdleTask)
    prvIdleTask                              0x0800334d   Thumb Code    82  tasks.o(i.prvIdleTask)
    i.prvInitialiseNewTask                   0x080033ac   Section        0  tasks.o(i.prvInitialiseNewTask)
    prvInitialiseNewTask                     0x080033ad   Thumb Code   142  tasks.o(i.prvInitialiseNewTask)
    i.prvInsertBlockIntoFreeList             0x0800343c   Section        0  heap_4.o(i.prvInsertBlockIntoFreeList)
    prvInsertBlockIntoFreeList               0x0800343d   Thumb Code    72  heap_4.o(i.prvInsertBlockIntoFreeList)
    i.prvResetNextTaskUnblockTime            0x08003488   Section        0  tasks.o(i.prvResetNextTaskUnblockTime)
    prvResetNextTaskUnblockTime              0x08003489   Thumb Code    26  tasks.o(i.prvResetNextTaskUnblockTime)
    i.prvTaskExitError                       0x080034a8   Section        0  port.o(i.prvTaskExitError)
    prvTaskExitError                         0x080034a9   Thumb Code    36  port.o(i.prvTaskExitError)
    i.pvPortMalloc                           0x080034d0   Section        0  heap_4.o(i.pvPortMalloc)
    i.pxPortInitialiseStack                  0x080035a8   Section        0  port.o(i.pxPortInitialiseStack)
    i.rc_device_get_state                    0x080035d4   Section        0  rc.o(i.rc_device_get_state)
    i.rescueTaskeFunction                    0x080035e8   Section        0  mytask.o(i.rescueTaskeFunction)
    i.setMotoSpeed                           0x08003668   Section        0  bsp_can.o(i.setMotoSpeed)
    i.userCanInit                            0x080036b8   Section        0  bsp_can.o(i.userCanInit)
    i.uxListRemove                           0x080036d4   Section        0  list.o(i.uxListRemove)
    i.vApplicationGetIdleTaskMemory          0x080036fc   Section        0  freertos.o(i.vApplicationGetIdleTaskMemory)
    i.vListInitialise                        0x08003710   Section        0  list.o(i.vListInitialise)
    i.vListInitialiseItem                    0x08003726   Section        0  list.o(i.vListInitialiseItem)
    i.vListInsert                            0x0800372c   Section        0  list.o(i.vListInsert)
    i.vListInsertEnd                         0x0800375c   Section        0  list.o(i.vListInsertEnd)
    i.vPortEnterCritical                     0x08003774   Section        0  port.o(i.vPortEnterCritical)
    i.vPortExitCritical                      0x080037b4   Section        0  port.o(i.vPortExitCritical)
    i.vPortFree                              0x080037dc   Section        0  heap_4.o(i.vPortFree)
    i.vPortSetupTimerInterrupt               0x08003838   Section        0  port.o(i.vPortSetupTimerInterrupt)
    i.vTaskDelay                             0x0800385c   Section        0  tasks.o(i.vTaskDelay)
    i.vTaskStartScheduler                    0x080038a8   Section        0  tasks.o(i.vTaskStartScheduler)
    i.vTaskSuspendAll                        0x08003914   Section        0  tasks.o(i.vTaskSuspendAll)
    i.vTaskSwitchContext                     0x08003924   Section        0  tasks.o(i.vTaskSwitchContext)
    i.xPortStartScheduler                    0x08003980   Section        0  port.o(i.xPortStartScheduler)
    i.xTaskCreate                            0x08003a74   Section        0  tasks.o(i.xTaskCreate)
    i.xTaskCreateStatic                      0x08003ace   Section        0  tasks.o(i.xTaskCreateStatic)
    i.xTaskIncrementTick                     0x08003b24   Section        0  tasks.o(i.xTaskIncrementTick)
    i.xTaskResumeAll                         0x08003bec   Section        0  tasks.o(i.xTaskResumeAll)
    .constdata                               0x08003cb0   Section      112  freertos.o(.constdata)
    .constdata                               0x08003d20   Section       16  system_stm32f4xx.o(.constdata)
    .constdata                               0x08003d30   Section        8  system_stm32f4xx.o(.constdata)
    .conststring                             0x08003d38   Section       48  freertos.o(.conststring)
    .data                                    0x20000000   Section        4  can.o(.data)
    HAL_RCC_CAN1_CLK_ENABLED                 0x20000000   Data           4  can.o(.data)
    .data                                    0x20000004   Section       16  freertos.o(.data)
    .data                                    0x20000014   Section       12  stm32f4xx_hal.o(.data)
    .data                                    0x20000020   Section        4  system_stm32f4xx.o(.data)
    .data                                    0x20000024   Section       60  tasks.o(.data)
    pxDelayedTaskList                        0x20000028   Data           4  tasks.o(.data)
    pxOverflowDelayedTaskList                0x2000002c   Data           4  tasks.o(.data)
    uxDeletedTasksWaitingCleanUp             0x20000030   Data           4  tasks.o(.data)
    uxCurrentNumberOfTasks                   0x20000034   Data           4  tasks.o(.data)
    xTickCount                               0x20000038   Data           4  tasks.o(.data)
    uxTopReadyPriority                       0x2000003c   Data           4  tasks.o(.data)
    xSchedulerRunning                        0x20000040   Data           4  tasks.o(.data)
    uxPendedTicks                            0x20000044   Data           4  tasks.o(.data)
    xYieldPending                            0x20000048   Data           4  tasks.o(.data)
    xNumOfOverflows                          0x2000004c   Data           4  tasks.o(.data)
    uxTaskNumber                             0x20000050   Data           4  tasks.o(.data)
    xNextTaskUnblockTime                     0x20000054   Data           4  tasks.o(.data)
    xIdleTaskHandle                          0x20000058   Data           4  tasks.o(.data)
    uxSchedulerSuspended                     0x2000005c   Data           4  tasks.o(.data)
    .data                                    0x20000060   Section       24  heap_4.o(.data)
    pxEnd                                    0x20000060   Data           4  heap_4.o(.data)
    xFreeBytesRemaining                      0x20000064   Data           4  heap_4.o(.data)
    xMinimumEverFreeBytesRemaining           0x20000068   Data           4  heap_4.o(.data)
    xBlockAllocatedBit                       0x2000006c   Data           4  heap_4.o(.data)
    xStart                                   0x20000070   Data           8  heap_4.o(.data)
    .data                                    0x20000078   Section       12  port.o(.data)
    ucMaxSysCallPriority                     0x20000078   Data           1  port.o(.data)
    uxCriticalNesting                        0x2000007c   Data           4  port.o(.data)
    ulMaxPRIGROUPValue                       0x20000080   Data           4  port.o(.data)
    .data                                    0x20000084   Section        8  bsp_can.o(.data)
    .data                                    0x2000008c   Section        7  rc.o(.data)
    .data                                    0x20000094   Section       20  mytask.o(.data)
    mode                                     0x20000094   Data           1  mytask.o(.data)
    actionSignal                             0x20000095   Data           1  mytask.o(.data)
    key_sta                                  0x20000098   Data           4  mytask.o(.data)
    key_cnt                                  0x2000009c   Data           4  mytask.o(.data)
    vx                                       0x200000a0   Data           4  mytask.o(.data)
    vy                                       0x200000a4   Data           4  mytask.o(.data)
    .bss                                     0x200000a8   Section       80  can.o(.bss)
    .bss                                     0x200000f8   Section      596  freertos.o(.bss)
    xIdleTaskTCBBuffer                       0x200000f8   Data          84  freertos.o(.bss)
    xIdleStack                               0x2000014c   Data         512  freertos.o(.bss)
    .bss                                     0x2000034c   Section       64  stm32f4xx_hal_timebase_tim.o(.bss)
    .bss                                     0x2000038c   Section       64  tim.o(.bss)
    .bss                                     0x200003cc   Section      128  usart.o(.bss)
    .bss                                     0x2000044c   Section      240  tasks.o(.bss)
    pxReadyTasksLists                        0x2000044c   Data         140  tasks.o(.bss)
    xDelayedTaskList1                        0x200004d8   Data          20  tasks.o(.bss)
    xDelayedTaskList2                        0x200004ec   Data          20  tasks.o(.bss)
    xPendingReadyList                        0x20000500   Data          20  tasks.o(.bss)
    xTasksWaitingTermination                 0x20000514   Data          20  tasks.o(.bss)
    xSuspendedTaskList                       0x20000528   Data          20  tasks.o(.bss)
    .bss                                     0x2000053c   Section    15360  heap_4.o(.bss)
    ucHeap                                   0x2000053c   Data       15360  heap_4.o(.bss)
    .bss                                     0x2000413c   Section      504  bsp_can.o(.bss)
    .bss                                     0x20004334   Section      972  pid.o(.bss)
    .bss                                     0x20004700   Section       44  rc.o(.bss)
    .bss                                     0x2000472c   Section       36  mytask.o(.bss)
    set_spd                                  0x2000472c   Data          36  mytask.o(.bss)
    STACK                                    0x20004750   Section     1024  startup_stm32f427xx.o(STACK)

    Global Symbols

    Symbol Name                              Value     Ov Type        Size  Object(Section)

    BuildAttributes$$THM_ISAv4$E$P$D$K$B$S$7EM$VFPi3$EXTD16$VFPS$VFMA$PE$A:L22UL41UL21$X:L11$S22US41US21$IEEE1$IW$USESV6$~STKCKD$USESV7$~SHL$OSPACE$ROPI$EBA8$MICROLIB$REQ8$PRES8$EABIv2 0x00000000   Number         0  anon$$obj.o ABSOLUTE
    __ARM_use_no_argv                        0x00000000   Number         0  main.o ABSOLUTE
    __cpp_initialize__aeabi_                  - Undefined Weak Reference
    __cxa_finalize                            - Undefined Weak Reference
    __decompress                              - Undefined Weak Reference
    _clock_init                               - Undefined Weak Reference
    _microlib_exit                            - Undefined Weak Reference
    __Vectors_Size                           0x000001ac   Number         0  startup_stm32f427xx.o ABSOLUTE
    __Vectors                                0x08000000   Data           4  startup_stm32f427xx.o(RESET)
    __Vectors_End                            0x080001ac   Data           0  startup_stm32f427xx.o(RESET)
    __main                                   0x080001ad   Thumb Code     0  entry.o(.ARM.Collect$$$$00000000)
    _main_stk                                0x080001ad   Thumb Code     0  entry2.o(.ARM.Collect$$$$00000001)
    _main_scatterload                        0x080001b1   Thumb Code     0  entry5.o(.ARM.Collect$$$$00000004)
    __main_after_scatterload                 0x080001b5   Thumb Code     0  entry5.o(.ARM.Collect$$$$00000004)
    _main_clock                              0x080001b5   Thumb Code     0  entry7b.o(.ARM.Collect$$$$00000008)
    _main_cpp_init                           0x080001b5   Thumb Code     0  entry8b.o(.ARM.Collect$$$$0000000A)
    _main_init                               0x080001b5   Thumb Code     0  entry9a.o(.ARM.Collect$$$$0000000B)
    __rt_final_cpp                           0x080001bd   Thumb Code     0  entry10a.o(.ARM.Collect$$$$0000000D)
    __rt_final_exit                          0x080001bd   Thumb Code     0  entry11a.o(.ARM.Collect$$$$0000000F)
    SVC_Handler                              0x080001c1   Thumb Code    28  port.o(.emb_text)
    __asm___6_port_c_39a90d8d__prvStartFirstTask 0x080001e1   Thumb Code    36  port.o(.emb_text)
    __asm___6_port_c_39a90d8d__prvEnableVFP  0x08000209   Thumb Code    16  port.o(.emb_text)
    PendSV_Handler                           0x0800021d   Thumb Code    88  port.o(.emb_text)
    vPortGetIPSR                             0x08000279   Thumb Code     6  port.o(.emb_text)
    Reset_Handler                            0x08000281   Thumb Code     8  startup_stm32f427xx.o(.text)
    ADC_IRQHandler                           0x0800029b   Thumb Code     0  startup_stm32f427xx.o(.text)
    CAN1_RX1_IRQHandler                      0x0800029b   Thumb Code     0  startup_stm32f427xx.o(.text)
    CAN1_SCE_IRQHandler                      0x0800029b   Thumb Code     0  startup_stm32f427xx.o(.text)
    CAN2_RX1_IRQHandler                      0x0800029b   Thumb Code     0  startup_stm32f427xx.o(.text)
    CAN2_SCE_IRQHandler                      0x0800029b   Thumb Code     0  startup_stm32f427xx.o(.text)
    DCMI_IRQHandler                          0x0800029b   Thumb Code     0  startup_stm32f427xx.o(.text)
    DMA1_Stream0_IRQHandler                  0x0800029b   Thumb Code     0  startup_stm32f427xx.o(.text)
    DMA1_Stream1_IRQHandler                  0x0800029b   Thumb Code     0  startup_stm32f427xx.o(.text)
    DMA1_Stream2_IRQHandler                  0x0800029b   Thumb Code     0  startup_stm32f427xx.o(.text)
    DMA1_Stream3_IRQHandler                  0x0800029b   Thumb Code     0  startup_stm32f427xx.o(.text)
    DMA1_Stream4_IRQHandler                  0x0800029b   Thumb Code     0  startup_stm32f427xx.o(.text)
    DMA1_Stream5_IRQHandler                  0x0800029b   Thumb Code     0  startup_stm32f427xx.o(.text)
    DMA1_Stream6_IRQHandler                  0x0800029b   Thumb Code     0  startup_stm32f427xx.o(.text)
    DMA1_Stream7_IRQHandler                  0x0800029b   Thumb Code     0  startup_stm32f427xx.o(.text)
    DMA2D_IRQHandler                         0x0800029b   Thumb Code     0  startup_stm32f427xx.o(.text)
    DMA2_Stream0_IRQHandler                  0x0800029b   Thumb Code     0  startup_stm32f427xx.o(.text)
    DMA2_Stream1_IRQHandler                  0x0800029b   Thumb Code     0  startup_stm32f427xx.o(.text)
    DMA2_Stream2_IRQHandler                  0x0800029b   Thumb Code     0  startup_stm32f427xx.o(.text)
    DMA2_Stream3_IRQHandler                  0x0800029b   Thumb Code     0  startup_stm32f427xx.o(.text)
    DMA2_Stream4_IRQHandler                  0x0800029b   Thumb Code     0  startup_stm32f427xx.o(.text)
    DMA2_Stream5_IRQHandler                  0x0800029b   Thumb Code     0  startup_stm32f427xx.o(.text)
    DMA2_Stream6_IRQHandler                  0x0800029b   Thumb Code     0  startup_stm32f427xx.o(.text)
    DMA2_Stream7_IRQHandler                  0x0800029b   Thumb Code     0  startup_stm32f427xx.o(.text)
    ETH_IRQHandler                           0x0800029b   Thumb Code     0  startup_stm32f427xx.o(.text)
    ETH_WKUP_IRQHandler                      0x0800029b   Thumb Code     0  startup_stm32f427xx.o(.text)
    EXTI0_IRQHandler                         0x0800029b   Thumb Code     0  startup_stm32f427xx.o(.text)
    EXTI15_10_IRQHandler                     0x0800029b   Thumb Code     0  startup_stm32f427xx.o(.text)
    EXTI1_IRQHandler                         0x0800029b   Thumb Code     0  startup_stm32f427xx.o(.text)
    EXTI2_IRQHandler                         0x0800029b   Thumb Code     0  startup_stm32f427xx.o(.text)
    EXTI3_IRQHandler                         0x0800029b   Thumb Code     0  startup_stm32f427xx.o(.text)
    EXTI4_IRQHandler                         0x0800029b   Thumb Code     0  startup_stm32f427xx.o(.text)
    EXTI9_5_IRQHandler                       0x0800029b   Thumb Code     0  startup_stm32f427xx.o(.text)
    FLASH_IRQHandler                         0x0800029b   Thumb Code     0  startup_stm32f427xx.o(.text)
    FMC_IRQHandler                           0x0800029b   Thumb Code     0  startup_stm32f427xx.o(.text)
    FPU_IRQHandler                           0x0800029b   Thumb Code     0  startup_stm32f427xx.o(.text)
    HASH_RNG_IRQHandler                      0x0800029b   Thumb Code     0  startup_stm32f427xx.o(.text)
    I2C1_ER_IRQHandler                       0x0800029b   Thumb Code     0  startup_stm32f427xx.o(.text)
    I2C1_EV_IRQHandler                       0x0800029b   Thumb Code     0  startup_stm32f427xx.o(.text)
    I2C2_ER_IRQHandler                       0x0800029b   Thumb Code     0  startup_stm32f427xx.o(.text)
    I2C2_EV_IRQHandler                       0x0800029b   Thumb Code     0  startup_stm32f427xx.o(.text)
    I2C3_ER_IRQHandler                       0x0800029b   Thumb Code     0  startup_stm32f427xx.o(.text)
    I2C3_EV_IRQHandler                       0x0800029b   Thumb Code     0  startup_stm32f427xx.o(.text)
    OTG_FS_IRQHandler                        0x0800029b   Thumb Code     0  startup_stm32f427xx.o(.text)
    OTG_FS_WKUP_IRQHandler                   0x0800029b   Thumb Code     0  startup_stm32f427xx.o(.text)
    OTG_HS_EP1_IN_IRQHandler                 0x0800029b   Thumb Code     0  startup_stm32f427xx.o(.text)
    OTG_HS_EP1_OUT_IRQHandler                0x0800029b   Thumb Code     0  startup_stm32f427xx.o(.text)
    OTG_HS_IRQHandler                        0x0800029b   Thumb Code     0  startup_stm32f427xx.o(.text)
    OTG_HS_WKUP_IRQHandler                   0x0800029b   Thumb Code     0  startup_stm32f427xx.o(.text)
    PVD_IRQHandler                           0x0800029b   Thumb Code     0  startup_stm32f427xx.o(.text)
    RCC_IRQHandler                           0x0800029b   Thumb Code     0  startup_stm32f427xx.o(.text)
    RTC_Alarm_IRQHandler                     0x0800029b   Thumb Code     0  startup_stm32f427xx.o(.text)
    RTC_WKUP_IRQHandler                      0x0800029b   Thumb Code     0  startup_stm32f427xx.o(.text)
    SAI1_IRQHandler                          0x0800029b   Thumb Code     0  startup_stm32f427xx.o(.text)
    SDIO_IRQHandler                          0x0800029b   Thumb Code     0  startup_stm32f427xx.o(.text)
    SPI1_IRQHandler                          0x0800029b   Thumb Code     0  startup_stm32f427xx.o(.text)
    SPI2_IRQHandler                          0x0800029b   Thumb Code     0  startup_stm32f427xx.o(.text)
    SPI3_IRQHandler                          0x0800029b   Thumb Code     0  startup_stm32f427xx.o(.text)
    SPI4_IRQHandler                          0x0800029b   Thumb Code     0  startup_stm32f427xx.o(.text)
    SPI5_IRQHandler                          0x0800029b   Thumb Code     0  startup_stm32f427xx.o(.text)
    SPI6_IRQHandler                          0x0800029b   Thumb Code     0  startup_stm32f427xx.o(.text)
    TAMP_STAMP_IRQHandler                    0x0800029b   Thumb Code     0  startup_stm32f427xx.o(.text)
    TIM1_BRK_TIM9_IRQHandler                 0x0800029b   Thumb Code     0  startup_stm32f427xx.o(.text)
    TIM1_CC_IRQHandler                       0x0800029b   Thumb Code     0  startup_stm32f427xx.o(.text)
    TIM1_TRG_COM_TIM11_IRQHandler            0x0800029b   Thumb Code     0  startup_stm32f427xx.o(.text)
    TIM1_UP_TIM10_IRQHandler                 0x0800029b   Thumb Code     0  startup_stm32f427xx.o(.text)
    TIM3_IRQHandler                          0x0800029b   Thumb Code     0  startup_stm32f427xx.o(.text)
    TIM4_IRQHandler                          0x0800029b   Thumb Code     0  startup_stm32f427xx.o(.text)
    TIM6_DAC_IRQHandler                      0x0800029b   Thumb Code     0  startup_stm32f427xx.o(.text)
    TIM7_IRQHandler                          0x0800029b   Thumb Code     0  startup_stm32f427xx.o(.text)
    TIM8_BRK_TIM12_IRQHandler                0x0800029b   Thumb Code     0  startup_stm32f427xx.o(.text)
    TIM8_CC_IRQHandler                       0x0800029b   Thumb Code     0  startup_stm32f427xx.o(.text)
    TIM8_TRG_COM_TIM14_IRQHandler            0x0800029b   Thumb Code     0  startup_stm32f427xx.o(.text)
    TIM8_UP_TIM13_IRQHandler                 0x0800029b   Thumb Code     0  startup_stm32f427xx.o(.text)
    UART4_IRQHandler                         0x0800029b   Thumb Code     0  startup_stm32f427xx.o(.text)
    UART5_IRQHandler                         0x0800029b   Thumb Code     0  startup_stm32f427xx.o(.text)
    UART7_IRQHandler                         0x0800029b   Thumb Code     0  startup_stm32f427xx.o(.text)
    UART8_IRQHandler                         0x0800029b   Thumb Code     0  startup_stm32f427xx.o(.text)
    USART2_IRQHandler                        0x0800029b   Thumb Code     0  startup_stm32f427xx.o(.text)
    USART3_IRQHandler                        0x0800029b   Thumb Code     0  startup_stm32f427xx.o(.text)
    WWDG_IRQHandler                          0x0800029b   Thumb Code     0  startup_stm32f427xx.o(.text)
    __aeabi_uldivmod                         0x080002a5   Thumb Code    98  uldiv.o(.text)
    __aeabi_memcpy                           0x08000307   Thumb Code    36  memcpya.o(.text)
    __aeabi_memcpy4                          0x08000307   Thumb Code     0  memcpya.o(.text)
    __aeabi_memcpy8                          0x08000307   Thumb Code     0  memcpya.o(.text)
    __aeabi_memset                           0x0800032b   Thumb Code    14  memseta.o(.text)
    __aeabi_memset4                          0x0800032b   Thumb Code     0  memseta.o(.text)
    __aeabi_memset8                          0x0800032b   Thumb Code     0  memseta.o(.text)
    __aeabi_memclr                           0x08000339   Thumb Code     4  memseta.o(.text)
    __aeabi_memclr4                          0x08000339   Thumb Code     0  memseta.o(.text)
    __aeabi_memclr8                          0x08000339   Thumb Code     0  memseta.o(.text)
    memset                                   0x0800033d   Thumb Code    18  memseta.o(.text)
    __aeabi_dadd                             0x0800034f   Thumb Code   322  dadd.o(.text)
    __aeabi_dsub                             0x08000491   Thumb Code     6  dadd.o(.text)
    __aeabi_drsub                            0x08000497   Thumb Code     6  dadd.o(.text)
    __aeabi_dmul                             0x0800049d   Thumb Code   228  dmul.o(.text)
    __aeabi_i2d                              0x08000581   Thumb Code    34  dflti.o(.text)
    __aeabi_d2iz                             0x080005a3   Thumb Code    62  dfixi.o(.text)
    __aeabi_f2d                              0x080005e1   Thumb Code    38  f2d.o(.text)
    __aeabi_llsl                             0x08000607   Thumb Code    30  llshl.o(.text)
    _ll_shift_l                              0x08000607   Thumb Code     0  llshl.o(.text)
    __aeabi_llsr                             0x08000625   Thumb Code    32  llushr.o(.text)
    _ll_ushift_r                             0x08000625   Thumb Code     0  llushr.o(.text)
    __aeabi_lasr                             0x08000645   Thumb Code    36  llsshr.o(.text)
    _ll_sshift_r                             0x08000645   Thumb Code     0  llsshr.o(.text)
    __I$use$fp                               0x08000669   Thumb Code     0  iusefp.o(.text)
    _double_round                            0x08000669   Thumb Code    30  depilogue.o(.text)
    _double_epilogue                         0x08000687   Thumb Code   156  depilogue.o(.text)
    __scatterload                            0x08000725   Thumb Code    28  init.o(.text)
    __scatterload_rt2                        0x08000725   Thumb Code     0  init.o(.text)
    BusFault_Handler                         0x08000749   Thumb Code     2  stm32f4xx_it.o(i.BusFault_Handler)
    CAN1_RX0_IRQHandler                      0x0800074d   Thumb Code     6  stm32f4xx_it.o(i.CAN1_RX0_IRQHandler)
    CAN1_TX_IRQHandler                       0x08000759   Thumb Code     6  stm32f4xx_it.o(i.CAN1_TX_IRQHandler)
    CAN2_RX0_IRQHandler                      0x08000765   Thumb Code     6  stm32f4xx_it.o(i.CAN2_RX0_IRQHandler)
    CAN2_TX_IRQHandler                       0x08000771   Thumb Code     6  stm32f4xx_it.o(i.CAN2_TX_IRQHandler)
    DebugMon_Handler                         0x0800077d   Thumb Code     2  stm32f4xx_it.o(i.DebugMon_Handler)
    Error_Handler                            0x0800077f   Thumb Code     2  main.o(i.Error_Handler)
    HAL_CAN_ActivateNotification             0x08000781   Thumb Code    36  stm32f4xx_hal_can.o(i.HAL_CAN_ActivateNotification)
    HAL_CAN_AddTxMessage                     0x080007a5   Thumb Code   200  stm32f4xx_hal_can.o(i.HAL_CAN_AddTxMessage)
    HAL_CAN_ConfigFilter                     0x0800086d   Thumb Code   262  stm32f4xx_hal_can.o(i.HAL_CAN_ConfigFilter)
    HAL_CAN_ErrorCallback                    0x08000979   Thumb Code     2  stm32f4xx_hal_can.o(i.HAL_CAN_ErrorCallback)
    HAL_CAN_GetRxMessage                     0x0800097b   Thumb Code   232  stm32f4xx_hal_can.o(i.HAL_CAN_GetRxMessage)
    HAL_CAN_IRQHandler                       0x08000a63   Thumb Code   508  stm32f4xx_hal_can.o(i.HAL_CAN_IRQHandler)
    HAL_CAN_Init                             0x08000c5f   Thumb Code   282  stm32f4xx_hal_can.o(i.HAL_CAN_Init)
    HAL_CAN_MspInit                          0x08000d79   Thumb Code   260  can.o(i.HAL_CAN_MspInit)
    HAL_CAN_RxFifo0FullCallback              0x08000e95   Thumb Code     2  stm32f4xx_hal_can.o(i.HAL_CAN_RxFifo0FullCallback)
    HAL_CAN_RxFifo0MsgPendingCallback        0x08000e99   Thumb Code    84  bsp_can.o(i.HAL_CAN_RxFifo0MsgPendingCallback)
    HAL_CAN_RxFifo1FullCallback              0x08000efd   Thumb Code     2  stm32f4xx_hal_can.o(i.HAL_CAN_RxFifo1FullCallback)
    HAL_CAN_RxFifo1MsgPendingCallback        0x08000eff   Thumb Code     2  stm32f4xx_hal_can.o(i.HAL_CAN_RxFifo1MsgPendingCallback)
    HAL_CAN_SleepCallback                    0x08000f01   Thumb Code     2  stm32f4xx_hal_can.o(i.HAL_CAN_SleepCallback)
    HAL_CAN_Start                            0x08000f05   Thumb Code    88  stm32f4xx_hal_can.o(i.HAL_CAN_Start)
    HAL_CAN_TxMailbox0AbortCallback          0x08000f5d   Thumb Code     2  stm32f4xx_hal_can.o(i.HAL_CAN_TxMailbox0AbortCallback)
    HAL_CAN_TxMailbox0CompleteCallback       0x08000f5f   Thumb Code     2  stm32f4xx_hal_can.o(i.HAL_CAN_TxMailbox0CompleteCallback)
    HAL_CAN_TxMailbox1AbortCallback          0x08000f61   Thumb Code     2  stm32f4xx_hal_can.o(i.HAL_CAN_TxMailbox1AbortCallback)
    HAL_CAN_TxMailbox1CompleteCallback       0x08000f63   Thumb Code     2  stm32f4xx_hal_can.o(i.HAL_CAN_TxMailbox1CompleteCallback)
    HAL_CAN_TxMailbox2AbortCallback          0x08000f65   Thumb Code     2  stm32f4xx_hal_can.o(i.HAL_CAN_TxMailbox2AbortCallback)
    HAL_CAN_TxMailbox2CompleteCallback       0x08000f67   Thumb Code     2  stm32f4xx_hal_can.o(i.HAL_CAN_TxMailbox2CompleteCallback)
    HAL_CAN_WakeUpFromRxMsgCallback          0x08000f69   Thumb Code     2  stm32f4xx_hal_can.o(i.HAL_CAN_WakeUpFromRxMsgCallback)
    HAL_DMA_Abort_IT                         0x08000f6b   Thumb Code    36  stm32f4xx_hal_dma.o(i.HAL_DMA_Abort_IT)
    HAL_GPIO_Init                            0x08000f91   Thumb Code   414  stm32f4xx_hal_gpio.o(i.HAL_GPIO_Init)
    HAL_GPIO_ReadPin                         0x08001165   Thumb Code    10  stm32f4xx_hal_gpio.o(i.HAL_GPIO_ReadPin)
    HAL_GPIO_WritePin                        0x0800116f   Thumb Code    10  stm32f4xx_hal_gpio.o(i.HAL_GPIO_WritePin)
    HAL_GetTick                              0x08001179   Thumb Code     6  stm32f4xx_hal.o(i.HAL_GetTick)
    HAL_IncTick                              0x08001185   Thumb Code    12  stm32f4xx_hal.o(i.HAL_IncTick)
    HAL_Init                                 0x08001195   Thumb Code    48  stm32f4xx_hal.o(i.HAL_Init)
    HAL_InitTick                             0x080011c9   Thumb Code   100  stm32f4xx_hal_timebase_tim.o(i.HAL_InitTick)
    HAL_MspInit                              0x0800123d   Thumb Code    52  stm32f4xx_hal_msp.o(i.HAL_MspInit)
    HAL_NVIC_EnableIRQ                       0x08001275   Thumb Code    26  stm32f4xx_hal_cortex.o(i.HAL_NVIC_EnableIRQ)
    HAL_NVIC_SetPriority                     0x08001291   Thumb Code    60  stm32f4xx_hal_cortex.o(i.HAL_NVIC_SetPriority)
    HAL_NVIC_SetPriorityGrouping             0x080012d1   Thumb Code    26  stm32f4xx_hal_cortex.o(i.HAL_NVIC_SetPriorityGrouping)
    HAL_PWREx_EnableOverDrive                0x080012f5   Thumb Code    98  stm32f4xx_hal_pwr_ex.o(i.HAL_PWREx_EnableOverDrive)
    HAL_RCC_ClockConfig                      0x08001365   Thumb Code   288  stm32f4xx_hal_rcc.o(i.HAL_RCC_ClockConfig)
    HAL_RCC_GetClockConfig                   0x08001499   Thumb Code    54  stm32f4xx_hal_rcc.o(i.HAL_RCC_GetClockConfig)
    HAL_RCC_GetPCLK1Freq                     0x080014d9   Thumb Code    20  stm32f4xx_hal_rcc.o(i.HAL_RCC_GetPCLK1Freq)
    HAL_RCC_GetPCLK2Freq                     0x080014f9   Thumb Code    20  stm32f4xx_hal_rcc.o(i.HAL_RCC_GetPCLK2Freq)
    HAL_RCC_GetSysClockFreq                  0x08001519   Thumb Code    88  stm32f4xx_hal_rcc.o(i.HAL_RCC_GetSysClockFreq)
    HAL_RCC_OscConfig                        0x0800157d   Thumb Code   834  stm32f4xx_hal_rcc.o(i.HAL_RCC_OscConfig)
    HAL_TIMEx_BreakCallback                  0x080018d9   Thumb Code     2  stm32f4xx_hal_tim_ex.o(i.HAL_TIMEx_BreakCallback)
    HAL_TIMEx_CommutCallback                 0x080018db   Thumb Code     2  stm32f4xx_hal_tim_ex.o(i.HAL_TIMEx_CommutCallback)
    HAL_TIMEx_MasterConfigSynchronization    0x080018dd   Thumb Code   116  stm32f4xx_hal_tim_ex.o(i.HAL_TIMEx_MasterConfigSynchronization)
    HAL_TIM_Base_Init                        0x0800196d   Thumb Code    54  stm32f4xx_hal_tim.o(i.HAL_TIM_Base_Init)
    HAL_TIM_Base_MspInit                     0x080019a5   Thumb Code    50  tim.o(i.HAL_TIM_Base_MspInit)
    HAL_TIM_Base_Start_IT                    0x080019dd   Thumb Code    34  stm32f4xx_hal_tim.o(i.HAL_TIM_Base_Start_IT)
    HAL_TIM_ConfigClockSource                0x080019ff   Thumb Code   214  stm32f4xx_hal_tim.o(i.HAL_TIM_ConfigClockSource)
    HAL_TIM_IC_CaptureCallback               0x08001ad5   Thumb Code     2  stm32f4xx_hal_tim.o(i.HAL_TIM_IC_CaptureCallback)
    HAL_TIM_IRQHandler                       0x08001ad7   Thumb Code   358  stm32f4xx_hal_tim.o(i.HAL_TIM_IRQHandler)
    HAL_TIM_MspPostInit                      0x08001c3d   Thumb Code    70  tim.o(i.HAL_TIM_MspPostInit)
    HAL_TIM_OC_ConfigChannel                 0x08001c8d   Thumb Code    86  stm32f4xx_hal_tim.o(i.HAL_TIM_OC_ConfigChannel)
    HAL_TIM_OC_DelayElapsedCallback          0x08001ce3   Thumb Code     2  stm32f4xx_hal_tim.o(i.HAL_TIM_OC_DelayElapsedCallback)
    HAL_TIM_OC_Init                          0x08001ce5   Thumb Code    54  stm32f4xx_hal_tim.o(i.HAL_TIM_OC_Init)
    HAL_TIM_OC_MspInit                       0x08001d1b   Thumb Code     2  stm32f4xx_hal_tim.o(i.HAL_TIM_OC_MspInit)
    HAL_TIM_PWM_PulseFinishedCallback        0x08001d1d   Thumb Code     2  stm32f4xx_hal_tim.o(i.HAL_TIM_PWM_PulseFinishedCallback)
    HAL_TIM_PWM_Start                        0x08001d21   Thumb Code    58  stm32f4xx_hal_tim.o(i.HAL_TIM_PWM_Start)
    HAL_TIM_PeriodElapsedCallback            0x08001d65   Thumb Code    14  main.o(i.HAL_TIM_PeriodElapsedCallback)
    HAL_TIM_TriggerCallback                  0x08001d79   Thumb Code     2  stm32f4xx_hal_tim.o(i.HAL_TIM_TriggerCallback)
    HAL_UART_ErrorCallback                   0x08001d7b   Thumb Code     2  stm32f4xx_hal_uart.o(i.HAL_UART_ErrorCallback)
    HAL_UART_IRQHandler                      0x08001d7d   Thumb Code   270  stm32f4xx_hal_uart.o(i.HAL_UART_IRQHandler)
    HAL_UART_Init                            0x08001e91   Thumb Code    98  stm32f4xx_hal_uart.o(i.HAL_UART_Init)
    HAL_UART_MspInit                         0x08001ef5   Thumb Code   176  usart.o(i.HAL_UART_MspInit)
    HAL_UART_RxCpltCallback                  0x08001fb9   Thumb Code     2  stm32f4xx_hal_uart.o(i.HAL_UART_RxCpltCallback)
    HAL_UART_Transmit                        0x08001fbb   Thumb Code   186  stm32f4xx_hal_uart.o(i.HAL_UART_Transmit)
    HAL_UART_TxCpltCallback                  0x08002075   Thumb Code     2  stm32f4xx_hal_uart.o(i.HAL_UART_TxCpltCallback)
    HardFault_Handler                        0x08002077   Thumb Code     2  stm32f4xx_it.o(i.HardFault_Handler)
    MX_CAN1_Init                             0x08002079   Thumb Code    60  can.o(i.MX_CAN1_Init)
    MX_CAN2_Init                             0x080020bd   Thumb Code    60  can.o(i.MX_CAN2_Init)
    MX_FREERTOS_Init                         0x08002101   Thumb Code    96  freertos.o(i.MX_FREERTOS_Init)
    MX_GPIO_Init                             0x08002169   Thumb Code   232  gpio.o(i.MX_GPIO_Init)
    MX_TIM2_Init                             0x08002265   Thumb Code   166  tim.o(i.MX_TIM2_Init)
    MX_USART1_UART_Init                      0x08002311   Thumb Code    48  usart.o(i.MX_USART1_UART_Init)
    MX_USART6_UART_Init                      0x08002349   Thumb Code    48  usart.o(i.MX_USART6_UART_Init)
    MemManage_Handler                        0x08002381   Thumb Code     2  stm32f4xx_it.o(i.MemManage_Handler)
    NMI_Handler                              0x08002383   Thumb Code     2  stm32f4xx_it.o(i.NMI_Handler)
    StartDefaultTask                         0x08002385   Thumb Code     8  freertos.o(i.StartDefaultTask)
    SysTick_Handler                          0x0800238d   Thumb Code    38  port.o(i.SysTick_Handler)
    SystemClock_Config                       0x080023b9   Thumb Code   128  main.o(i.SystemClock_Config)
    SystemInit                               0x08002441   Thumb Code    22  system_stm32f4xx.o(i.SystemInit)
    TIM2_IRQHandler                          0x0800245d   Thumb Code     6  stm32f4xx_it.o(i.TIM2_IRQHandler)
    TIM5_IRQHandler                          0x08002469   Thumb Code     6  stm32f4xx_it.o(i.TIM5_IRQHandler)
    TIM_Base_SetConfig                       0x08002475   Thumb Code   156  stm32f4xx_hal_tim.o(i.TIM_Base_SetConfig)
    TIM_CCxChannelCmd                        0x0800253d   Thumb Code    26  stm32f4xx_hal_tim.o(i.TIM_CCxChannelCmd)
    TIM_ETR_SetConfig                        0x08002557   Thumb Code    20  stm32f4xx_hal_tim.o(i.TIM_ETR_SetConfig)
    TIM_OC2_SetConfig                        0x080025dd   Thumb Code    98  stm32f4xx_hal_tim.o(i.TIM_OC2_SetConfig)
    USART1_IRQHandler                        0x080029f9   Thumb Code     6  stm32f4xx_it.o(i.USART1_IRQHandler)
    USART6_IRQHandler                        0x08002a05   Thumb Code     6  stm32f4xx_it.o(i.USART6_IRQHandler)
    UsageFault_Handler                       0x08002a11   Thumb Code     2  stm32f4xx_it.o(i.UsageFault_Handler)
    __scatterload_copy                       0x08002a33   Thumb Code    14  handlers.o(i.__scatterload_copy)
    __scatterload_null                       0x08002a41   Thumb Code     2  handlers.o(i.__scatterload_null)
    __scatterload_zeroinit                   0x08002a43   Thumb Code    14  handlers.o(i.__scatterload_zeroinit)
    abs_limit                                0x08002a51   Thumb Code    42  pid.o(i.abs_limit)
    can1Init                                 0x08002a7d   Thumb Code    56  bsp_can.o(i.can1Init)
    can2Init                                 0x08002ab9   Thumb Code    56  bsp_can.o(i.can2Init)
    get_moto_measure                         0x08002af5   Thumb Code   100  bsp_can.o(i.get_moto_measure)
    main                                     0x08002b61   Thumb Code    42  main.o(i.main)
    moveTaskFunction                         0x08002b99   Thumb Code   608  mytask.o(i.moveTaskFunction)
    msgSendTaskFunction                      0x08002e29   Thumb Code   290  mytask.o(i.msgSendTaskFunction)
    osDelay                                  0x08002f5d   Thumb Code    14  cmsis_os.o(i.osDelay)
    osKernelStart                            0x08002f6b   Thumb Code    10  cmsis_os.o(i.osKernelStart)
    osThreadCreate                           0x08002f75   Thumb Code    84  cmsis_os.o(i.osThreadCreate)
    pid_calc                                 0x08002fc9   Thumb Code   448  pid.o(i.pid_calc)
    pvPortMalloc                             0x080034d1   Thumb Code   210  heap_4.o(i.pvPortMalloc)
    pxPortInitialiseStack                    0x080035a9   Thumb Code    40  port.o(i.pxPortInitialiseStack)
    rc_device_get_state                      0x080035d5   Thumb Code    18  rc.o(i.rc_device_get_state)
    rescueTaskeFunction                      0x080035e9   Thumb Code   114  mytask.o(i.rescueTaskeFunction)
    setMotoSpeed                             0x08003669   Thumb Code    78  bsp_can.o(i.setMotoSpeed)
    userCanInit                              0x080036b9   Thumb Code    18  bsp_can.o(i.userCanInit)
    uxListRemove                             0x080036d5   Thumb Code    38  list.o(i.uxListRemove)
    vApplicationGetIdleTaskMemory            0x080036fd   Thumb Code    16  freertos.o(i.vApplicationGetIdleTaskMemory)
    vListInitialise                          0x08003711   Thumb Code    22  list.o(i.vListInitialise)
    vListInitialiseItem                      0x08003727   Thumb Code     6  list.o(i.vListInitialiseItem)
    vListInsert                              0x0800372d   Thumb Code    48  list.o(i.vListInsert)
    vListInsertEnd                           0x0800375d   Thumb Code    24  list.o(i.vListInsertEnd)
    vPortEnterCritical                       0x08003775   Thumb Code    54  port.o(i.vPortEnterCritical)
    vPortExitCritical                        0x080037b5   Thumb Code    34  port.o(i.vPortExitCritical)
    vPortFree                                0x080037dd   Thumb Code    88  heap_4.o(i.vPortFree)
    vPortSetupTimerInterrupt                 0x08003839   Thumb Code    32  port.o(i.vPortSetupTimerInterrupt)
    vTaskDelay                               0x0800385d   Thumb Code    66  tasks.o(i.vTaskDelay)
    vTaskStartScheduler                      0x080038a9   Thumb Code    90  tasks.o(i.vTaskStartScheduler)
    vTaskSuspendAll                          0x08003915   Thumb Code    10  tasks.o(i.vTaskSuspendAll)
    vTaskSwitchContext                       0x08003925   Thumb Code    82  tasks.o(i.vTaskSwitchContext)
    xPortStartScheduler                      0x08003981   Thumb Code   222  port.o(i.xPortStartScheduler)
    xTaskCreate                              0x08003a75   Thumb Code    90  tasks.o(i.xTaskCreate)
    xTaskCreateStatic                        0x08003acf   Thumb Code    86  tasks.o(i.xTaskCreateStatic)
    xTaskIncrementTick                       0x08003b25   Thumb Code   192  tasks.o(i.xTaskIncrementTick)
    xTaskResumeAll                           0x08003bed   Thumb Code   182  tasks.o(i.xTaskResumeAll)
    AHBPrescTable                            0x08003d20   Data          16  system_stm32f4xx.o(.constdata)
    APBPrescTable                            0x08003d30   Data           8  system_stm32f4xx.o(.constdata)
    Region$$Table$$Base                      0x08003d68   Number         0  anon$$obj.o(Region$$Table)
    Region$$Table$$Limit                     0x08003d88   Number         0  anon$$obj.o(Region$$Table)
    moveTaskHandle                           0x20000004   Data           4  freertos.o(.data)
    magSendTaskHandle                        0x20000008   Data           4  freertos.o(.data)
    resueTaskHandle                          0x2000000c   Data           4  freertos.o(.data)
    defaultTaskHandle                        0x20000010   Data           4  freertos.o(.data)
    uwTickFreq                               0x20000014   Data           1  stm32f4xx_hal.o(.data)
    uwTickPrio                               0x20000018   Data           4  stm32f4xx_hal.o(.data)
    uwTick                                   0x2000001c   Data           4  stm32f4xx_hal.o(.data)
    SystemCoreClock                          0x20000020   Data           4  system_stm32f4xx.o(.data)
    pxCurrentTCB                             0x20000024   Data           4  tasks.o(.data)
    RxData                                   0x20000084   Data           8  bsp_can.o(.data)
    masge                                    0x2000008c   Data           7  rc.o(.data)
    hcan1                                    0x200000a8   Data          40  can.o(.bss)
    hcan2                                    0x200000d0   Data          40  can.o(.bss)
    htim5                                    0x2000034c   Data          64  stm32f4xx_hal_timebase_tim.o(.bss)
    htim2                                    0x2000038c   Data          64  tim.o(.bss)
    huart1                                   0x200003cc   Data          64  usart.o(.bss)
    huart6                                   0x2000040c   Data          64  usart.o(.bss)
    hCAN_RxHeader                            0x2000413c   Data          28  bsp_can.o(.bss)
    hCAN1_Filter                             0x20004158   Data          40  bsp_can.o(.bss)
    hCAN2_Filter                             0x20004180   Data          40  bsp_can.o(.bss)
    moto_chassis                             0x200041a8   Data         396  bsp_can.o(.bss)
    pid_spd                                  0x20004334   Data         972  pid.o(.bss)
    dbus_buf                                 0x20004700   Data          18  rc.o(.bss)
    rc                                       0x20004712   Data          26  rc.o(.bss)
    __initial_sp                             0x20004b50   Data           0  startup_stm32f427xx.o(STACK)



==============================================================================

Memory Map of the image

  Image Entry point : 0x080001ad

  Load Region LR_IROM1 (Base: 0x08000000, Size: 0x00003e30, Max: 0x00200000, ABSOLUTE)

    Execution Region ER_IROM1 (Exec base: 0x08000000, Load base: 0x08000000, Size: 0x00003d88, Max: 0x00200000, ABSOLUTE)

    Exec Addr    Load Addr    Size         Type   Attr      Idx    E Section Name        Object

    0x08000000   0x08000000   0x000001ac   Data   RO            3    RESET               startup_stm32f427xx.o
    0x080001ac   0x080001ac   0x00000000   Code   RO         4933  * .ARM.Collect$$$$00000000  mc_w.l(entry.o)
    0x080001ac   0x080001ac   0x00000004   Code   RO         4956    .ARM.Collect$$$$00000001  mc_w.l(entry2.o)
    0x080001b0   0x080001b0   0x00000004   Code   RO         4959    .ARM.Collect$$$$00000004  mc_w.l(entry5.o)
    0x080001b4   0x080001b4   0x00000000   Code   RO         4961    .ARM.Collect$$$$00000008  mc_w.l(entry7b.o)
    0x080001b4   0x080001b4   0x00000000   Code   RO         4963    .ARM.Collect$$$$0000000A  mc_w.l(entry8b.o)
    0x080001b4   0x080001b4   0x00000008   Code   RO         4964    .ARM.Collect$$$$0000000B  mc_w.l(entry9a.o)
    0x080001bc   0x080001bc   0x00000000   Code   RO         4966    .ARM.Collect$$$$0000000D  mc_w.l(entry10a.o)
    0x080001bc   0x080001bc   0x00000000   Code   RO         4968    .ARM.Collect$$$$0000000F  mc_w.l(entry11a.o)
    0x080001bc   0x080001bc   0x00000004   Code   RO         4957    .ARM.Collect$$$$00002712  mc_w.l(entry2.o)
    0x080001c0   0x080001c0   0x000000be   Code   RO         4588    .emb_text           port.o
    0x0800027e   0x0800027e   0x00000002   PAD
    0x08000280   0x08000280   0x00000024   Code   RO            4    .text               startup_stm32f427xx.o
    0x080002a4   0x080002a4   0x00000062   Code   RO         4936    .text               mc_w.l(uldiv.o)
    0x08000306   0x08000306   0x00000024   Code   RO         4938    .text               mc_w.l(memcpya.o)
    0x0800032a   0x0800032a   0x00000024   Code   RO         4942    .text               mc_w.l(memseta.o)
    0x0800034e   0x0800034e   0x0000014e   Code   RO         4946    .text               mf_w.l(dadd.o)
    0x0800049c   0x0800049c   0x000000e4   Code   RO         4948    .text               mf_w.l(dmul.o)
    0x08000580   0x08000580   0x00000022   Code   RO         4950    .text               mf_w.l(dflti.o)
    0x080005a2   0x080005a2   0x0000003e   Code   RO         4952    .text               mf_w.l(dfixi.o)
    0x080005e0   0x080005e0   0x00000026   Code   RO         4954    .text               mf_w.l(f2d.o)
    0x08000606   0x08000606   0x0000001e   Code   RO         4970    .text               mc_w.l(llshl.o)
    0x08000624   0x08000624   0x00000020   Code   RO         4972    .text               mc_w.l(llushr.o)
    0x08000644   0x08000644   0x00000024   Code   RO         4974    .text               mc_w.l(llsshr.o)
    0x08000668   0x08000668   0x00000000   Code   RO         4976    .text               mc_w.l(iusefp.o)
    0x08000668   0x08000668   0x000000ba   Code   RO         4977    .text               mf_w.l(depilogue.o)
    0x08000722   0x08000722   0x00000002   PAD
    0x08000724   0x08000724   0x00000024   Code   RO         4979    .text               mc_w.l(init.o)
    0x08000748   0x08000748   0x00000002   Code   RO          531    i.BusFault_Handler  stm32f4xx_it.o
    0x0800074a   0x0800074a   0x00000002   PAD
    0x0800074c   0x0800074c   0x0000000c   Code   RO          532    i.CAN1_RX0_IRQHandler  stm32f4xx_it.o
    0x08000758   0x08000758   0x0000000c   Code   RO          533    i.CAN1_TX_IRQHandler  stm32f4xx_it.o
    0x08000764   0x08000764   0x0000000c   Code   RO          534    i.CAN2_RX0_IRQHandler  stm32f4xx_it.o
    0x08000770   0x08000770   0x0000000c   Code   RO          535    i.CAN2_TX_IRQHandler  stm32f4xx_it.o
    0x0800077c   0x0800077c   0x00000002   Code   RO          536    i.DebugMon_Handler  stm32f4xx_it.o
    0x0800077e   0x0800077e   0x00000002   Code   RO           13    i.Error_Handler     main.o
    0x08000780   0x08000780   0x00000024   Code   RO          662    i.HAL_CAN_ActivateNotification  stm32f4xx_hal_can.o
    0x080007a4   0x080007a4   0x000000c8   Code   RO          663    i.HAL_CAN_AddTxMessage  stm32f4xx_hal_can.o
    0x0800086c   0x0800086c   0x0000010c   Code   RO          664    i.HAL_CAN_ConfigFilter  stm32f4xx_hal_can.o
    0x08000978   0x08000978   0x00000002   Code   RO          667    i.HAL_CAN_ErrorCallback  stm32f4xx_hal_can.o
    0x0800097a   0x0800097a   0x000000e8   Code   RO          670    i.HAL_CAN_GetRxMessage  stm32f4xx_hal_can.o
    0x08000a62   0x08000a62   0x000001fc   Code   RO          674    i.HAL_CAN_IRQHandler  stm32f4xx_hal_can.o
    0x08000c5e   0x08000c5e   0x0000011a   Code   RO          675    i.HAL_CAN_Init      stm32f4xx_hal_can.o
    0x08000d78   0x08000d78   0x0000011c   Code   RO          237    i.HAL_CAN_MspInit   can.o
    0x08000e94   0x08000e94   0x00000002   Code   RO          682    i.HAL_CAN_RxFifo0FullCallback  stm32f4xx_hal_can.o
    0x08000e96   0x08000e96   0x00000002   PAD
    0x08000e98   0x08000e98   0x00000064   Code   RO         4668    i.HAL_CAN_RxFifo0MsgPendingCallback  bsp_can.o
    0x08000efc   0x08000efc   0x00000002   Code   RO          684    i.HAL_CAN_RxFifo1FullCallback  stm32f4xx_hal_can.o
    0x08000efe   0x08000efe   0x00000002   Code   RO          685    i.HAL_CAN_RxFifo1MsgPendingCallback  stm32f4xx_hal_can.o
    0x08000f00   0x08000f00   0x00000002   Code   RO          686    i.HAL_CAN_SleepCallback  stm32f4xx_hal_can.o
    0x08000f02   0x08000f02   0x00000002   PAD
    0x08000f04   0x08000f04   0x00000058   Code   RO          687    i.HAL_CAN_Start     stm32f4xx_hal_can.o
    0x08000f5c   0x08000f5c   0x00000002   Code   RO          689    i.HAL_CAN_TxMailbox0AbortCallback  stm32f4xx_hal_can.o
    0x08000f5e   0x08000f5e   0x00000002   Code   RO          690    i.HAL_CAN_TxMailbox0CompleteCallback  stm32f4xx_hal_can.o
    0x08000f60   0x08000f60   0x00000002   Code   RO          691    i.HAL_CAN_TxMailbox1AbortCallback  stm32f4xx_hal_can.o
    0x08000f62   0x08000f62   0x00000002   Code   RO          692    i.HAL_CAN_TxMailbox1CompleteCallback  stm32f4xx_hal_can.o
    0x08000f64   0x08000f64   0x00000002   Code   RO          693    i.HAL_CAN_TxMailbox2AbortCallback  stm32f4xx_hal_can.o
    0x08000f66   0x08000f66   0x00000002   Code   RO          694    i.HAL_CAN_TxMailbox2CompleteCallback  stm32f4xx_hal_can.o
    0x08000f68   0x08000f68   0x00000002   Code   RO          696    i.HAL_CAN_WakeUpFromRxMsgCallback  stm32f4xx_hal_can.o
    0x08000f6a   0x08000f6a   0x00000024   Code   RO         1410    i.HAL_DMA_Abort_IT  stm32f4xx_hal_dma.o
    0x08000f8e   0x08000f8e   0x00000002   PAD
    0x08000f90   0x08000f90   0x000001d4   Code   RO         1302    i.HAL_GPIO_Init     stm32f4xx_hal_gpio.o
    0x08001164   0x08001164   0x0000000a   Code   RO         1304    i.HAL_GPIO_ReadPin  stm32f4xx_hal_gpio.o
    0x0800116e   0x0800116e   0x0000000a   Code   RO         1306    i.HAL_GPIO_WritePin  stm32f4xx_hal_gpio.o
    0x08001178   0x08001178   0x0000000c   Code   RO         1854    i.HAL_GetTick       stm32f4xx_hal.o
    0x08001184   0x08001184   0x00000010   Code   RO         1860    i.HAL_IncTick       stm32f4xx_hal.o
    0x08001194   0x08001194   0x00000034   Code   RO         1861    i.HAL_Init          stm32f4xx_hal.o
    0x080011c8   0x080011c8   0x00000074   Code   RO          396    i.HAL_InitTick      stm32f4xx_hal_timebase_tim.o
    0x0800123c   0x0800123c   0x00000038   Code   RO          637    i.HAL_MspInit       stm32f4xx_hal_msp.o
    0x08001274   0x08001274   0x0000001a   Code   RO         1709    i.HAL_NVIC_EnableIRQ  stm32f4xx_hal_cortex.o
    0x0800128e   0x0800128e   0x00000002   PAD
    0x08001290   0x08001290   0x00000040   Code   RO         1715    i.HAL_NVIC_SetPriority  stm32f4xx_hal_cortex.o
    0x080012d0   0x080012d0   0x00000024   Code   RO         1716    i.HAL_NVIC_SetPriorityGrouping  stm32f4xx_hal_cortex.o
    0x080012f4   0x080012f4   0x00000070   Code   RO         1638    i.HAL_PWREx_EnableOverDrive  stm32f4xx_hal_pwr_ex.o
    0x08001364   0x08001364   0x00000134   Code   RO          896    i.HAL_RCC_ClockConfig  stm32f4xx_hal_rcc.o
    0x08001498   0x08001498   0x00000040   Code   RO          900    i.HAL_RCC_GetClockConfig  stm32f4xx_hal_rcc.o
    0x080014d8   0x080014d8   0x00000020   Code   RO          903    i.HAL_RCC_GetPCLK1Freq  stm32f4xx_hal_rcc.o
    0x080014f8   0x080014f8   0x00000020   Code   RO          904    i.HAL_RCC_GetPCLK2Freq  stm32f4xx_hal_rcc.o
    0x08001518   0x08001518   0x00000064   Code   RO          905    i.HAL_RCC_GetSysClockFreq  stm32f4xx_hal_rcc.o
    0x0800157c   0x0800157c   0x0000035c   Code   RO          908    i.HAL_RCC_OscConfig  stm32f4xx_hal_rcc.o
    0x080018d8   0x080018d8   0x00000002   Code   RO         2786    i.HAL_TIMEx_BreakCallback  stm32f4xx_hal_tim_ex.o
    0x080018da   0x080018da   0x00000002   Code   RO         2787    i.HAL_TIMEx_CommutCallback  stm32f4xx_hal_tim_ex.o
    0x080018dc   0x080018dc   0x00000090   Code   RO         2804    i.HAL_TIMEx_MasterConfigSynchronization  stm32f4xx_hal_tim_ex.o
    0x0800196c   0x0800196c   0x00000036   Code   RO         2111    i.HAL_TIM_Base_Init  stm32f4xx_hal_tim.o
    0x080019a2   0x080019a2   0x00000002   PAD
    0x080019a4   0x080019a4   0x00000038   Code   RO          436    i.HAL_TIM_Base_MspInit  tim.o
    0x080019dc   0x080019dc   0x00000022   Code   RO         2116    i.HAL_TIM_Base_Start_IT  stm32f4xx_hal_tim.o
    0x080019fe   0x080019fe   0x000000d6   Code   RO         2120    i.HAL_TIM_ConfigClockSource  stm32f4xx_hal_tim.o
    0x08001ad4   0x08001ad4   0x00000002   Code   RO         2140    i.HAL_TIM_IC_CaptureCallback  stm32f4xx_hal_tim.o
    0x08001ad6   0x08001ad6   0x00000166   Code   RO         2154    i.HAL_TIM_IRQHandler  stm32f4xx_hal_tim.o
    0x08001c3c   0x08001c3c   0x00000050   Code   RO          437    i.HAL_TIM_MspPostInit  tim.o
    0x08001c8c   0x08001c8c   0x00000056   Code   RO         2155    i.HAL_TIM_OC_ConfigChannel  stm32f4xx_hal_tim.o
    0x08001ce2   0x08001ce2   0x00000002   Code   RO         2157    i.HAL_TIM_OC_DelayElapsedCallback  stm32f4xx_hal_tim.o
    0x08001ce4   0x08001ce4   0x00000036   Code   RO         2159    i.HAL_TIM_OC_Init   stm32f4xx_hal_tim.o
    0x08001d1a   0x08001d1a   0x00000002   Code   RO         2161    i.HAL_TIM_OC_MspInit  stm32f4xx_hal_tim.o
    0x08001d1c   0x08001d1c   0x00000002   Code   RO         2184    i.HAL_TIM_PWM_PulseFinishedCallback  stm32f4xx_hal_tim.o
    0x08001d1e   0x08001d1e   0x00000002   PAD
    0x08001d20   0x08001d20   0x00000044   Code   RO         2186    i.HAL_TIM_PWM_Start  stm32f4xx_hal_tim.o
    0x08001d64   0x08001d64   0x00000014   Code   RO           14    i.HAL_TIM_PeriodElapsedCallback  main.o
    0x08001d78   0x08001d78   0x00000002   Code   RO         2197    i.HAL_TIM_TriggerCallback  stm32f4xx_hal_tim.o
    0x08001d7a   0x08001d7a   0x00000002   Code   RO         3058    i.HAL_UART_ErrorCallback  stm32f4xx_hal_uart.o
    0x08001d7c   0x08001d7c   0x00000114   Code   RO         3061    i.HAL_UART_IRQHandler  stm32f4xx_hal_uart.o
    0x08001e90   0x08001e90   0x00000062   Code   RO         3062    i.HAL_UART_Init     stm32f4xx_hal_uart.o
    0x08001ef2   0x08001ef2   0x00000002   PAD
    0x08001ef4   0x08001ef4   0x000000c4   Code   RO          484    i.HAL_UART_MspInit  usart.o
    0x08001fb8   0x08001fb8   0x00000002   Code   RO         3068    i.HAL_UART_RxCpltCallback  stm32f4xx_hal_uart.o
    0x08001fba   0x08001fba   0x000000ba   Code   RO         3070    i.HAL_UART_Transmit  stm32f4xx_hal_uart.o
    0x08002074   0x08002074   0x00000002   Code   RO         3073    i.HAL_UART_TxCpltCallback  stm32f4xx_hal_uart.o
    0x08002076   0x08002076   0x00000002   Code   RO          537    i.HardFault_Handler  stm32f4xx_it.o
    0x08002078   0x08002078   0x00000044   Code   RO          238    i.MX_CAN1_Init      can.o
    0x080020bc   0x080020bc   0x00000044   Code   RO          239    i.MX_CAN2_Init      can.o
    0x08002100   0x08002100   0x00000068   Code   RO          285    i.MX_FREERTOS_Init  freertos.o
    0x08002168   0x08002168   0x000000fc   Code   RO          212    i.MX_GPIO_Init      gpio.o
    0x08002264   0x08002264   0x000000ac   Code   RO          438    i.MX_TIM2_Init      tim.o
    0x08002310   0x08002310   0x00000038   Code   RO          485    i.MX_USART1_UART_Init  usart.o
    0x08002348   0x08002348   0x00000038   Code   RO          486    i.MX_USART6_UART_Init  usart.o
    0x08002380   0x08002380   0x00000002   Code   RO          538    i.MemManage_Handler  stm32f4xx_it.o
    0x08002382   0x08002382   0x00000002   Code   RO          539    i.NMI_Handler       stm32f4xx_it.o
    0x08002384   0x08002384   0x00000008   Code   RO          286    i.StartDefaultTask  freertos.o
    0x0800238c   0x0800238c   0x0000002c   Code   RO         4589    i.SysTick_Handler   port.o
    0x080023b8   0x080023b8   0x00000088   Code   RO           15    i.SystemClock_Config  main.o
    0x08002440   0x08002440   0x0000001c   Code   RO         3364    i.SystemInit        system_stm32f4xx.o
    0x0800245c   0x0800245c   0x0000000c   Code   RO          540    i.TIM2_IRQHandler   stm32f4xx_it.o
    0x08002468   0x08002468   0x0000000c   Code   RO          541    i.TIM5_IRQHandler   stm32f4xx_it.o
    0x08002474   0x08002474   0x000000c8   Code   RO         2199    i.TIM_Base_SetConfig  stm32f4xx_hal_tim.o
    0x0800253c   0x0800253c   0x0000001a   Code   RO         2200    i.TIM_CCxChannelCmd  stm32f4xx_hal_tim.o
    0x08002556   0x08002556   0x00000014   Code   RO         2210    i.TIM_ETR_SetConfig  stm32f4xx_hal_tim.o
    0x0800256a   0x0800256a   0x00000010   Code   RO         2211    i.TIM_ITRx_SetConfig  stm32f4xx_hal_tim.o
    0x0800257a   0x0800257a   0x00000002   PAD
    0x0800257c   0x0800257c   0x00000060   Code   RO         2212    i.TIM_OC1_SetConfig  stm32f4xx_hal_tim.o
    0x080025dc   0x080025dc   0x0000006c   Code   RO         2213    i.TIM_OC2_SetConfig  stm32f4xx_hal_tim.o
    0x08002648   0x08002648   0x00000068   Code   RO         2214    i.TIM_OC3_SetConfig  stm32f4xx_hal_tim.o
    0x080026b0   0x080026b0   0x00000050   Code   RO         2215    i.TIM_OC4_SetConfig  stm32f4xx_hal_tim.o
    0x08002700   0x08002700   0x00000022   Code   RO         2217    i.TIM_TI1_ConfigInputStage  stm32f4xx_hal_tim.o
    0x08002722   0x08002722   0x00000024   Code   RO         2219    i.TIM_TI2_ConfigInputStage  stm32f4xx_hal_tim.o
    0x08002746   0x08002746   0x00000010   Code   RO         3075    i.UART_DMAAbortOnError  stm32f4xx_hal_uart.o
    0x08002756   0x08002756   0x0000001c   Code   RO         3085    i.UART_EndRxTransfer  stm32f4xx_hal_uart.o
    0x08002772   0x08002772   0x00000096   Code   RO         3087    i.UART_Receive_IT   stm32f4xx_hal_uart.o
    0x08002808   0x08002808   0x00000128   Code   RO         3088    i.UART_SetConfig    stm32f4xx_hal_uart.o
    0x08002930   0x08002930   0x00000062   Code   RO         3089    i.UART_Transmit_IT  stm32f4xx_hal_uart.o
    0x08002992   0x08002992   0x00000064   Code   RO         3090    i.UART_WaitOnFlagUntilTimeout  stm32f4xx_hal_uart.o
    0x080029f6   0x080029f6   0x00000002   PAD
    0x080029f8   0x080029f8   0x0000000c   Code   RO          542    i.USART1_IRQHandler  stm32f4xx_it.o
    0x08002a04   0x08002a04   0x0000000c   Code   RO          543    i.USART6_IRQHandler  stm32f4xx_it.o
    0x08002a10   0x08002a10   0x00000002   Code   RO          544    i.UsageFault_Handler  stm32f4xx_it.o
    0x08002a12   0x08002a12   0x00000020   Code   RO         1722    i.__NVIC_SetPriority  stm32f4xx_hal_cortex.o
    0x08002a32   0x08002a32   0x0000000e   Code   RO         4983    i.__scatterload_copy  mc_w.l(handlers.o)
    0x08002a40   0x08002a40   0x00000002   Code   RO         4984    i.__scatterload_null  mc_w.l(handlers.o)
    0x08002a42   0x08002a42   0x0000000e   Code   RO         4985    i.__scatterload_zeroinit  mc_w.l(handlers.o)
    0x08002a50   0x08002a50   0x0000002a   Code   RO         4743    i.abs_limit         pid.o
    0x08002a7a   0x08002a7a   0x00000002   PAD
    0x08002a7c   0x08002a7c   0x0000003c   Code   RO         4669    i.can1Init          bsp_can.o
    0x08002ab8   0x08002ab8   0x0000003c   Code   RO         4670    i.can2Init          bsp_can.o
    0x08002af4   0x08002af4   0x0000006c   Code   RO         4671    i.get_moto_measure  bsp_can.o
    0x08002b60   0x08002b60   0x0000002a   Code   RO           16    i.main              main.o
    0x08002b8a   0x08002b8a   0x0000000c   Code   RO         4160    i.makeFreeRtosPriority  cmsis_os.o
    0x08002b96   0x08002b96   0x00000002   PAD
    0x08002b98   0x08002b98   0x00000290   Code   RO         4881    i.moveTaskFunction  mytask.o
    0x08002e28   0x08002e28   0x00000134   Code   RO         4882    i.msgSendTaskFunction  mytask.o
    0x08002f5c   0x08002f5c   0x0000000e   Code   RO         4162    i.osDelay           cmsis_os.o
    0x08002f6a   0x08002f6a   0x0000000a   Code   RO         4165    i.osKernelStart     cmsis_os.o
    0x08002f74   0x08002f74   0x00000054   Code   RO         4199    i.osThreadCreate    cmsis_os.o
    0x08002fc8   0x08002fc8   0x000001c4   Code   RO         4744    i.pid_calc          pid.o
    0x0800318c   0x0800318c   0x00000070   Code   RO         3857    i.prvAddCurrentTaskToDelayedList  tasks.o
    0x080031fc   0x080031fc   0x000000d0   Code   RO         3858    i.prvAddNewTaskToReadyList  tasks.o
    0x080032cc   0x080032cc   0x00000034   Code   RO         3859    i.prvDeleteTCB      tasks.o
    0x08003300   0x08003300   0x0000004c   Code   RO         4527    i.prvHeapInit       heap_4.o
    0x0800334c   0x0800334c   0x00000060   Code   RO         3860    i.prvIdleTask       tasks.o
    0x080033ac   0x080033ac   0x0000008e   Code   RO         3861    i.prvInitialiseNewTask  tasks.o
    0x0800343a   0x0800343a   0x00000002   PAD
    0x0800343c   0x0800343c   0x0000004c   Code   RO         4528    i.prvInsertBlockIntoFreeList  heap_4.o
    0x08003488   0x08003488   0x00000020   Code   RO         3862    i.prvResetNextTaskUnblockTime  tasks.o
    0x080034a8   0x080034a8   0x00000028   Code   RO         4590    i.prvTaskExitError  port.o
    0x080034d0   0x080034d0   0x000000d8   Code   RO         4529    i.pvPortMalloc      heap_4.o
    0x080035a8   0x080035a8   0x0000002c   Code   RO         4591    i.pxPortInitialiseStack  port.o
    0x080035d4   0x080035d4   0x00000012   Code   RO         4817    i.rc_device_get_state  rc.o
    0x080035e6   0x080035e6   0x00000002   PAD
    0x080035e8   0x080035e8   0x00000080   Code   RO         4883    i.rescueTaskeFunction  mytask.o
    0x08003668   0x08003668   0x0000004e   Code   RO         4674    i.setMotoSpeed      bsp_can.o
    0x080036b6   0x080036b6   0x00000002   PAD
    0x080036b8   0x080036b8   0x0000001c   Code   RO         4675    i.userCanInit       bsp_can.o
    0x080036d4   0x080036d4   0x00000026   Code   RO         3502    i.uxListRemove      list.o
    0x080036fa   0x080036fa   0x00000002   PAD
    0x080036fc   0x080036fc   0x00000014   Code   RO          287    i.vApplicationGetIdleTaskMemory  freertos.o
    0x08003710   0x08003710   0x00000016   Code   RO         3503    i.vListInitialise   list.o
    0x08003726   0x08003726   0x00000006   Code   RO         3504    i.vListInitialiseItem  list.o
    0x0800372c   0x0800372c   0x00000030   Code   RO         3505    i.vListInsert       list.o
    0x0800375c   0x0800375c   0x00000018   Code   RO         3506    i.vListInsertEnd    list.o
    0x08003774   0x08003774   0x00000040   Code   RO         4593    i.vPortEnterCritical  port.o
    0x080037b4   0x080037b4   0x00000028   Code   RO         4594    i.vPortExitCritical  port.o
    0x080037dc   0x080037dc   0x0000005c   Code   RO         4530    i.vPortFree         heap_4.o
    0x08003838   0x08003838   0x00000024   Code   RO         4595    i.vPortSetupTimerInterrupt  port.o
    0x0800385c   0x0800385c   0x0000004c   Code   RO         3870    i.vTaskDelay        tasks.o
    0x080038a8   0x080038a8   0x0000006c   Code   RO         3883    i.vTaskStartScheduler  tasks.o
    0x08003914   0x08003914   0x00000010   Code   RO         3885    i.vTaskSuspendAll   tasks.o
    0x08003924   0x08003924   0x0000005c   Code   RO         3886    i.vTaskSwitchContext  tasks.o
    0x08003980   0x08003980   0x000000f4   Code   RO         4597    i.xPortStartScheduler  port.o
    0x08003a74   0x08003a74   0x0000005a   Code   RO         3888    i.xTaskCreate       tasks.o
    0x08003ace   0x08003ace   0x00000056   Code   RO         3889    i.xTaskCreateStatic  tasks.o
    0x08003b24   0x08003b24   0x000000c8   Code   RO         3896    i.xTaskIncrementTick  tasks.o
    0x08003bec   0x08003bec   0x000000c4   Code   RO         3902    i.xTaskResumeAll    tasks.o
    0x08003cb0   0x08003cb0   0x00000070   Data   RO          289    .constdata          freertos.o
    0x08003d20   0x08003d20   0x00000010   Data   RO         3365    .constdata          system_stm32f4xx.o
    0x08003d30   0x08003d30   0x00000008   Data   RO         3366    .constdata          system_stm32f4xx.o
    0x08003d38   0x08003d38   0x00000030   Data   RO          290    .conststring        freertos.o
    0x08003d68   0x08003d68   0x00000020   Data   RO         4981    Region$$Table       anon$$obj.o


    Execution Region RW_IRAM1 (Exec base: 0x20000000, Load base: 0x08003d88, Size: 0x00004b50, Max: 0x00030000, ABSOLUTE)

    Exec Addr    Load Addr    Size         Type   Attr      Idx    E Section Name        Object

    0x20000000   0x08003d88   0x00000004   Data   RW          241    .data               can.o
    0x20000004   0x08003d8c   0x00000010   Data   RW          291    .data               freertos.o
    0x20000014   0x08003d9c   0x0000000c   Data   RW         1868    .data               stm32f4xx_hal.o
    0x20000020   0x08003da8   0x00000004   Data   RW         3367    .data               system_stm32f4xx.o
    0x20000024   0x08003dac   0x0000003c   Data   RW         3905    .data               tasks.o
    0x20000060   0x08003de8   0x00000018   Data   RW         4535    .data               heap_4.o
    0x20000078   0x08003e00   0x0000000c   Data   RW         4598    .data               port.o
    0x20000084   0x08003e0c   0x00000008   Data   RW         4677    .data               bsp_can.o
    0x2000008c   0x08003e14   0x00000007   Data   RW         4820    .data               rc.o
    0x20000093   0x08003e1b   0x00000001   PAD
    0x20000094   0x08003e1c   0x00000014   Data   RW         4885    .data               mytask.o
    0x200000a8        -       0x00000050   Zero   RW          240    .bss                can.o
    0x200000f8        -       0x00000254   Zero   RW          288    .bss                freertos.o
    0x2000034c        -       0x00000040   Zero   RW          399    .bss                stm32f4xx_hal_timebase_tim.o
    0x2000038c        -       0x00000040   Zero   RW          439    .bss                tim.o
    0x200003cc        -       0x00000080   Zero   RW          487    .bss                usart.o
    0x2000044c        -       0x000000f0   Zero   RW         3904    .bss                tasks.o
    0x2000053c        -       0x00003c00   Zero   RW         4534    .bss                heap_4.o
    0x2000413c        -       0x000001f8   Zero   RW         4676    .bss                bsp_can.o
    0x20004334        -       0x000003cc   Zero   RW         4751    .bss                pid.o
    0x20004700        -       0x0000002c   Zero   RW         4819    .bss                rc.o
    0x2000472c        -       0x00000024   Zero   RW         4884    .bss                mytask.o
    0x20004750        -       0x00000400   Zero   RW            1    STACK               startup_stm32f427xx.o


==============================================================================

Image component sizes


      Code (inc. data)   RO Data    RW Data    ZI Data      Debug   Object Name

       434         42          0          8        504       5013   bsp_can.o
       420         40          0          4         80       2510   can.o
       120          0          0          0          0      22549   cmsis_os.o
         0          0          0          0          0      18184   event_groups.o
       132         12        160         16        596       8195   freertos.o
       252         20          0          0          0       1123   gpio.o
       460         24          0         24      15360       7419   heap_4.o
       138          0          0          0          0       3630   list.o
       200         14          0          0          0     774924   main.o
      1092         80          0         20         36       3189   mytask.o
       494          4          0          0        972       3322   pid.o
       702         72          0         12          0      11232   port.o
        18          0          0          7         44       2741   rc.o
        36          8        428          0       1024        848   startup_stm32f427xx.o
        80         14          0         12          0       8302   stm32f4xx_hal.o
      1638          6          0          0          0      14543   stm32f4xx_hal_can.o
       158         14          0          0          0      33226   stm32f4xx_hal_cortex.o
        36          0          0          0          0       1239   stm32f4xx_hal_dma.o
       488         54          0          0          0       3131   stm32f4xx_hal_gpio.o
        56          4          0          0          0        866   stm32f4xx_hal_msp.o
       112         14          0          0          0       1316   stm32f4xx_hal_pwr_ex.o
      1396         92          0          0          0       5985   stm32f4xx_hal_rcc.o
      1598         90          0          0          0      16755   stm32f4xx_hal_tim.o
       148         28          0          0          0       2513   stm32f4xx_hal_tim_ex.o
       116         16          0          0         64       1435   stm32f4xx_hal_timebase_tim.o
      1254         16          0          0          0       9691   stm32f4xx_hal_uart.o
       108         48          0          0          0       6603   stm32f4xx_it.o
         0          0          0          0          0        392   stream_buffer.o
        28          6         24          4          0       1167   system_stm32f4xx.o
      1506        110          0         60        240      16762   tasks.o
       308         22          0          0         64       2440   tim.o
       308         36          0          0        128       2443   usart.o

    ----------------------------------------------------------------------
     13870        886        644        168      19112     993688   Object Totals
         0          0         32          0          0          0   (incl. Generated)
        34          0          0          1          0          0   (incl. Padding)

    ----------------------------------------------------------------------

      Code (inc. data)   RO Data    RW Data    ZI Data      Debug   Library Member Name

         0          0          0          0          0          0   entry.o
         0          0          0          0          0          0   entry10a.o
         0          0          0          0          0          0   entry11a.o
         8          4          0          0          0          0   entry2.o
         4          0          0          0          0          0   entry5.o
         0          0          0          0          0          0   entry7b.o
         0          0          0          0          0          0   entry8b.o
         8          4          0          0          0          0   entry9a.o
        30          0          0          0          0          0   handlers.o
        36          8          0          0          0         68   init.o
         0          0          0          0          0          0   iusefp.o
        30          0          0          0          0         68   llshl.o
        36          0          0          0          0         68   llsshr.o
        32          0          0          0          0         68   llushr.o
        36          0          0          0          0         68   memcpya.o
        36          0          0          0          0        108   memseta.o
        98          0          0          0          0         92   uldiv.o
       334          0          0          0          0        148   dadd.o
       186          0          0          0          0        176   depilogue.o
        62          0          0          0          0         80   dfixi.o
        34          0          0          0          0         76   dflti.o
       228          0          0          0          0         96   dmul.o
        38          0          0          0          0         68   f2d.o

    ----------------------------------------------------------------------
      1238         16          0          0          0       1184   Library Totals
         2          0          0          0          0          0   (incl. Padding)

    ----------------------------------------------------------------------

      Code (inc. data)   RO Data    RW Data    ZI Data      Debug   Library Name

       354         16          0          0          0        540   mc_w.l
       882          0          0          0          0        644   mf_w.l

    ----------------------------------------------------------------------
      1238         16          0          0          0       1184   Library Totals

    ----------------------------------------------------------------------

==============================================================================


      Code (inc. data)   RO Data    RW Data    ZI Data      Debug   

     15108        902        644        168      19112     979856   Grand Totals
     15108        902        644        168      19112     979856   ELF Image Totals
     15108        902        644        168          0          0   ROM Totals

==============================================================================

    Total RO  Size (Code + RO Data)                15752 (  15.38kB)
    Total RW  Size (RW Data + ZI Data)             19280 (  18.83kB)
    Total ROM Size (Code + RO Data + RW Data)      15920 (  15.55kB)

==============================================================================

